[1.096s] Invoking command in '/home/abhirup/slam_platform/slam_ws/build/evaluator_ros': DEBUGINFOD_URLS=https://debuginfod.ubuntu.com PYTHONPATH=/home/abhirup/slam_platform/slam_ws/build/evaluator_ros/prefix_override:/usr/lib/python3/dist-packages/colcon_core/task/python/colcon_distutils_commands:/home/abhirup/slam_platform/slam_ws/install/evaluator_ros/lib/python3.12/site-packages:${PYTHONPATH} /usr/bin/python3 -W ignore:setup.py install is deprecated -W ignore:easy_install command is deprecated setup.py develop --uninstall --editable --build-directory /home/abhirup/slam_platform/slam_ws/build/evaluator_ros/build
[1.236s] running develop
[1.308s] Removing /home/abhirup/slam_platform/slam_ws/install/evaluator_ros/lib/python3.12/site-packages/evaluator-ros.egg-link (link to .)
[1.323s] Invoked command in '/home/abhirup/slam_platform/slam_ws/build/evaluator_ros' returned '0': DEBUGINFOD_URLS=https://debuginfod.ubuntu.com PYTHONPATH=/home/abhirup/slam_platform/slam_ws/build/evaluator_ros/prefix_override:/usr/lib/python3/dist-packages/colcon_core/task/python/colcon_distutils_commands:/home/abhirup/slam_platform/slam_ws/install/evaluator_ros/lib/python3.12/site-packages:${PYTHONPATH} /usr/bin/python3 -W ignore:setup.py install is deprecated -W ignore:easy_install command is deprecated setup.py develop --uninstall --editable --build-directory /home/abhirup/slam_platform/slam_ws/build/evaluator_ros/build
[1.323s] Invoking command in '/home/abhirup/slam_platform/slam_ws/src/evaluator_ros': DEBUGINFOD_URLS=https://debuginfod.ubuntu.com PYTHONPATH=/home/abhirup/slam_platform/slam_ws/build/evaluator_ros/prefix_override:/usr/lib/python3/dist-packages/colcon_core/task/python/colcon_distutils_commands:/home/abhirup/slam_platform/slam_ws/install/evaluator_ros/lib/python3.12/site-packages:${PYTHONPATH} /usr/bin/python3 -W ignore:setup.py install is deprecated -W ignore:easy_install command is deprecated setup.py egg_info --egg-base ../../build/evaluator_ros build --build-base /home/abhirup/slam_platform/slam_ws/build/evaluator_ros/build install --record /home/abhirup/slam_platform/slam_ws/build/evaluator_ros/install.log --single-version-externally-managed install_data --force
[1.469s] running egg_info
[1.475s] writing ../../build/evaluator_ros/evaluator_ros.egg-info/PKG-INFO
[1.475s] writing dependency_links to ../../build/evaluator_ros/evaluator_ros.egg-info/dependency_links.txt
[1.476s] writing entry points to ../../build/evaluator_ros/evaluator_ros.egg-info/entry_points.txt
[1.476s] writing requirements to ../../build/evaluator_ros/evaluator_ros.egg-info/requires.txt
[1.476s] writing top-level names to ../../build/evaluator_ros/evaluator_ros.egg-info/top_level.txt
[1.489s] reading manifest file '../../build/evaluator_ros/evaluator_ros.egg-info/SOURCES.txt'
[1.489s] writing manifest file '../../build/evaluator_ros/evaluator_ros.egg-info/SOURCES.txt'
[1.489s] running build
[1.490s] running build_py
[1.490s] copying evaluator_ros/pose_comparator.py -> /home/abhirup/slam_platform/slam_ws/build/evaluator_ros/build/lib/evaluator_ros
[1.490s] copying evaluator_ros/metrics_publisher.py -> /home/abhirup/slam_platform/slam_ws/build/evaluator_ros/build/lib/evaluator_ros
[1.490s] copying evaluator_ros/resource_monitor.py -> /home/abhirup/slam_platform/slam_ws/build/evaluator_ros/build/lib/evaluator_ros
[1.490s] copying evaluator_ros/trajectory_evaluator.py -> /home/abhirup/slam_platform/slam_ws/build/evaluator_ros/build/lib/evaluator_ros
[1.490s] running install
[1.493s] running install_lib
[1.500s] creating /home/abhirup/slam_platform/slam_ws/install/evaluator_ros/lib/python3.12/site-packages/evaluator_ros
[1.500s] copying /home/abhirup/slam_platform/slam_ws/build/evaluator_ros/build/lib/evaluator_ros/pose_comparator.py -> /home/abhirup/slam_platform/slam_ws/install/evaluator_ros/lib/python3.12/site-packages/evaluator_ros
[1.500s] copying /home/abhirup/slam_platform/slam_ws/build/evaluator_ros/build/lib/evaluator_ros/__init__.py -> /home/abhirup/slam_platform/slam_ws/install/evaluator_ros/lib/python3.12/site-packages/evaluator_ros
[1.500s] copying /home/abhirup/slam_platform/slam_ws/build/evaluator_ros/build/lib/evaluator_ros/metrics_publisher.py -> /home/abhirup/slam_platform/slam_ws/install/evaluator_ros/lib/python3.12/site-packages/evaluator_ros
[1.500s] copying /home/abhirup/slam_platform/slam_ws/build/evaluator_ros/build/lib/evaluator_ros/resource_monitor.py -> /home/abhirup/slam_platform/slam_ws/install/evaluator_ros/lib/python3.12/site-packages/evaluator_ros
[1.500s] copying /home/abhirup/slam_platform/slam_ws/build/evaluator_ros/build/lib/evaluator_ros/trajectory_evaluator.py -> /home/abhirup/slam_platform/slam_ws/install/evaluator_ros/lib/python3.12/site-packages/evaluator_ros
[1.501s] byte-compiling /home/abhirup/slam_platform/slam_ws/install/evaluator_ros/lib/python3.12/site-packages/evaluator_ros/pose_comparator.py to pose_comparator.cpython-312.pyc
[1.501s] byte-compiling /home/abhirup/slam_platform/slam_ws/install/evaluator_ros/lib/python3.12/site-packages/evaluator_ros/__init__.py to __init__.cpython-312.pyc
[1.501s] byte-compiling /home/abhirup/slam_platform/slam_ws/install/evaluator_ros/lib/python3.12/site-packages/evaluator_ros/metrics_publisher.py to metrics_publisher.cpython-312.pyc
[1.501s] byte-compiling /home/abhirup/slam_platform/slam_ws/install/evaluator_ros/lib/python3.12/site-packages/evaluator_ros/resource_monitor.py to resource_monitor.cpython-312.pyc
[1.501s] byte-compiling /home/abhirup/slam_platform/slam_ws/install/evaluator_ros/lib/python3.12/site-packages/evaluator_ros/trajectory_evaluator.py to trajectory_evaluator.cpython-312.pyc
[1.502s] running install_data
[1.502s] copying resource/evaluator_ros -> /home/abhirup/slam_platform/slam_ws/install/evaluator_ros/share/ament_index/resource_index/packages
[1.502s] copying package.xml -> /home/abhirup/slam_platform/slam_ws/install/evaluator_ros/share/evaluator_ros
[1.502s] creating /home/abhirup/slam_platform/slam_ws/install/evaluator_ros/share/evaluator_ros/launch
[1.502s] copying launch/evaluator.launch.py -> /home/abhirup/slam_platform/slam_ws/install/evaluator_ros/share/evaluator_ros/launch
[1.502s] running install_egg_info
[1.509s] Copying ../../build/evaluator_ros/evaluator_ros.egg-info to /home/abhirup/slam_platform/slam_ws/install/evaluator_ros/lib/python3.12/site-packages/evaluator_ros-0.0.0-py3.12.egg-info
[1.510s] running install_scripts
[1.562s] Installing pose_comparator script to /home/abhirup/slam_platform/slam_ws/install/evaluator_ros/lib/evaluator_ros
[1.562s] Installing resource_monitor script to /home/abhirup/slam_platform/slam_ws/install/evaluator_ros/lib/evaluator_ros
[1.562s] Installing trajectory_evaluator script to /home/abhirup/slam_platform/slam_ws/install/evaluator_ros/lib/evaluator_ros
[1.562s] writing list of installed files to '/home/abhirup/slam_platform/slam_ws/build/evaluator_ros/install.log'
[1.575s] Invoked command in '/home/abhirup/slam_platform/slam_ws/src/evaluator_ros' returned '0': DEBUGINFOD_URLS=https://debuginfod.ubuntu.com PYTHONPATH=/home/abhirup/slam_platform/slam_ws/build/evaluator_ros/prefix_override:/usr/lib/python3/dist-packages/colcon_core/task/python/colcon_distutils_commands:/home/abhirup/slam_platform/slam_ws/install/evaluator_ros/lib/python3.12/site-packages:${PYTHONPATH} /usr/bin/python3 -W ignore:setup.py install is deprecated -W ignore:easy_install command is deprecated setup.py egg_info --egg-base ../../build/evaluator_ros build --build-base /home/abhirup/slam_platform/slam_ws/build/evaluator_ros/build install --record /home/abhirup/slam_platform/slam_ws/build/evaluator_ros/install.log --single-version-externally-managed install_data --force
