[1.117s] Invoking command in '/home/abhirup/slam_platform/slam_ws/build/experiment_manager': DEBUGINFOD_URLS=https://debuginfod.ubuntu.com PYTHONPATH=/home/abhirup/slam_platform/slam_ws/build/experiment_manager/prefix_override:/usr/lib/python3/dist-packages/colcon_core/task/python/colcon_distutils_commands:/home/abhirup/slam_platform/slam_ws/install/experiment_manager/lib/python3.12/site-packages:${PYTHONPATH} /usr/bin/python3 -W ignore:setup.py install is deprecated -W ignore:easy_install command is deprecated setup.py develop --uninstall --editable --build-directory /home/abhirup/slam_platform/slam_ws/build/experiment_manager/build
[1.258s] running develop
[1.333s] Removing /home/abhirup/slam_platform/slam_ws/install/experiment_manager/lib/python3.12/site-packages/experiment-manager.egg-link (link to .)
[1.349s] Invoked command in '/home/abhirup/slam_platform/slam_ws/build/experiment_manager' returned '0': DEBUGINFOD_URLS=https://debuginfod.ubuntu.com PYTHONPATH=/home/abhirup/slam_platform/slam_ws/build/experiment_manager/prefix_override:/usr/lib/python3/dist-packages/colcon_core/task/python/colcon_distutils_commands:/home/abhirup/slam_platform/slam_ws/install/experiment_manager/lib/python3.12/site-packages:${PYTHONPATH} /usr/bin/python3 -W ignore:setup.py install is deprecated -W ignore:easy_install command is deprecated setup.py develop --uninstall --editable --build-directory /home/abhirup/slam_platform/slam_ws/build/experiment_manager/build
[1.350s] Invoking command in '/home/abhirup/slam_platform/slam_ws/src/experiment_manager': DEBUGINFOD_URLS=https://debuginfod.ubuntu.com PYTHONPATH=/home/abhirup/slam_platform/slam_ws/build/experiment_manager/prefix_override:/usr/lib/python3/dist-packages/colcon_core/task/python/colcon_distutils_commands:/home/abhirup/slam_platform/slam_ws/install/experiment_manager/lib/python3.12/site-packages:${PYTHONPATH} /usr/bin/python3 -W ignore:setup.py install is deprecated -W ignore:easy_install command is deprecated setup.py egg_info --egg-base ../../build/experiment_manager build --build-base /home/abhirup/slam_platform/slam_ws/build/experiment_manager/build install --record /home/abhirup/slam_platform/slam_ws/build/experiment_manager/install.log --single-version-externally-managed install_data --force
[1.463s] running egg_info
[1.470s] writing ../../build/experiment_manager/experiment_manager.egg-info/PKG-INFO
[1.470s] writing dependency_links to ../../build/experiment_manager/experiment_manager.egg-info/dependency_links.txt
[1.470s] writing requirements to ../../build/experiment_manager/experiment_manager.egg-info/requires.txt
[1.471s] writing top-level names to ../../build/experiment_manager/experiment_manager.egg-info/top_level.txt
[1.485s] reading manifest file '../../build/experiment_manager/experiment_manager.egg-info/SOURCES.txt'
[1.485s] writing manifest file '../../build/experiment_manager/experiment_manager.egg-info/SOURCES.txt'
[1.485s] running build
[1.485s] running build_py
[1.485s] creating /home/abhirup/slam_platform/slam_ws/build/experiment_manager/build
[1.485s] creating /home/abhirup/slam_platform/slam_ws/build/experiment_manager/build/lib
[1.485s] creating /home/abhirup/slam_platform/slam_ws/build/experiment_manager/build/lib/experiment_manager
[1.485s] copying experiment_manager/__init__.py -> /home/abhirup/slam_platform/slam_ws/build/experiment_manager/build/lib/experiment_manager
[1.485s] running install
[1.488s] running install_lib
[1.495s] creating /home/abhirup/slam_platform/slam_ws/install/experiment_manager/lib/python3.12/site-packages/experiment_manager
[1.495s] copying /home/abhirup/slam_platform/slam_ws/build/experiment_manager/build/lib/experiment_manager/__init__.py -> /home/abhirup/slam_platform/slam_ws/install/experiment_manager/lib/python3.12/site-packages/experiment_manager
[1.496s] byte-compiling /home/abhirup/slam_platform/slam_ws/install/experiment_manager/lib/python3.12/site-packages/experiment_manager/__init__.py to __init__.cpython-312.pyc
[1.496s] running install_data
[1.496s] copying resource/experiment_manager -> /home/abhirup/slam_platform/slam_ws/install/experiment_manager/share/ament_index/resource_index/packages
[1.496s] copying package.xml -> /home/abhirup/slam_platform/slam_ws/install/experiment_manager/share/experiment_manager
[1.496s] running install_egg_info
[1.504s] Copying ../../build/experiment_manager/experiment_manager.egg-info to /home/abhirup/slam_platform/slam_ws/install/experiment_manager/lib/python3.12/site-packages/experiment_manager-0.0.0-py3.12.egg-info
[1.504s] running install_scripts
[1.559s] writing list of installed files to '/home/abhirup/slam_platform/slam_ws/build/experiment_manager/install.log'
[1.577s] Invoked command in '/home/abhirup/slam_platform/slam_ws/src/experiment_manager' returned '0': DEBUGINFOD_URLS=https://debuginfod.ubuntu.com PYTHONPATH=/home/abhirup/slam_platform/slam_ws/build/experiment_manager/prefix_override:/usr/lib/python3/dist-packages/colcon_core/task/python/colcon_distutils_commands:/home/abhirup/slam_platform/slam_ws/install/experiment_manager/lib/python3.12/site-packages:${PYTHONPATH} /usr/bin/python3 -W ignore:setup.py install is deprecated -W ignore:easy_install command is deprecated setup.py egg_info --egg-base ../../build/experiment_manager build --build-base /home/abhirup/slam_platform/slam_ws/build/experiment_manager/build install --record /home/abhirup/slam_platform/slam_ws/build/experiment_manager/install.log --single-version-externally-managed install_data --force
