-- Found ament_cmake: 2.5.6 (/opt/ros/jazzy/share/ament_cmake/cmake)
-- Override CMake install command with custom implementation using symlinks instead of copying resources
-- Found rosidl_default_generators: 1.6.1 (/opt/ros/jazzy/share/rosidl_default_generators/cmake)
-- Using all available rosidl_typesupport_c: rosidl_typesupport_fastrtps_c;rosidl_typesupport_introspection_c
-- Using all available rosidl_typesupport_cpp: rosidl_typesupport_fastrtps_cpp;rosidl_typesupport_introspection_cpp
-- Found rosidl_adapter: 4.6.9 (/opt/ros/jazzy/share/rosidl_adapter/cmake)
-- Found std_msgs: 5.3.8 (/opt/ros/jazzy/share/std_msgs/cmake)
-- Found ament_cmake_ros: 0.12.1 (/opt/ros/jazzy/share/ament_cmake_ros/cmake)
-- Using all available rosidl_typesupport_c: rosidl_typesupport_fastrtps_c;rosidl_typesupport_introspection_c
-- Using all available rosidl_typesupport_cpp: rosidl_typesupport_fastrtps_cpp;rosidl_typesupport_introspection_cpp
-- Found python_cmake_module: 0.11.1 (/opt/ros/jazzy/share/python_cmake_module/cmake)
-- Found PythonExtra: /usr/bin/python3  
-- Found Python3: /usr/bin/python3 (found version "3.12.3") found components: Interpreter Development NumPy Development.Module Development.Embed 
-- Found Python3: /usr/bin/python3 (found version "3.12.3") found components: Interpreter 
-- Configuring done (1.7s)
-- Generating done (0.0s)
-- Build files have been written to: /home/abhirup/slam_platform/slam_ws/build/slam_interfaces
[  2%] [34m[1mGenerating Rust code for ROS interfaces[0m
[  5%] [34m[1mGenerating type hashes for ROS interfaces[0m
[  5%] Built target ament_cmake_python_symlink_slam_interfaces
running egg_info
creating slam_interfaces.egg-info
[  5%] Built target slam_interfaces__rosidl_generator_type_description
writing slam_interfaces.egg-info/PKG-INFO
writing dependency_links to slam_interfaces.egg-info/dependency_links.txt
writing top-level names to slam_interfaces.egg-info/top_level.txt
writing manifest file 'slam_interfaces.egg-info/SOURCES.txt'
[  8%] [34m[1mGenerating C code for ROS interfaces[0m
[  8%] Built target slam_interfaces__rs
[ 11%] [34m[1mGenerating C++ code for ROS interfaces[0m
reading manifest file 'slam_interfaces.egg-info/SOURCES.txt'
writing manifest file 'slam_interfaces.egg-info/SOURCES.txt'
[ 11%] Built target ament_cmake_python_build_slam_interfaces_egg
[ 11%] Built target slam_interfaces__cpp
[ 14%] [32mBuilding C object CMakeFiles/slam_interfaces__rosidl_generator_c.dir/rosidl_generator_c/slam_interfaces/msg/detail/slam_metrics__description.c.o[0m
[ 20%] [32mBuilding C object CMakeFiles/slam_interfaces__rosidl_generator_c.dir/rosidl_generator_c/slam_interfaces/msg/detail/slam_metrics__type_support.c.o[0m
[ 20%] [32mBuilding C object CMakeFiles/slam_interfaces__rosidl_generator_c.dir/rosidl_generator_c/slam_interfaces/msg/detail/slam_metrics__functions.c.o[0m
[ 22%] [32m[1mLinking C shared library libslam_interfaces__rosidl_generator_c.so[0m
[ 22%] Built target slam_interfaces__rosidl_generator_c
[ 40%] [34m[1mGenerating C++ introspection for ROS interfaces[0m
[ 40%] [34m[1mGenerating C type support for eProsima Fast-RTPS[0m
[ 40%] [34m[1mGenerating C++ type support for eProsima Fast-RTPS[0m
[ 40%] [34m[1mGenerating C type support dispatch for ROS interfaces[0m
[ 40%] [34m[1mGenerating C++ type support dispatch for ROS interfaces[0m
[ 40%] [34m[1mGenerating C introspection for ROS interfaces[0m
[ 42%] [32mBuilding CXX object CMakeFiles/slam_interfaces__rosidl_typesupport_c.dir/rosidl_typesupport_c/slam_interfaces/msg/slam_metrics__type_support.cpp.o[0m
[ 45%] [32mBuilding CXX object CMakeFiles/slam_interfaces__rosidl_typesupport_introspection_cpp.dir/rosidl_typesupport_introspection_cpp/slam_interfaces/msg/detail/slam_metrics__type_support.cpp.o[0m
[ 48%] [32mBuilding C object CMakeFiles/slam_interfaces__rosidl_typesupport_introspection_c.dir/rosidl_typesupport_introspection_c/slam_interfaces/msg/detail/slam_metrics__type_support.c.o[0m
[ 51%] [32mBuilding CXX object CMakeFiles/slam_interfaces__rosidl_typesupport_cpp.dir/rosidl_typesupport_cpp/slam_interfaces/msg/slam_metrics__type_support.cpp.o[0m
[ 54%] [32mBuilding CXX object CMakeFiles/slam_interfaces__rosidl_typesupport_fastrtps_c.dir/rosidl_typesupport_fastrtps_c/slam_interfaces/msg/detail/slam_metrics__type_support_c.cpp.o[0m
[ 57%] [32mBuilding CXX object CMakeFiles/slam_interfaces__rosidl_typesupport_fastrtps_cpp.dir/rosidl_typesupport_fastrtps_cpp/slam_interfaces/msg/detail/dds_fastrtps/slam_metrics__type_support.cpp.o[0m
[ 60%] [32m[1mLinking CXX shared library libslam_interfaces__rosidl_typesupport_c.so[0m
[ 62%] [32m[1mLinking C shared library libslam_interfaces__rosidl_typesupport_introspection_c.so[0m
[ 62%] Built target slam_interfaces__rosidl_typesupport_c
[ 62%] Built target slam_interfaces__rosidl_typesupport_introspection_c
[ 65%] [32m[1mLinking CXX shared library libslam_interfaces__rosidl_typesupport_introspection_cpp.so[0m
[ 68%] [32m[1mLinking CXX shared library libslam_interfaces__rosidl_typesupport_cpp.so[0m
[ 68%] Built target slam_interfaces__rosidl_typesupport_introspection_cpp
[ 68%] Built target slam_interfaces__rosidl_typesupport_cpp
[ 71%] [32m[1mLinking CXX shared library libslam_interfaces__rosidl_typesupport_fastrtps_cpp.so[0m
[ 74%] [32m[1mLinking CXX shared library libslam_interfaces__rosidl_typesupport_fastrtps_c.so[0m
[ 74%] Built target slam_interfaces__rosidl_typesupport_fastrtps_cpp
[ 74%] Built target slam_interfaces__rosidl_typesupport_fastrtps_c
[ 74%] Built target slam_interfaces
[ 77%] [34m[1mGenerating Python code for ROS interfaces[0m
[ 77%] Built target slam_interfaces__py
[ 80%] [32mBuilding C object CMakeFiles/slam_interfaces__rosidl_generator_py.dir/rosidl_generator_py/slam_interfaces/msg/_slam_metrics_s.c.o[0m
[ 82%] [32m[1mLinking C shared library libslam_interfaces__rosidl_generator_py.so[0m
[ 82%] Built target slam_interfaces__rosidl_generator_py
[ 85%] [32mBuilding C object CMakeFiles/slam_interfaces_s__rosidl_typesupport_introspection_c.dir/rosidl_generator_py/slam_interfaces/_slam_interfaces_s.ep.rosidl_typesupport_introspection_c.c.o[0m
[ 88%] [32mBuilding C object CMakeFiles/slam_interfaces_s__rosidl_typesupport_c.dir/rosidl_generator_py/slam_interfaces/_slam_interfaces_s.ep.rosidl_typesupport_c.c.o[0m
[ 91%] [32mBuilding C object CMakeFiles/slam_interfaces_s__rosidl_typesupport_fastrtps_c.dir/rosidl_generator_py/slam_interfaces/_slam_interfaces_s.ep.rosidl_typesupport_fastrtps_c.c.o[0m
[ 94%] [32m[1mLinking C shared module rosidl_generator_py/slam_interfaces/slam_interfaces_s__rosidl_typesupport_introspection_c.so[0m
[ 97%] [32m[1mLinking C shared module rosidl_generator_py/slam_interfaces/slam_interfaces_s__rosidl_typesupport_fastrtps_c.so[0m
[100%] [32m[1mLinking C shared module rosidl_generator_py/slam_interfaces/slam_interfaces_s__rosidl_typesupport_c.so[0m
[100%] Built target slam_interfaces_s__rosidl_typesupport_introspection_c
[100%] Built target slam_interfaces_s__rosidl_typesupport_c
[100%] Built target slam_interfaces_s__rosidl_typesupport_fastrtps_c
-- Install configuration: ""
-- Execute custom install script
-- Symlinking: /home/abhirup/slam_platform/slam_ws/install/slam_interfaces/share/ament_index/resource_index/rosidl_interfaces/slam_interfaces
-- Symlinking: /home/abhirup/slam_platform/slam_ws/install/slam_interfaces/share/slam_interfaces/msg/SLAMMetrics.json
-- Symlinking: /home/abhirup/slam_platform/slam_ws/install/slam_interfaces/include/slam_interfaces/slam_interfaces/msg/detail/slam_metrics__functions.h
-- Symlinking: /home/abhirup/slam_platform/slam_ws/install/slam_interfaces/include/slam_interfaces/slam_interfaces/msg/detail/slam_metrics__struct.h
-- Symlinking: /home/abhirup/slam_platform/slam_ws/install/slam_interfaces/include/slam_interfaces/slam_interfaces/msg/detail/slam_metrics__type_support.h
-- Symlinking: /home/abhirup/slam_platform/slam_ws/install/slam_interfaces/include/slam_interfaces/slam_interfaces/msg/rosidl_generator_c__visibility_control.h
-- Symlinking: /home/abhirup/slam_platform/slam_ws/install/slam_interfaces/include/slam_interfaces/slam_interfaces/msg/slam_metrics.h
-- Symlinking: /home/abhirup/slam_platform/slam_ws/install/slam_interfaces/share/slam_interfaces/environment/library_path.sh
-- Symlinking: /home/abhirup/slam_platform/slam_ws/install/slam_interfaces/share/slam_interfaces/environment/library_path.dsv
-- Symlinking: /home/abhirup/slam_platform/slam_ws/install/slam_interfaces/include/slam_interfaces/slam_interfaces/msg/detail/slam_metrics__rosidl_typesupport_fastrtps_c.h
-- Symlinking: /home/abhirup/slam_platform/slam_ws/install/slam_interfaces/include/slam_interfaces/slam_interfaces/msg/rosidl_typesupport_fastrtps_c__visibility_control.h
-- Symlinking: /home/abhirup/slam_platform/slam_ws/install/slam_interfaces/include/slam_interfaces/slam_interfaces/msg/detail/slam_metrics__rosidl_typesupport_introspection_c.h
-- Symlinking: /home/abhirup/slam_platform/slam_ws/install/slam_interfaces/include/slam_interfaces/slam_interfaces/msg/rosidl_typesupport_introspection_c__visibility_control.h
-- Symlinking: /home/abhirup/slam_platform/slam_ws/install/slam_interfaces/include/slam_interfaces/slam_interfaces/msg/detail/slam_metrics__builder.hpp
-- Symlinking: /home/abhirup/slam_platform/slam_ws/install/slam_interfaces/include/slam_interfaces/slam_interfaces/msg/detail/slam_metrics__struct.hpp
-- Symlinking: /home/abhirup/slam_platform/slam_ws/install/slam_interfaces/include/slam_interfaces/slam_interfaces/msg/detail/slam_metrics__traits.hpp
-- Symlinking: /home/abhirup/slam_platform/slam_ws/install/slam_interfaces/include/slam_interfaces/slam_interfaces/msg/detail/slam_metrics__type_support.hpp
-- Symlinking: /home/abhirup/slam_platform/slam_ws/install/slam_interfaces/include/slam_interfaces/slam_interfaces/msg/rosidl_generator_cpp__visibility_control.hpp
-- Symlinking: /home/abhirup/slam_platform/slam_ws/install/slam_interfaces/include/slam_interfaces/slam_interfaces/msg/slam_metrics.hpp
-- Symlinking: /home/abhirup/slam_platform/slam_ws/install/slam_interfaces/include/slam_interfaces/slam_interfaces/msg/detail/slam_metrics__rosidl_typesupport_fastrtps_cpp.hpp
-- Symlinking: /home/abhirup/slam_platform/slam_ws/install/slam_interfaces/include/slam_interfaces/slam_interfaces/msg/rosidl_typesupport_fastrtps_cpp__visibility_control.h
-- Symlinking: /home/abhirup/slam_platform/slam_ws/install/slam_interfaces/include/slam_interfaces/slam_interfaces/msg/detail/slam_metrics__rosidl_typesupport_introspection_cpp.hpp
-- Symlinking: /home/abhirup/slam_platform/slam_ws/install/slam_interfaces/share/slam_interfaces/environment/pythonpath.sh
-- Symlinking: /home/abhirup/slam_platform/slam_ws/install/slam_interfaces/share/slam_interfaces/environment/pythonpath.dsv
-- Symlinking: /home/abhirup/slam_platform/slam_ws/install/slam_interfaces/lib/python3.12/site-packages/slam_interfaces-0.0.0-py3.12.egg-info/PKG-INFO
-- Symlinking: /home/abhirup/slam_platform/slam_ws/install/slam_interfaces/lib/python3.12/site-packages/slam_interfaces-0.0.0-py3.12.egg-info/SOURCES.txt
-- Symlinking: /home/abhirup/slam_platform/slam_ws/install/slam_interfaces/lib/python3.12/site-packages/slam_interfaces-0.0.0-py3.12.egg-info/dependency_links.txt
-- Symlinking: /home/abhirup/slam_platform/slam_ws/install/slam_interfaces/lib/python3.12/site-packages/slam_interfaces-0.0.0-py3.12.egg-info/top_level.txt
-- Symlinking: /home/abhirup/slam_platform/slam_ws/install/slam_interfaces/lib/python3.12/site-packages/slam_interfaces/__init__.py
-- Symlinking: /home/abhirup/slam_platform/slam_ws/install/slam_interfaces/lib/python3.12/site-packages/slam_interfaces/_slam_interfaces_s.ep.rosidl_typesupport_c.c
-- Symlinking: /home/abhirup/slam_platform/slam_ws/install/slam_interfaces/lib/python3.12/site-packages/slam_interfaces/_slam_interfaces_s.ep.rosidl_typesupport_fastrtps_c.c
-- Symlinking: /home/abhirup/slam_platform/slam_ws/install/slam_interfaces/lib/python3.12/site-packages/slam_interfaces/_slam_interfaces_s.ep.rosidl_typesupport_introspection_c.c
-- Symlinking: /home/abhirup/slam_platform/slam_ws/install/slam_interfaces/lib/python3.12/site-packages/slam_interfaces/msg/__init__.py
-- Symlinking: /home/abhirup/slam_platform/slam_ws/install/slam_interfaces/lib/python3.12/site-packages/slam_interfaces/msg/_slam_metrics.py
-- Symlinking: /home/abhirup/slam_platform/slam_ws/install/slam_interfaces/lib/python3.12/site-packages/slam_interfaces/msg/_slam_metrics_s.c
-- Symlinking: /home/abhirup/slam_platform/slam_ws/install/slam_interfaces/lib/python3.12/site-packages/slam_interfaces/slam_interfaces_s__rosidl_typesupport_c.so
-- Symlinking: /home/abhirup/slam_platform/slam_ws/install/slam_interfaces/lib/python3.12/site-packages/slam_interfaces/slam_interfaces_s__rosidl_typesupport_fastrtps_c.so
-- Symlinking: /home/abhirup/slam_platform/slam_ws/install/slam_interfaces/lib/python3.12/site-packages/slam_interfaces/slam_interfaces_s__rosidl_typesupport_introspection_c.so
-- Up-to-date symlink: /home/abhirup/slam_platform/slam_ws/install/slam_interfaces/lib/python3.12/site-packages/slam_interfaces/slam_interfaces_s__rosidl_typesupport_fastrtps_c.so
-- Up-to-date symlink: /home/abhirup/slam_platform/slam_ws/install/slam_interfaces/lib/python3.12/site-packages/slam_interfaces/slam_interfaces_s__rosidl_typesupport_introspection_c.so
-- Up-to-date symlink: /home/abhirup/slam_platform/slam_ws/install/slam_interfaces/lib/python3.12/site-packages/slam_interfaces/slam_interfaces_s__rosidl_typesupport_c.so
-- Symlinking: /home/abhirup/slam_platform/slam_ws/install/slam_interfaces/share/ament_index/resource_index/rust_packages/slam_interfaces
-- Symlinking: /home/abhirup/slam_platform/slam_ws/install/slam_interfaces/share/slam_interfaces/rust/Cargo.toml
-- Symlinking: /home/abhirup/slam_platform/slam_ws/install/slam_interfaces/share/slam_interfaces/rust/build.rs
-- Symlinking: /home/abhirup/slam_platform/slam_ws/install/slam_interfaces/share/slam_interfaces/rust/src/lib.rs
-- Symlinking: /home/abhirup/slam_platform/slam_ws/install/slam_interfaces/share/slam_interfaces/rust/src/msg.rs
-- Symlinking: /home/abhirup/slam_platform/slam_ws/install/slam_interfaces/share/slam_interfaces/rust/src/msg/rmw.rs
-- Symlinking: /home/abhirup/slam_platform/slam_ws/install/slam_interfaces/share/slam_interfaces/msg/SLAMMetrics.idl
-- Symlinking: /home/abhirup/slam_platform/slam_ws/install/slam_interfaces/share/slam_interfaces/msg/SLAMMetrics.msg
-- Up-to-date symlink: /home/abhirup/slam_platform/slam_ws/install/slam_interfaces/share/ament_index/resource_index/package_run_dependencies/slam_interfaces
-- Up-to-date symlink: /home/abhirup/slam_platform/slam_ws/install/slam_interfaces/share/ament_index/resource_index/parent_prefix_path/slam_interfaces
-- Up-to-date symlink: /home/abhirup/slam_platform/slam_ws/install/slam_interfaces/share/slam_interfaces/environment/ament_prefix_path.sh
-- Up-to-date symlink: /home/abhirup/slam_platform/slam_ws/install/slam_interfaces/share/slam_interfaces/environment/ament_prefix_path.dsv
-- Up-to-date symlink: /home/abhirup/slam_platform/slam_ws/install/slam_interfaces/share/slam_interfaces/environment/path.sh
-- Up-to-date symlink: /home/abhirup/slam_platform/slam_ws/install/slam_interfaces/share/slam_interfaces/environment/path.dsv
-- Up-to-date symlink: /home/abhirup/slam_platform/slam_ws/install/slam_interfaces/share/slam_interfaces/local_setup.bash
-- Up-to-date symlink: /home/abhirup/slam_platform/slam_ws/install/slam_interfaces/share/slam_interfaces/local_setup.sh
-- Up-to-date symlink: /home/abhirup/slam_platform/slam_ws/install/slam_interfaces/share/slam_interfaces/local_setup.zsh
-- Up-to-date symlink: /home/abhirup/slam_platform/slam_ws/install/slam_interfaces/share/slam_interfaces/local_setup.dsv
-- Symlinking: /home/abhirup/slam_platform/slam_ws/install/slam_interfaces/share/slam_interfaces/package.dsv
-- Up-to-date symlink: /home/abhirup/slam_platform/slam_ws/install/slam_interfaces/share/ament_index/resource_index/packages/slam_interfaces
-- Symlinking: /home/abhirup/slam_platform/slam_ws/install/slam_interfaces/share/slam_interfaces/cmake/rosidl_cmake-extras.cmake
-- Symlinking: /home/abhirup/slam_platform/slam_ws/install/slam_interfaces/share/slam_interfaces/cmake/ament_cmake_export_dependencies-extras.cmake
-- Symlinking: /home/abhirup/slam_platform/slam_ws/install/slam_interfaces/share/slam_interfaces/cmake/ament_cmake_export_include_directories-extras.cmake
-- Symlinking: /home/abhirup/slam_platform/slam_ws/install/slam_interfaces/share/slam_interfaces/cmake/ament_cmake_export_libraries-extras.cmake
-- Symlinking: /home/abhirup/slam_platform/slam_ws/install/slam_interfaces/share/slam_interfaces/cmake/ament_cmake_export_targets-extras.cmake
-- Symlinking: /home/abhirup/slam_platform/slam_ws/install/slam_interfaces/share/slam_interfaces/cmake/rosidl_cmake_export_typesupport_targets-extras.cmake
-- Symlinking: /home/abhirup/slam_platform/slam_ws/install/slam_interfaces/share/slam_interfaces/cmake/rosidl_cmake_export_typesupport_libraries-extras.cmake
-- Symlinking: /home/abhirup/slam_platform/slam_ws/install/slam_interfaces/share/slam_interfaces/cmake/rosidl_cmake_aggregate_target-extras.cmake
-- Up-to-date symlink: /home/abhirup/slam_platform/slam_ws/install/slam_interfaces/share/slam_interfaces/cmake/slam_interfacesConfig.cmake
-- Up-to-date symlink: /home/abhirup/slam_platform/slam_ws/install/slam_interfaces/share/slam_interfaces/cmake/slam_interfacesConfig-version.cmake
-- Up-to-date symlink: /home/abhirup/slam_platform/slam_ws/install/slam_interfaces/share/slam_interfaces/package.xml
-- Installing: /home/abhirup/slam_platform/slam_ws/install/slam_interfaces/lib/libslam_interfaces__rosidl_generator_c.so
-- Set non-toolchain portion of runtime path of "/home/abhirup/slam_platform/slam_ws/install/slam_interfaces/lib/libslam_interfaces__rosidl_generator_c.so" to ""
-- Installing: /home/abhirup/slam_platform/slam_ws/install/slam_interfaces/lib/libslam_interfaces__rosidl_typesupport_fastrtps_c.so
-- Set non-toolchain portion of runtime path of "/home/abhirup/slam_platform/slam_ws/install/slam_interfaces/lib/libslam_interfaces__rosidl_typesupport_fastrtps_c.so" to ""
-- Installing: /home/abhirup/slam_platform/slam_ws/install/slam_interfaces/lib/libslam_interfaces__rosidl_typesupport_introspection_c.so
-- Set non-toolchain portion of runtime path of "/home/abhirup/slam_platform/slam_ws/install/slam_interfaces/lib/libslam_interfaces__rosidl_typesupport_introspection_c.so" to ""
-- Installing: /home/abhirup/slam_platform/slam_ws/install/slam_interfaces/lib/libslam_interfaces__rosidl_typesupport_c.so
-- Set non-toolchain portion of runtime path of "/home/abhirup/slam_platform/slam_ws/install/slam_interfaces/lib/libslam_interfaces__rosidl_typesupport_c.so" to ""
-- Installing: /home/abhirup/slam_platform/slam_ws/install/slam_interfaces/lib/libslam_interfaces__rosidl_typesupport_fastrtps_cpp.so
-- Set non-toolchain portion of runtime path of "/home/abhirup/slam_platform/slam_ws/install/slam_interfaces/lib/libslam_interfaces__rosidl_typesupport_fastrtps_cpp.so" to ""
-- Installing: /home/abhirup/slam_platform/slam_ws/install/slam_interfaces/lib/libslam_interfaces__rosidl_typesupport_introspection_cpp.so
-- Set non-toolchain portion of runtime path of "/home/abhirup/slam_platform/slam_ws/install/slam_interfaces/lib/libslam_interfaces__rosidl_typesupport_introspection_cpp.so" to ""
-- Installing: /home/abhirup/slam_platform/slam_ws/install/slam_interfaces/lib/libslam_interfaces__rosidl_typesupport_cpp.so
-- Set non-toolchain portion of runtime path of "/home/abhirup/slam_platform/slam_ws/install/slam_interfaces/lib/libslam_interfaces__rosidl_typesupport_cpp.so" to ""
Listing '/home/abhirup/slam_platform/slam_ws/install/slam_interfaces/lib/python3.12/site-packages/slam_interfaces'...
Compiling '/home/abhirup/slam_platform/slam_ws/install/slam_interfaces/lib/python3.12/site-packages/slam_interfaces/__init__.py'...
Listing '/home/abhirup/slam_platform/slam_ws/install/slam_interfaces/lib/python3.12/site-packages/slam_interfaces/msg'...
Compiling '/home/abhirup/slam_platform/slam_ws/install/slam_interfaces/lib/python3.12/site-packages/slam_interfaces/msg/__init__.py'...
Compiling '/home/abhirup/slam_platform/slam_ws/install/slam_interfaces/lib/python3.12/site-packages/slam_interfaces/msg/_slam_metrics.py'...
-- Installing: /home/abhirup/slam_platform/slam_ws/install/slam_interfaces/lib/libslam_interfaces__rosidl_generator_py.so
-- Set non-toolchain portion of runtime path of "/home/abhirup/slam_platform/slam_ws/install/slam_interfaces/lib/libslam_interfaces__rosidl_generator_py.so" to ""
-- Installing: /home/abhirup/slam_platform/slam_ws/install/slam_interfaces/share/slam_interfaces/cmake/export_slam_interfaces__rosidl_generator_cExport.cmake
-- Installing: /home/abhirup/slam_platform/slam_ws/install/slam_interfaces/share/slam_interfaces/cmake/export_slam_interfaces__rosidl_generator_cExport-noconfig.cmake
-- Installing: /home/abhirup/slam_platform/slam_ws/install/slam_interfaces/share/slam_interfaces/cmake/export_slam_interfaces__rosidl_typesupport_fastrtps_cExport.cmake
-- Installing: /home/abhirup/slam_platform/slam_ws/install/slam_interfaces/share/slam_interfaces/cmake/export_slam_interfaces__rosidl_typesupport_fastrtps_cExport-noconfig.cmake
-- Installing: /home/abhirup/slam_platform/slam_ws/install/slam_interfaces/share/slam_interfaces/cmake/slam_interfaces__rosidl_typesupport_introspection_cExport.cmake
-- Installing: /home/abhirup/slam_platform/slam_ws/install/slam_interfaces/share/slam_interfaces/cmake/slam_interfaces__rosidl_typesupport_introspection_cExport-noconfig.cmake
-- Installing: /home/abhirup/slam_platform/slam_ws/install/slam_interfaces/share/slam_interfaces/cmake/slam_interfaces__rosidl_typesupport_cExport.cmake
-- Installing: /home/abhirup/slam_platform/slam_ws/install/slam_interfaces/share/slam_interfaces/cmake/slam_interfaces__rosidl_typesupport_cExport-noconfig.cmake
-- Installing: /home/abhirup/slam_platform/slam_ws/install/slam_interfaces/share/slam_interfaces/cmake/export_slam_interfaces__rosidl_generator_cppExport.cmake
-- Installing: /home/abhirup/slam_platform/slam_ws/install/slam_interfaces/share/slam_interfaces/cmake/export_slam_interfaces__rosidl_typesupport_fastrtps_cppExport.cmake
-- Installing: /home/abhirup/slam_platform/slam_ws/install/slam_interfaces/share/slam_interfaces/cmake/export_slam_interfaces__rosidl_typesupport_fastrtps_cppExport-noconfig.cmake
-- Installing: /home/abhirup/slam_platform/slam_ws/install/slam_interfaces/share/slam_interfaces/cmake/slam_interfaces__rosidl_typesupport_introspection_cppExport.cmake
-- Installing: /home/abhirup/slam_platform/slam_ws/install/slam_interfaces/share/slam_interfaces/cmake/slam_interfaces__rosidl_typesupport_introspection_cppExport-noconfig.cmake
-- Installing: /home/abhirup/slam_platform/slam_ws/install/slam_interfaces/share/slam_interfaces/cmake/slam_interfaces__rosidl_typesupport_cppExport.cmake
-- Installing: /home/abhirup/slam_platform/slam_ws/install/slam_interfaces/share/slam_interfaces/cmake/slam_interfaces__rosidl_typesupport_cppExport-noconfig.cmake
-- Installing: /home/abhirup/slam_platform/slam_ws/install/slam_interfaces/share/slam_interfaces/cmake/export_slam_interfaces__rosidl_generator_pyExport.cmake
-- Installing: /home/abhirup/slam_platform/slam_ws/install/slam_interfaces/share/slam_interfaces/cmake/export_slam_interfaces__rosidl_generator_pyExport-noconfig.cmake
