[0.606s] Invoking command in '/home/abhirup/slam_platform/slam_ws/build/slam_interfaces': CMAKE_PREFIX_PATH=${CMAKE_PREFIX_PATH}:/home/abhirup/slam_platform/slam_ws/install/world_manager:/home/abhirup/slam_platform/slam_ws/install/tf_manager:/home/abhirup/slam_platform/slam_ws/install/sensor_adapter:/home/abhirup/slam_platform/slam_ws/install/ros_gz_bridge_manager:/home/abhirup/slam_platform/slam_ws/install/robot_bringup:/home/abhirup/slam_platform/slam_ws/install/groung_truth_provider:/home/abhirup/slam_platform/slam_ws/install/ground_truth_provider:/home/abhirup/slam_platform/slam_ws/install/experiment_manager:/home/abhirup/slam_platform/slam_ws/install/evaluator_ros:/opt/ros/jazzy DEBUGINFOD_URLS=https://debuginfod.ubuntu.com /usr/bin/cmake /home/abhirup/slam_platform/slam_ws/src/slam_interfaces -DCMAKE_INSTALL_PREFIX=/home/abhirup/slam_platform/slam_ws/install/slam_interfaces
[0.707s] -- Found ament_cmake: 2.5.6 (/opt/ros/jazzy/share/ament_cmake/cmake)
[0.739s] -- Override CMake install command with custom implementation using symlinks instead of copying resources
[0.745s] -- Found rosidl_default_generators: 1.6.1 (/opt/ros/jazzy/share/rosidl_default_generators/cmake)
[0.749s] -- Using all available rosidl_typesupport_c: rosidl_typesupport_fastrtps_c;rosidl_typesupport_introspection_c
[0.780s] -- Using all available rosidl_typesupport_cpp: rosidl_typesupport_fastrtps_cpp;rosidl_typesupport_introspection_cpp
[0.808s] -- Found rosidl_adapter: 4.6.9 (/opt/ros/jazzy/share/rosidl_adapter/cmake)
[0.810s] -- Found std_msgs: 5.3.8 (/opt/ros/jazzy/share/std_msgs/cmake)
[1.240s] -- Found ament_cmake_ros: 0.12.1 (/opt/ros/jazzy/share/ament_cmake_ros/cmake)
[1.568s] -- Using all available rosidl_typesupport_c: rosidl_typesupport_fastrtps_c;rosidl_typesupport_introspection_c
[1.951s] -- Using all available rosidl_typesupport_cpp: rosidl_typesupport_fastrtps_cpp;rosidl_typesupport_introspection_cpp
[1.953s] -- Found python_cmake_module: 0.11.1 (/opt/ros/jazzy/share/python_cmake_module/cmake)
[2.033s] -- Found PythonExtra: /usr/bin/python3  
[2.274s] -- Found Python3: /usr/bin/python3 (found version "3.12.3") found components: Interpreter Development NumPy Development.Module Development.Embed 
[2.323s] -- Found Python3: /usr/bin/python3 (found version "3.12.3") found components: Interpreter 
[2.327s] -- Configuring done (1.7s)
[2.342s] -- Generating done (0.0s)
[2.347s] -- Build files have been written to: /home/abhirup/slam_platform/slam_ws/build/slam_interfaces
[2.351s] Invoked command in '/home/abhirup/slam_platform/slam_ws/build/slam_interfaces' returned '0': CMAKE_PREFIX_PATH=${CMAKE_PREFIX_PATH}:/home/abhirup/slam_platform/slam_ws/install/world_manager:/home/abhirup/slam_platform/slam_ws/install/tf_manager:/home/abhirup/slam_platform/slam_ws/install/sensor_adapter:/home/abhirup/slam_platform/slam_ws/install/ros_gz_bridge_manager:/home/abhirup/slam_platform/slam_ws/install/robot_bringup:/home/abhirup/slam_platform/slam_ws/install/groung_truth_provider:/home/abhirup/slam_platform/slam_ws/install/ground_truth_provider:/home/abhirup/slam_platform/slam_ws/install/experiment_manager:/home/abhirup/slam_platform/slam_ws/install/evaluator_ros:/opt/ros/jazzy DEBUGINFOD_URLS=https://debuginfod.ubuntu.com /usr/bin/cmake /home/abhirup/slam_platform/slam_ws/src/slam_interfaces -DCMAKE_INSTALL_PREFIX=/home/abhirup/slam_platform/slam_ws/install/slam_interfaces
[2.352s] Invoking command in '/home/abhirup/slam_platform/slam_ws/build/slam_interfaces': CMAKE_PREFIX_PATH=${CMAKE_PREFIX_PATH}:/home/abhirup/slam_platform/slam_ws/install/world_manager:/home/abhirup/slam_platform/slam_ws/install/tf_manager:/home/abhirup/slam_platform/slam_ws/install/sensor_adapter:/home/abhirup/slam_platform/slam_ws/install/ros_gz_bridge_manager:/home/abhirup/slam_platform/slam_ws/install/robot_bringup:/home/abhirup/slam_platform/slam_ws/install/groung_truth_provider:/home/abhirup/slam_platform/slam_ws/install/ground_truth_provider:/home/abhirup/slam_platform/slam_ws/install/experiment_manager:/home/abhirup/slam_platform/slam_ws/install/evaluator_ros:/opt/ros/jazzy DEBUGINFOD_URLS=https://debuginfod.ubuntu.com /usr/bin/cmake --build /home/abhirup/slam_platform/slam_ws/build/slam_interfaces -- -j28 -l28
[2.387s] [  2%] [34m[1mGenerating Rust code for ROS interfaces[0m
[2.387s] [  5%] [34m[1mGenerating type hashes for ROS interfaces[0m
[2.392s] [  5%] Built target ament_cmake_python_symlink_slam_interfaces
[2.491s] running egg_info
[2.491s] creating slam_interfaces.egg-info
[2.495s] [  5%] Built target slam_interfaces__rosidl_generator_type_description
[2.498s] writing slam_interfaces.egg-info/PKG-INFO
[2.498s] writing dependency_links to slam_interfaces.egg-info/dependency_links.txt
[2.498s] writing top-level names to slam_interfaces.egg-info/top_level.txt
[2.499s] writing manifest file 'slam_interfaces.egg-info/SOURCES.txt'
[2.503s] [  8%] [34m[1mGenerating C code for ROS interfaces[0m
[2.506s] [  8%] Built target slam_interfaces__rs
[2.510s] [ 11%] [34m[1mGenerating C++ code for ROS interfaces[0m
[2.518s] reading manifest file 'slam_interfaces.egg-info/SOURCES.txt'
[2.519s] writing manifest file 'slam_interfaces.egg-info/SOURCES.txt'
[2.537s] [ 11%] Built target ament_cmake_python_build_slam_interfaces_egg
[2.631s] [ 11%] Built target slam_interfaces__cpp
[2.638s] [ 14%] [32mBuilding C object CMakeFiles/slam_interfaces__rosidl_generator_c.dir/rosidl_generator_c/slam_interfaces/msg/detail/slam_metrics__description.c.o[0m
[2.638s] [ 20%] [32mBuilding C object CMakeFiles/slam_interfaces__rosidl_generator_c.dir/rosidl_generator_c/slam_interfaces/msg/detail/slam_metrics__type_support.c.o[0m
[2.639s] [ 20%] [32mBuilding C object CMakeFiles/slam_interfaces__rosidl_generator_c.dir/rosidl_generator_c/slam_interfaces/msg/detail/slam_metrics__functions.c.o[0m
[2.664s] [ 22%] [32m[1mLinking C shared library libslam_interfaces__rosidl_generator_c.so[0m
[2.686s] [ 22%] Built target slam_interfaces__rosidl_generator_c
[2.693s] [ 40%] [34m[1mGenerating C++ introspection for ROS interfaces[0m
[2.694s] [ 40%] [34m[1mGenerating C type support for eProsima Fast-RTPS[0m
[2.694s] [ 40%] [34m[1mGenerating C++ type support for eProsima Fast-RTPS[0m
[2.694s] [ 40%] [34m[1mGenerating C type support dispatch for ROS interfaces[0m
[2.694s] [ 40%] [34m[1mGenerating C++ type support dispatch for ROS interfaces[0m
[2.694s] [ 40%] [34m[1mGenerating C introspection for ROS interfaces[0m
[2.804s] [ 42%] [32mBuilding CXX object CMakeFiles/slam_interfaces__rosidl_typesupport_c.dir/rosidl_typesupport_c/slam_interfaces/msg/slam_metrics__type_support.cpp.o[0m
[2.813s] [ 45%] [32mBuilding CXX object CMakeFiles/slam_interfaces__rosidl_typesupport_introspection_cpp.dir/rosidl_typesupport_introspection_cpp/slam_interfaces/msg/detail/slam_metrics__type_support.cpp.o[0m
[2.814s] [ 48%] [32mBuilding C object CMakeFiles/slam_interfaces__rosidl_typesupport_introspection_c.dir/rosidl_typesupport_introspection_c/slam_interfaces/msg/detail/slam_metrics__type_support.c.o[0m
[2.817s] [ 51%] [32mBuilding CXX object CMakeFiles/slam_interfaces__rosidl_typesupport_cpp.dir/rosidl_typesupport_cpp/slam_interfaces/msg/slam_metrics__type_support.cpp.o[0m
[2.822s] [ 54%] [32mBuilding CXX object CMakeFiles/slam_interfaces__rosidl_typesupport_fastrtps_c.dir/rosidl_typesupport_fastrtps_c/slam_interfaces/msg/detail/slam_metrics__type_support_c.cpp.o[0m
[2.825s] [ 57%] [32mBuilding CXX object CMakeFiles/slam_interfaces__rosidl_typesupport_fastrtps_cpp.dir/rosidl_typesupport_fastrtps_cpp/slam_interfaces/msg/detail/dds_fastrtps/slam_metrics__type_support.cpp.o[0m
[2.826s] [ 60%] [32m[1mLinking CXX shared library libslam_interfaces__rosidl_typesupport_c.so[0m
[2.839s] [ 62%] [32m[1mLinking C shared library libslam_interfaces__rosidl_typesupport_introspection_c.so[0m
[2.853s] [ 62%] Built target slam_interfaces__rosidl_typesupport_c
[2.859s] [ 62%] Built target slam_interfaces__rosidl_typesupport_introspection_c
[2.946s] [ 65%] [32m[1mLinking CXX shared library libslam_interfaces__rosidl_typesupport_introspection_cpp.so[0m
[2.970s] [ 68%] [32m[1mLinking CXX shared library libslam_interfaces__rosidl_typesupport_cpp.so[0m
[2.974s] [ 68%] Built target slam_interfaces__rosidl_typesupport_introspection_cpp
[2.997s] [ 68%] Built target slam_interfaces__rosidl_typesupport_cpp
[3.034s] [ 71%] [32m[1mLinking CXX shared library libslam_interfaces__rosidl_typesupport_fastrtps_cpp.so[0m
[3.037s] [ 74%] [32m[1mLinking CXX shared library libslam_interfaces__rosidl_typesupport_fastrtps_c.so[0m
[3.062s] [ 74%] Built target slam_interfaces__rosidl_typesupport_fastrtps_cpp
[3.065s] [ 74%] Built target slam_interfaces__rosidl_typesupport_fastrtps_c
[3.077s] [ 74%] Built target slam_interfaces
[3.088s] [ 77%] [34m[1mGenerating Python code for ROS interfaces[0m
[3.227s] [ 77%] Built target slam_interfaces__py
[3.241s] [ 80%] [32mBuilding C object CMakeFiles/slam_interfaces__rosidl_generator_py.dir/rosidl_generator_py/slam_interfaces/msg/_slam_metrics_s.c.o[0m
[3.299s] [ 82%] [32m[1mLinking C shared library libslam_interfaces__rosidl_generator_py.so[0m
[3.322s] [ 82%] Built target slam_interfaces__rosidl_generator_py
[3.335s] [ 85%] [32mBuilding C object CMakeFiles/slam_interfaces_s__rosidl_typesupport_introspection_c.dir/rosidl_generator_py/slam_interfaces/_slam_interfaces_s.ep.rosidl_typesupport_introspection_c.c.o[0m
[3.335s] [ 88%] [32mBuilding C object CMakeFiles/slam_interfaces_s__rosidl_typesupport_c.dir/rosidl_generator_py/slam_interfaces/_slam_interfaces_s.ep.rosidl_typesupport_c.c.o[0m
[3.336s] [ 91%] [32mBuilding C object CMakeFiles/slam_interfaces_s__rosidl_typesupport_fastrtps_c.dir/rosidl_generator_py/slam_interfaces/_slam_interfaces_s.ep.rosidl_typesupport_fastrtps_c.c.o[0m
[3.383s] [ 94%] [32m[1mLinking C shared module rosidl_generator_py/slam_interfaces/slam_interfaces_s__rosidl_typesupport_introspection_c.so[0m
[3.390s] [ 97%] [32m[1mLinking C shared module rosidl_generator_py/slam_interfaces/slam_interfaces_s__rosidl_typesupport_fastrtps_c.so[0m
[3.391s] [100%] [32m[1mLinking C shared module rosidl_generator_py/slam_interfaces/slam_interfaces_s__rosidl_typesupport_c.so[0m
[3.405s] [100%] Built target slam_interfaces_s__rosidl_typesupport_introspection_c
[3.412s] [100%] Built target slam_interfaces_s__rosidl_typesupport_c
[3.413s] [100%] Built target slam_interfaces_s__rosidl_typesupport_fastrtps_c
[3.420s] Invoked command in '/home/abhirup/slam_platform/slam_ws/build/slam_interfaces' returned '0': CMAKE_PREFIX_PATH=${CMAKE_PREFIX_PATH}:/home/abhirup/slam_platform/slam_ws/install/world_manager:/home/abhirup/slam_platform/slam_ws/install/tf_manager:/home/abhirup/slam_platform/slam_ws/install/sensor_adapter:/home/abhirup/slam_platform/slam_ws/install/ros_gz_bridge_manager:/home/abhirup/slam_platform/slam_ws/install/robot_bringup:/home/abhirup/slam_platform/slam_ws/install/groung_truth_provider:/home/abhirup/slam_platform/slam_ws/install/ground_truth_provider:/home/abhirup/slam_platform/slam_ws/install/experiment_manager:/home/abhirup/slam_platform/slam_ws/install/evaluator_ros:/opt/ros/jazzy DEBUGINFOD_URLS=https://debuginfod.ubuntu.com /usr/bin/cmake --build /home/abhirup/slam_platform/slam_ws/build/slam_interfaces -- -j28 -l28
[3.425s] Invoking command in '/home/abhirup/slam_platform/slam_ws/build/slam_interfaces': CMAKE_PREFIX_PATH=${CMAKE_PREFIX_PATH}:/home/abhirup/slam_platform/slam_ws/install/world_manager:/home/abhirup/slam_platform/slam_ws/install/tf_manager:/home/abhirup/slam_platform/slam_ws/install/sensor_adapter:/home/abhirup/slam_platform/slam_ws/install/ros_gz_bridge_manager:/home/abhirup/slam_platform/slam_ws/install/robot_bringup:/home/abhirup/slam_platform/slam_ws/install/groung_truth_provider:/home/abhirup/slam_platform/slam_ws/install/ground_truth_provider:/home/abhirup/slam_platform/slam_ws/install/experiment_manager:/home/abhirup/slam_platform/slam_ws/install/evaluator_ros:/opt/ros/jazzy DEBUGINFOD_URLS=https://debuginfod.ubuntu.com /usr/bin/cmake --install /home/abhirup/slam_platform/slam_ws/build/slam_interfaces
[3.430s] -- Install configuration: ""
[3.431s] -- Execute custom install script
[3.431s] -- Symlinking: /home/abhirup/slam_platform/slam_ws/install/slam_interfaces/share/ament_index/resource_index/rosidl_interfaces/slam_interfaces
[3.437s] -- Symlinking: /home/abhirup/slam_platform/slam_ws/install/slam_interfaces/share/slam_interfaces/msg/SLAMMetrics.json
[3.442s] -- Symlinking: /home/abhirup/slam_platform/slam_ws/install/slam_interfaces/include/slam_interfaces/slam_interfaces/msg/detail/slam_metrics__functions.h
[3.447s] -- Symlinking: /home/abhirup/slam_platform/slam_ws/install/slam_interfaces/include/slam_interfaces/slam_interfaces/msg/detail/slam_metrics__struct.h
[3.451s] -- Symlinking: /home/abhirup/slam_platform/slam_ws/install/slam_interfaces/include/slam_interfaces/slam_interfaces/msg/detail/slam_metrics__type_support.h
[3.457s] -- Symlinking: /home/abhirup/slam_platform/slam_ws/install/slam_interfaces/include/slam_interfaces/slam_interfaces/msg/rosidl_generator_c__visibility_control.h
[3.461s] -- Symlinking: /home/abhirup/slam_platform/slam_ws/install/slam_interfaces/include/slam_interfaces/slam_interfaces/msg/slam_metrics.h
[3.467s] -- Symlinking: /home/abhirup/slam_platform/slam_ws/install/slam_interfaces/share/slam_interfaces/environment/library_path.sh
[3.471s] -- Symlinking: /home/abhirup/slam_platform/slam_ws/install/slam_interfaces/share/slam_interfaces/environment/library_path.dsv
[3.476s] -- Symlinking: /home/abhirup/slam_platform/slam_ws/install/slam_interfaces/include/slam_interfaces/slam_interfaces/msg/detail/slam_metrics__rosidl_typesupport_fastrtps_c.h
[3.480s] -- Symlinking: /home/abhirup/slam_platform/slam_ws/install/slam_interfaces/include/slam_interfaces/slam_interfaces/msg/rosidl_typesupport_fastrtps_c__visibility_control.h
[3.485s] -- Symlinking: /home/abhirup/slam_platform/slam_ws/install/slam_interfaces/include/slam_interfaces/slam_interfaces/msg/detail/slam_metrics__rosidl_typesupport_introspection_c.h
[3.491s] -- Symlinking: /home/abhirup/slam_platform/slam_ws/install/slam_interfaces/include/slam_interfaces/slam_interfaces/msg/rosidl_typesupport_introspection_c__visibility_control.h
[3.497s] -- Symlinking: /home/abhirup/slam_platform/slam_ws/install/slam_interfaces/include/slam_interfaces/slam_interfaces/msg/detail/slam_metrics__builder.hpp
[3.500s] -- Symlinking: /home/abhirup/slam_platform/slam_ws/install/slam_interfaces/include/slam_interfaces/slam_interfaces/msg/detail/slam_metrics__struct.hpp
[3.504s] -- Symlinking: /home/abhirup/slam_platform/slam_ws/install/slam_interfaces/include/slam_interfaces/slam_interfaces/msg/detail/slam_metrics__traits.hpp
[3.508s] -- Symlinking: /home/abhirup/slam_platform/slam_ws/install/slam_interfaces/include/slam_interfaces/slam_interfaces/msg/detail/slam_metrics__type_support.hpp
[3.514s] -- Symlinking: /home/abhirup/slam_platform/slam_ws/install/slam_interfaces/include/slam_interfaces/slam_interfaces/msg/rosidl_generator_cpp__visibility_control.hpp
[3.518s] -- Symlinking: /home/abhirup/slam_platform/slam_ws/install/slam_interfaces/include/slam_interfaces/slam_interfaces/msg/slam_metrics.hpp
[3.523s] -- Symlinking: /home/abhirup/slam_platform/slam_ws/install/slam_interfaces/include/slam_interfaces/slam_interfaces/msg/detail/slam_metrics__rosidl_typesupport_fastrtps_cpp.hpp
[3.528s] -- Symlinking: /home/abhirup/slam_platform/slam_ws/install/slam_interfaces/include/slam_interfaces/slam_interfaces/msg/rosidl_typesupport_fastrtps_cpp__visibility_control.h
[3.532s] -- Symlinking: /home/abhirup/slam_platform/slam_ws/install/slam_interfaces/include/slam_interfaces/slam_interfaces/msg/detail/slam_metrics__rosidl_typesupport_introspection_cpp.hpp
[3.536s] -- Symlinking: /home/abhirup/slam_platform/slam_ws/install/slam_interfaces/share/slam_interfaces/environment/pythonpath.sh
[3.541s] -- Symlinking: /home/abhirup/slam_platform/slam_ws/install/slam_interfaces/share/slam_interfaces/environment/pythonpath.dsv
[3.546s] -- Symlinking: /home/abhirup/slam_platform/slam_ws/install/slam_interfaces/lib/python3.12/site-packages/slam_interfaces-0.0.0-py3.12.egg-info/PKG-INFO
[3.551s] -- Symlinking: /home/abhirup/slam_platform/slam_ws/install/slam_interfaces/lib/python3.12/site-packages/slam_interfaces-0.0.0-py3.12.egg-info/SOURCES.txt
[3.556s] -- Symlinking: /home/abhirup/slam_platform/slam_ws/install/slam_interfaces/lib/python3.12/site-packages/slam_interfaces-0.0.0-py3.12.egg-info/dependency_links.txt
[3.559s] -- Symlinking: /home/abhirup/slam_platform/slam_ws/install/slam_interfaces/lib/python3.12/site-packages/slam_interfaces-0.0.0-py3.12.egg-info/top_level.txt
[3.564s] -- Symlinking: /home/abhirup/slam_platform/slam_ws/install/slam_interfaces/lib/python3.12/site-packages/slam_interfaces/__init__.py
[3.569s] -- Symlinking: /home/abhirup/slam_platform/slam_ws/install/slam_interfaces/lib/python3.12/site-packages/slam_interfaces/_slam_interfaces_s.ep.rosidl_typesupport_c.c
[3.574s] -- Symlinking: /home/abhirup/slam_platform/slam_ws/install/slam_interfaces/lib/python3.12/site-packages/slam_interfaces/_slam_interfaces_s.ep.rosidl_typesupport_fastrtps_c.c
[3.579s] -- Symlinking: /home/abhirup/slam_platform/slam_ws/install/slam_interfaces/lib/python3.12/site-packages/slam_interfaces/_slam_interfaces_s.ep.rosidl_typesupport_introspection_c.c
[3.583s] -- Symlinking: /home/abhirup/slam_platform/slam_ws/install/slam_interfaces/lib/python3.12/site-packages/slam_interfaces/msg/__init__.py
[3.589s] -- Symlinking: /home/abhirup/slam_platform/slam_ws/install/slam_interfaces/lib/python3.12/site-packages/slam_interfaces/msg/_slam_metrics.py
[3.592s] -- Symlinking: /home/abhirup/slam_platform/slam_ws/install/slam_interfaces/lib/python3.12/site-packages/slam_interfaces/msg/_slam_metrics_s.c
[3.598s] -- Symlinking: /home/abhirup/slam_platform/slam_ws/install/slam_interfaces/lib/python3.12/site-packages/slam_interfaces/slam_interfaces_s__rosidl_typesupport_c.so
[3.602s] -- Symlinking: /home/abhirup/slam_platform/slam_ws/install/slam_interfaces/lib/python3.12/site-packages/slam_interfaces/slam_interfaces_s__rosidl_typesupport_fastrtps_c.so
[3.607s] -- Symlinking: /home/abhirup/slam_platform/slam_ws/install/slam_interfaces/lib/python3.12/site-packages/slam_interfaces/slam_interfaces_s__rosidl_typesupport_introspection_c.so
[3.612s] -- Up-to-date symlink: /home/abhirup/slam_platform/slam_ws/install/slam_interfaces/lib/python3.12/site-packages/slam_interfaces/slam_interfaces_s__rosidl_typesupport_fastrtps_c.so
[3.612s] -- Up-to-date symlink: /home/abhirup/slam_platform/slam_ws/install/slam_interfaces/lib/python3.12/site-packages/slam_interfaces/slam_interfaces_s__rosidl_typesupport_introspection_c.so
[3.612s] -- Up-to-date symlink: /home/abhirup/slam_platform/slam_ws/install/slam_interfaces/lib/python3.12/site-packages/slam_interfaces/slam_interfaces_s__rosidl_typesupport_c.so
[3.612s] -- Symlinking: /home/abhirup/slam_platform/slam_ws/install/slam_interfaces/share/ament_index/resource_index/rust_packages/slam_interfaces
[3.616s] -- Symlinking: /home/abhirup/slam_platform/slam_ws/install/slam_interfaces/share/slam_interfaces/rust/Cargo.toml
[3.620s] -- Symlinking: /home/abhirup/slam_platform/slam_ws/install/slam_interfaces/share/slam_interfaces/rust/build.rs
[3.626s] -- Symlinking: /home/abhirup/slam_platform/slam_ws/install/slam_interfaces/share/slam_interfaces/rust/src/lib.rs
[3.630s] -- Symlinking: /home/abhirup/slam_platform/slam_ws/install/slam_interfaces/share/slam_interfaces/rust/src/msg.rs
[3.636s] -- Symlinking: /home/abhirup/slam_platform/slam_ws/install/slam_interfaces/share/slam_interfaces/rust/src/msg/rmw.rs
[3.642s] -- Symlinking: /home/abhirup/slam_platform/slam_ws/install/slam_interfaces/share/slam_interfaces/msg/SLAMMetrics.idl
[3.645s] -- Symlinking: /home/abhirup/slam_platform/slam_ws/install/slam_interfaces/share/slam_interfaces/msg/SLAMMetrics.msg
[3.650s] -- Up-to-date symlink: /home/abhirup/slam_platform/slam_ws/install/slam_interfaces/share/ament_index/resource_index/package_run_dependencies/slam_interfaces
[3.650s] -- Up-to-date symlink: /home/abhirup/slam_platform/slam_ws/install/slam_interfaces/share/ament_index/resource_index/parent_prefix_path/slam_interfaces
[3.650s] -- Up-to-date symlink: /home/abhirup/slam_platform/slam_ws/install/slam_interfaces/share/slam_interfaces/environment/ament_prefix_path.sh
[3.650s] -- Up-to-date symlink: /home/abhirup/slam_platform/slam_ws/install/slam_interfaces/share/slam_interfaces/environment/ament_prefix_path.dsv
[3.650s] -- Up-to-date symlink: /home/abhirup/slam_platform/slam_ws/install/slam_interfaces/share/slam_interfaces/environment/path.sh
[3.650s] -- Up-to-date symlink: /home/abhirup/slam_platform/slam_ws/install/slam_interfaces/share/slam_interfaces/environment/path.dsv
[3.650s] -- Up-to-date symlink: /home/abhirup/slam_platform/slam_ws/install/slam_interfaces/share/slam_interfaces/local_setup.bash
[3.650s] -- Up-to-date symlink: /home/abhirup/slam_platform/slam_ws/install/slam_interfaces/share/slam_interfaces/local_setup.sh
[3.650s] -- Up-to-date symlink: /home/abhirup/slam_platform/slam_ws/install/slam_interfaces/share/slam_interfaces/local_setup.zsh
[3.650s] -- Up-to-date symlink: /home/abhirup/slam_platform/slam_ws/install/slam_interfaces/share/slam_interfaces/local_setup.dsv
[3.650s] -- Symlinking: /home/abhirup/slam_platform/slam_ws/install/slam_interfaces/share/slam_interfaces/package.dsv
[3.656s] -- Up-to-date symlink: /home/abhirup/slam_platform/slam_ws/install/slam_interfaces/share/ament_index/resource_index/packages/slam_interfaces
[3.656s] -- Symlinking: /home/abhirup/slam_platform/slam_ws/install/slam_interfaces/share/slam_interfaces/cmake/rosidl_cmake-extras.cmake
[3.662s] -- Symlinking: /home/abhirup/slam_platform/slam_ws/install/slam_interfaces/share/slam_interfaces/cmake/ament_cmake_export_dependencies-extras.cmake
[3.667s] -- Symlinking: /home/abhirup/slam_platform/slam_ws/install/slam_interfaces/share/slam_interfaces/cmake/ament_cmake_export_include_directories-extras.cmake
[3.673s] -- Symlinking: /home/abhirup/slam_platform/slam_ws/install/slam_interfaces/share/slam_interfaces/cmake/ament_cmake_export_libraries-extras.cmake
[3.677s] -- Symlinking: /home/abhirup/slam_platform/slam_ws/install/slam_interfaces/share/slam_interfaces/cmake/ament_cmake_export_targets-extras.cmake
[3.683s] -- Symlinking: /home/abhirup/slam_platform/slam_ws/install/slam_interfaces/share/slam_interfaces/cmake/rosidl_cmake_export_typesupport_targets-extras.cmake
[3.687s] -- Symlinking: /home/abhirup/slam_platform/slam_ws/install/slam_interfaces/share/slam_interfaces/cmake/rosidl_cmake_export_typesupport_libraries-extras.cmake
[3.694s] -- Symlinking: /home/abhirup/slam_platform/slam_ws/install/slam_interfaces/share/slam_interfaces/cmake/rosidl_cmake_aggregate_target-extras.cmake
[3.700s] -- Up-to-date symlink: /home/abhirup/slam_platform/slam_ws/install/slam_interfaces/share/slam_interfaces/cmake/slam_interfacesConfig.cmake
[3.700s] -- Up-to-date symlink: /home/abhirup/slam_platform/slam_ws/install/slam_interfaces/share/slam_interfaces/cmake/slam_interfacesConfig-version.cmake
[3.700s] -- Up-to-date symlink: /home/abhirup/slam_platform/slam_ws/install/slam_interfaces/share/slam_interfaces/package.xml
[3.700s] -- Installing: /home/abhirup/slam_platform/slam_ws/install/slam_interfaces/lib/libslam_interfaces__rosidl_generator_c.so
[3.700s] -- Set non-toolchain portion of runtime path of "/home/abhirup/slam_platform/slam_ws/install/slam_interfaces/lib/libslam_interfaces__rosidl_generator_c.so" to ""
[3.700s] -- Installing: /home/abhirup/slam_platform/slam_ws/install/slam_interfaces/lib/libslam_interfaces__rosidl_typesupport_fastrtps_c.so
[3.700s] -- Set non-toolchain portion of runtime path of "/home/abhirup/slam_platform/slam_ws/install/slam_interfaces/lib/libslam_interfaces__rosidl_typesupport_fastrtps_c.so" to ""
[3.700s] -- Installing: /home/abhirup/slam_platform/slam_ws/install/slam_interfaces/lib/libslam_interfaces__rosidl_typesupport_introspection_c.so
[3.700s] -- Set non-toolchain portion of runtime path of "/home/abhirup/slam_platform/slam_ws/install/slam_interfaces/lib/libslam_interfaces__rosidl_typesupport_introspection_c.so" to ""
[3.700s] -- Installing: /home/abhirup/slam_platform/slam_ws/install/slam_interfaces/lib/libslam_interfaces__rosidl_typesupport_c.so
[3.700s] -- Set non-toolchain portion of runtime path of "/home/abhirup/slam_platform/slam_ws/install/slam_interfaces/lib/libslam_interfaces__rosidl_typesupport_c.so" to ""
[3.700s] -- Installing: /home/abhirup/slam_platform/slam_ws/install/slam_interfaces/lib/libslam_interfaces__rosidl_typesupport_fastrtps_cpp.so
[3.700s] -- Set non-toolchain portion of runtime path of "/home/abhirup/slam_platform/slam_ws/install/slam_interfaces/lib/libslam_interfaces__rosidl_typesupport_fastrtps_cpp.so" to ""
[3.700s] -- Installing: /home/abhirup/slam_platform/slam_ws/install/slam_interfaces/lib/libslam_interfaces__rosidl_typesupport_introspection_cpp.so
[3.700s] -- Set non-toolchain portion of runtime path of "/home/abhirup/slam_platform/slam_ws/install/slam_interfaces/lib/libslam_interfaces__rosidl_typesupport_introspection_cpp.so" to ""
[3.700s] -- Installing: /home/abhirup/slam_platform/slam_ws/install/slam_interfaces/lib/libslam_interfaces__rosidl_typesupport_cpp.so
[3.701s] -- Set non-toolchain portion of runtime path of "/home/abhirup/slam_platform/slam_ws/install/slam_interfaces/lib/libslam_interfaces__rosidl_typesupport_cpp.so" to ""
[3.722s] Listing '/home/abhirup/slam_platform/slam_ws/install/slam_interfaces/lib/python3.12/site-packages/slam_interfaces'...
[3.722s] Compiling '/home/abhirup/slam_platform/slam_ws/install/slam_interfaces/lib/python3.12/site-packages/slam_interfaces/__init__.py'...
[3.722s] Listing '/home/abhirup/slam_platform/slam_ws/install/slam_interfaces/lib/python3.12/site-packages/slam_interfaces/msg'...
[3.723s] Compiling '/home/abhirup/slam_platform/slam_ws/install/slam_interfaces/lib/python3.12/site-packages/slam_interfaces/msg/__init__.py'...
[3.723s] Compiling '/home/abhirup/slam_platform/slam_ws/install/slam_interfaces/lib/python3.12/site-packages/slam_interfaces/msg/_slam_metrics.py'...
[3.725s] -- Installing: /home/abhirup/slam_platform/slam_ws/install/slam_interfaces/lib/libslam_interfaces__rosidl_generator_py.so
[3.726s] -- Set non-toolchain portion of runtime path of "/home/abhirup/slam_platform/slam_ws/install/slam_interfaces/lib/libslam_interfaces__rosidl_generator_py.so" to ""
[3.726s] -- Installing: /home/abhirup/slam_platform/slam_ws/install/slam_interfaces/share/slam_interfaces/cmake/export_slam_interfaces__rosidl_generator_cExport.cmake
[3.726s] -- Installing: /home/abhirup/slam_platform/slam_ws/install/slam_interfaces/share/slam_interfaces/cmake/export_slam_interfaces__rosidl_generator_cExport-noconfig.cmake
[3.726s] -- Installing: /home/abhirup/slam_platform/slam_ws/install/slam_interfaces/share/slam_interfaces/cmake/export_slam_interfaces__rosidl_typesupport_fastrtps_cExport.cmake
[3.726s] -- Installing: /home/abhirup/slam_platform/slam_ws/install/slam_interfaces/share/slam_interfaces/cmake/export_slam_interfaces__rosidl_typesupport_fastrtps_cExport-noconfig.cmake
[3.726s] -- Installing: /home/abhirup/slam_platform/slam_ws/install/slam_interfaces/share/slam_interfaces/cmake/slam_interfaces__rosidl_typesupport_introspection_cExport.cmake
[3.726s] -- Installing: /home/abhirup/slam_platform/slam_ws/install/slam_interfaces/share/slam_interfaces/cmake/slam_interfaces__rosidl_typesupport_introspection_cExport-noconfig.cmake
[3.726s] -- Installing: /home/abhirup/slam_platform/slam_ws/install/slam_interfaces/share/slam_interfaces/cmake/slam_interfaces__rosidl_typesupport_cExport.cmake
[3.726s] -- Installing: /home/abhirup/slam_platform/slam_ws/install/slam_interfaces/share/slam_interfaces/cmake/slam_interfaces__rosidl_typesupport_cExport-noconfig.cmake
[3.726s] -- Installing: /home/abhirup/slam_platform/slam_ws/install/slam_interfaces/share/slam_interfaces/cmake/export_slam_interfaces__rosidl_generator_cppExport.cmake
[3.726s] -- Installing: /home/abhirup/slam_platform/slam_ws/install/slam_interfaces/share/slam_interfaces/cmake/export_slam_interfaces__rosidl_typesupport_fastrtps_cppExport.cmake
[3.726s] -- Installing: /home/abhirup/slam_platform/slam_ws/install/slam_interfaces/share/slam_interfaces/cmake/export_slam_interfaces__rosidl_typesupport_fastrtps_cppExport-noconfig.cmake
[3.727s] -- Installing: /home/abhirup/slam_platform/slam_ws/install/slam_interfaces/share/slam_interfaces/cmake/slam_interfaces__rosidl_typesupport_introspection_cppExport.cmake
[3.727s] -- Installing: /home/abhirup/slam_platform/slam_ws/install/slam_interfaces/share/slam_interfaces/cmake/slam_interfaces__rosidl_typesupport_introspection_cppExport-noconfig.cmake
[3.727s] -- Installing: /home/abhirup/slam_platform/slam_ws/install/slam_interfaces/share/slam_interfaces/cmake/slam_interfaces__rosidl_typesupport_cppExport.cmake
[3.727s] -- Installing: /home/abhirup/slam_platform/slam_ws/install/slam_interfaces/share/slam_interfaces/cmake/slam_interfaces__rosidl_typesupport_cppExport-noconfig.cmake
[3.727s] -- Installing: /home/abhirup/slam_platform/slam_ws/install/slam_interfaces/share/slam_interfaces/cmake/export_slam_interfaces__rosidl_generator_pyExport.cmake
[3.727s] -- Installing: /home/abhirup/slam_platform/slam_ws/install/slam_interfaces/share/slam_interfaces/cmake/export_slam_interfaces__rosidl_generator_pyExport-noconfig.cmake
[3.728s] Invoked command in '/home/abhirup/slam_platform/slam_ws/build/slam_interfaces' returned '0': CMAKE_PREFIX_PATH=${CMAKE_PREFIX_PATH}:/home/abhirup/slam_platform/slam_ws/install/world_manager:/home/abhirup/slam_platform/slam_ws/install/tf_manager:/home/abhirup/slam_platform/slam_ws/install/sensor_adapter:/home/abhirup/slam_platform/slam_ws/install/ros_gz_bridge_manager:/home/abhirup/slam_platform/slam_ws/install/robot_bringup:/home/abhirup/slam_platform/slam_ws/install/groung_truth_provider:/home/abhirup/slam_platform/slam_ws/install/ground_truth_provider:/home/abhirup/slam_platform/slam_ws/install/experiment_manager:/home/abhirup/slam_platform/slam_ws/install/evaluator_ros:/opt/ros/jazzy DEBUGINFOD_URLS=https://debuginfod.ubuntu.com /usr/bin/cmake --install /home/abhirup/slam_platform/slam_ws/build/slam_interfaces
