[  2%] Built target slam_interfaces__rosidl_generator_type_description
[  5%] [34m[1mGenerating Rust code for ROS interfaces[0m
[  5%] Built target ament_cmake_python_copy_slam_interfaces
[  8%] Built target slam_interfaces__cpp
[ 22%] Built target slam_interfaces__rosidl_generator_c
[ 31%] Built target slam_interfaces__rosidl_typesupport_c
[ 40%] Built target slam_interfaces__rosidl_typesupport_fastrtps_cpp
[ 48%] Built target slam_interfaces__rosidl_typesupport_fastrtps_c
[ 57%] Built target slam_interfaces__rosidl_typesupport_introspection_cpp
[ 74%] Built target slam_interfaces__rosidl_typesupport_cpp
[ 74%] Built target slam_interfaces__rosidl_typesupport_introspection_c
running egg_info
writing slam_interfaces.egg-info/PKG-INFO
writing dependency_links to slam_interfaces.egg-info/dependency_links.txt
writing top-level names to slam_interfaces.egg-info/top_level.txt
[ 74%] Built target slam_interfaces__rs
reading manifest file 'slam_interfaces.egg-info/SOURCES.txt'
writing manifest file 'slam_interfaces.egg-info/SOURCES.txt'
[ 74%] Built target slam_interfaces
[ 74%] Built target ament_cmake_python_build_slam_interfaces_egg
[ 77%] [34m[1mGenerating Python code for ROS interfaces[0m
[ 77%] Built target slam_interfaces__py
[ 80%] [32mBuilding C object CMakeFiles/slam_interfaces__rosidl_generator_py.dir/rosidl_generator_py/slam_interfaces/msg/_slam_metrics_s.c.o[0m
[ 82%] [32m[1mLinking C shared library libslam_interfaces__rosidl_generator_py.so[0m
[ 82%] Built target slam_interfaces__rosidl_generator_py
[ 85%] [32mBuilding C object CMakeFiles/slam_interfaces_s__rosidl_typesupport_introspection_c.dir/rosidl_generator_py/slam_interfaces/_slam_interfaces_s.ep.rosidl_typesupport_introspection_c.c.o[0m
[ 88%] [32mBuilding C object CMakeFiles/slam_interfaces_s__rosidl_typesupport_fastrtps_c.dir/rosidl_generator_py/slam_interfaces/_slam_interfaces_s.ep.rosidl_typesupport_fastrtps_c.c.o[0m
[ 91%] [32mBuilding C object CMakeFiles/slam_interfaces_s__rosidl_typesupport_c.dir/rosidl_generator_py/slam_interfaces/_slam_interfaces_s.ep.rosidl_typesupport_c.c.o[0m
[ 94%] [32m[1mLinking C shared module rosidl_generator_py/slam_interfaces/slam_interfaces_s__rosidl_typesupport_introspection_c.so[0m
[ 97%] [32m[1mLinking C shared module rosidl_generator_py/slam_interfaces/slam_interfaces_s__rosidl_typesupport_fastrtps_c.so[0m
[ 97%] Built target slam_interfaces_s__rosidl_typesupport_introspection_c
[ 97%] Built target slam_interfaces_s__rosidl_typesupport_fastrtps_c
[100%] [32m[1mLinking C shared module rosidl_generator_py/slam_interfaces/slam_interfaces_s__rosidl_typesupport_c.so[0m
[100%] Built target slam_interfaces_s__rosidl_typesupport_c
-- Install configuration: ""
-- Installing: /home/abhirup/slam_platform/install/slam_interfaces/share/ament_index/resource_index/rosidl_interfaces/slam_interfaces
-- Installing: /home/abhirup/slam_platform/install/slam_interfaces/share/slam_interfaces/msg/SLAMMetrics.json
-- Installing: /home/abhirup/slam_platform/install/slam_interfaces/include/slam_interfaces/slam_interfaces
-- Installing: /home/abhirup/slam_platform/install/slam_interfaces/include/slam_interfaces/slam_interfaces/msg
-- Installing: /home/abhirup/slam_platform/install/slam_interfaces/include/slam_interfaces/slam_interfaces/msg/slam_metrics.h
-- Installing: /home/abhirup/slam_platform/install/slam_interfaces/include/slam_interfaces/slam_interfaces/msg/rosidl_generator_c__visibility_control.h
-- Installing: /home/abhirup/slam_platform/install/slam_interfaces/include/slam_interfaces/slam_interfaces/msg/detail
-- Installing: /home/abhirup/slam_platform/install/slam_interfaces/include/slam_interfaces/slam_interfaces/msg/detail/slam_metrics__type_support.c
-- Installing: /home/abhirup/slam_platform/install/slam_interfaces/include/slam_interfaces/slam_interfaces/msg/detail/slam_metrics__type_support.h
-- Installing: /home/abhirup/slam_platform/install/slam_interfaces/include/slam_interfaces/slam_interfaces/msg/detail/slam_metrics__description.c
-- Installing: /home/abhirup/slam_platform/install/slam_interfaces/include/slam_interfaces/slam_interfaces/msg/detail/slam_metrics__functions.h
-- Installing: /home/abhirup/slam_platform/install/slam_interfaces/include/slam_interfaces/slam_interfaces/msg/detail/slam_metrics__functions.c
-- Installing: /home/abhirup/slam_platform/install/slam_interfaces/include/slam_interfaces/slam_interfaces/msg/detail/slam_metrics__struct.h
-- Installing: /home/abhirup/slam_platform/install/slam_interfaces/share/slam_interfaces/environment/library_path.sh
-- Installing: /home/abhirup/slam_platform/install/slam_interfaces/share/slam_interfaces/environment/library_path.dsv
-- Installing: /home/abhirup/slam_platform/install/slam_interfaces/lib/libslam_interfaces__rosidl_generator_c.so
-- Set non-toolchain portion of runtime path of "/home/abhirup/slam_platform/install/slam_interfaces/lib/libslam_interfaces__rosidl_generator_c.so" to ""
-- Up-to-date: /home/abhirup/slam_platform/install/slam_interfaces/include/slam_interfaces/slam_interfaces
-- Up-to-date: /home/abhirup/slam_platform/install/slam_interfaces/include/slam_interfaces/slam_interfaces/msg
-- Up-to-date: /home/abhirup/slam_platform/install/slam_interfaces/include/slam_interfaces/slam_interfaces/msg/detail
-- Installing: /home/abhirup/slam_platform/install/slam_interfaces/include/slam_interfaces/slam_interfaces/msg/detail/slam_metrics__rosidl_typesupport_fastrtps_c.h
-- Installing: /home/abhirup/slam_platform/install/slam_interfaces/include/slam_interfaces/slam_interfaces/msg/rosidl_typesupport_fastrtps_c__visibility_control.h
-- Installing: /home/abhirup/slam_platform/install/slam_interfaces/lib/libslam_interfaces__rosidl_typesupport_fastrtps_c.so
-- Set non-toolchain portion of runtime path of "/home/abhirup/slam_platform/install/slam_interfaces/lib/libslam_interfaces__rosidl_typesupport_fastrtps_c.so" to ""
-- Up-to-date: /home/abhirup/slam_platform/install/slam_interfaces/include/slam_interfaces/slam_interfaces
-- Up-to-date: /home/abhirup/slam_platform/install/slam_interfaces/include/slam_interfaces/slam_interfaces/msg
-- Installing: /home/abhirup/slam_platform/install/slam_interfaces/include/slam_interfaces/slam_interfaces/msg/rosidl_typesupport_introspection_c__visibility_control.h
-- Up-to-date: /home/abhirup/slam_platform/install/slam_interfaces/include/slam_interfaces/slam_interfaces/msg/detail
-- Up-to-date: /home/abhirup/slam_platform/install/slam_interfaces/include/slam_interfaces/slam_interfaces/msg/detail/slam_metrics__type_support.c
-- Installing: /home/abhirup/slam_platform/install/slam_interfaces/include/slam_interfaces/slam_interfaces/msg/detail/slam_metrics__rosidl_typesupport_introspection_c.h
-- Installing: /home/abhirup/slam_platform/install/slam_interfaces/lib/libslam_interfaces__rosidl_typesupport_introspection_c.so
-- Set non-toolchain portion of runtime path of "/home/abhirup/slam_platform/install/slam_interfaces/lib/libslam_interfaces__rosidl_typesupport_introspection_c.so" to ""
-- Installing: /home/abhirup/slam_platform/install/slam_interfaces/lib/libslam_interfaces__rosidl_typesupport_c.so
-- Set non-toolchain portion of runtime path of "/home/abhirup/slam_platform/install/slam_interfaces/lib/libslam_interfaces__rosidl_typesupport_c.so" to ""
-- Up-to-date: /home/abhirup/slam_platform/install/slam_interfaces/include/slam_interfaces/slam_interfaces
-- Up-to-date: /home/abhirup/slam_platform/install/slam_interfaces/include/slam_interfaces/slam_interfaces/msg
-- Installing: /home/abhirup/slam_platform/install/slam_interfaces/include/slam_interfaces/slam_interfaces/msg/rosidl_generator_cpp__visibility_control.hpp
-- Installing: /home/abhirup/slam_platform/install/slam_interfaces/include/slam_interfaces/slam_interfaces/msg/slam_metrics.hpp
-- Up-to-date: /home/abhirup/slam_platform/install/slam_interfaces/include/slam_interfaces/slam_interfaces/msg/detail
-- Installing: /home/abhirup/slam_platform/install/slam_interfaces/include/slam_interfaces/slam_interfaces/msg/detail/slam_metrics__builder.hpp
-- Installing: /home/abhirup/slam_platform/install/slam_interfaces/include/slam_interfaces/slam_interfaces/msg/detail/slam_metrics__struct.hpp
-- Installing: /home/abhirup/slam_platform/install/slam_interfaces/include/slam_interfaces/slam_interfaces/msg/detail/slam_metrics__type_support.hpp
-- Installing: /home/abhirup/slam_platform/install/slam_interfaces/include/slam_interfaces/slam_interfaces/msg/detail/slam_metrics__traits.hpp
-- Up-to-date: /home/abhirup/slam_platform/install/slam_interfaces/include/slam_interfaces/slam_interfaces
-- Up-to-date: /home/abhirup/slam_platform/install/slam_interfaces/include/slam_interfaces/slam_interfaces/msg
-- Installing: /home/abhirup/slam_platform/install/slam_interfaces/include/slam_interfaces/slam_interfaces/msg/rosidl_typesupport_fastrtps_cpp__visibility_control.h
-- Up-to-date: /home/abhirup/slam_platform/install/slam_interfaces/include/slam_interfaces/slam_interfaces/msg/detail
-- Installing: /home/abhirup/slam_platform/install/slam_interfaces/include/slam_interfaces/slam_interfaces/msg/detail/dds_fastrtps
-- Installing: /home/abhirup/slam_platform/install/slam_interfaces/include/slam_interfaces/slam_interfaces/msg/detail/slam_metrics__rosidl_typesupport_fastrtps_cpp.hpp
-- Installing: /home/abhirup/slam_platform/install/slam_interfaces/lib/libslam_interfaces__rosidl_typesupport_fastrtps_cpp.so
-- Set non-toolchain portion of runtime path of "/home/abhirup/slam_platform/install/slam_interfaces/lib/libslam_interfaces__rosidl_typesupport_fastrtps_cpp.so" to ""
-- Up-to-date: /home/abhirup/slam_platform/install/slam_interfaces/include/slam_interfaces/slam_interfaces
-- Up-to-date: /home/abhirup/slam_platform/install/slam_interfaces/include/slam_interfaces/slam_interfaces/msg
-- Up-to-date: /home/abhirup/slam_platform/install/slam_interfaces/include/slam_interfaces/slam_interfaces/msg/detail
-- Installing: /home/abhirup/slam_platform/install/slam_interfaces/include/slam_interfaces/slam_interfaces/msg/detail/slam_metrics__type_support.cpp
-- Installing: /home/abhirup/slam_platform/install/slam_interfaces/include/slam_interfaces/slam_interfaces/msg/detail/slam_metrics__rosidl_typesupport_introspection_cpp.hpp
-- Installing: /home/abhirup/slam_platform/install/slam_interfaces/lib/libslam_interfaces__rosidl_typesupport_introspection_cpp.so
-- Set non-toolchain portion of runtime path of "/home/abhirup/slam_platform/install/slam_interfaces/lib/libslam_interfaces__rosidl_typesupport_introspection_cpp.so" to ""
-- Installing: /home/abhirup/slam_platform/install/slam_interfaces/lib/libslam_interfaces__rosidl_typesupport_cpp.so
-- Set non-toolchain portion of runtime path of "/home/abhirup/slam_platform/install/slam_interfaces/lib/libslam_interfaces__rosidl_typesupport_cpp.so" to ""
-- Installing: /home/abhirup/slam_platform/install/slam_interfaces/share/slam_interfaces/environment/pythonpath.sh
-- Installing: /home/abhirup/slam_platform/install/slam_interfaces/share/slam_interfaces/environment/pythonpath.dsv
-- Installing: /home/abhirup/slam_platform/install/slam_interfaces/lib/python3.12/site-packages/slam_interfaces-0.0.0-py3.12.egg-info
-- Installing: /home/abhirup/slam_platform/install/slam_interfaces/lib/python3.12/site-packages/slam_interfaces-0.0.0-py3.12.egg-info/dependency_links.txt
-- Installing: /home/abhirup/slam_platform/install/slam_interfaces/lib/python3.12/site-packages/slam_interfaces-0.0.0-py3.12.egg-info/SOURCES.txt
-- Installing: /home/abhirup/slam_platform/install/slam_interfaces/lib/python3.12/site-packages/slam_interfaces-0.0.0-py3.12.egg-info/top_level.txt
-- Installing: /home/abhirup/slam_platform/install/slam_interfaces/lib/python3.12/site-packages/slam_interfaces-0.0.0-py3.12.egg-info/PKG-INFO
-- Installing: /home/abhirup/slam_platform/install/slam_interfaces/lib/python3.12/site-packages/slam_interfaces
-- Installing: /home/abhirup/slam_platform/install/slam_interfaces/lib/python3.12/site-packages/slam_interfaces/_slam_interfaces_s.ep.rosidl_typesupport_c.c
-- Installing: /home/abhirup/slam_platform/install/slam_interfaces/lib/python3.12/site-packages/slam_interfaces/msg
-- Installing: /home/abhirup/slam_platform/install/slam_interfaces/lib/python3.12/site-packages/slam_interfaces/msg/__init__.py
-- Installing: /home/abhirup/slam_platform/install/slam_interfaces/lib/python3.12/site-packages/slam_interfaces/msg/_slam_metrics_s.c
-- Installing: /home/abhirup/slam_platform/install/slam_interfaces/lib/python3.12/site-packages/slam_interfaces/msg/_slam_metrics.py
-- Installing: /home/abhirup/slam_platform/install/slam_interfaces/lib/python3.12/site-packages/slam_interfaces/__init__.py
-- Installing: /home/abhirup/slam_platform/install/slam_interfaces/lib/python3.12/site-packages/slam_interfaces/_slam_interfaces_s.ep.rosidl_typesupport_introspection_c.c
-- Installing: /home/abhirup/slam_platform/install/slam_interfaces/lib/python3.12/site-packages/slam_interfaces/slam_interfaces_s__rosidl_typesupport_introspection_c.so
-- Installing: /home/abhirup/slam_platform/install/slam_interfaces/lib/python3.12/site-packages/slam_interfaces/slam_interfaces_s__rosidl_typesupport_c.so
-- Installing: /home/abhirup/slam_platform/install/slam_interfaces/lib/python3.12/site-packages/slam_interfaces/slam_interfaces_s__rosidl_typesupport_fastrtps_c.so
-- Installing: /home/abhirup/slam_platform/install/slam_interfaces/lib/python3.12/site-packages/slam_interfaces/_slam_interfaces_s.ep.rosidl_typesupport_fastrtps_c.c
Listing '/home/abhirup/slam_platform/install/slam_interfaces/lib/python3.12/site-packages/slam_interfaces'...
Compiling '/home/abhirup/slam_platform/install/slam_interfaces/lib/python3.12/site-packages/slam_interfaces/__init__.py'...
Listing '/home/abhirup/slam_platform/install/slam_interfaces/lib/python3.12/site-packages/slam_interfaces/msg'...
Compiling '/home/abhirup/slam_platform/install/slam_interfaces/lib/python3.12/site-packages/slam_interfaces/msg/__init__.py'...
Compiling '/home/abhirup/slam_platform/install/slam_interfaces/lib/python3.12/site-packages/slam_interfaces/msg/_slam_metrics.py'...
-- Installing: /home/abhirup/slam_platform/install/slam_interfaces/lib/python3.12/site-packages/slam_interfaces/slam_interfaces_s__rosidl_typesupport_fastrtps_c.so
-- Set non-toolchain portion of runtime path of "/home/abhirup/slam_platform/install/slam_interfaces/lib/python3.12/site-packages/slam_interfaces/slam_interfaces_s__rosidl_typesupport_fastrtps_c.so" to ""
-- Installing: /home/abhirup/slam_platform/install/slam_interfaces/lib/python3.12/site-packages/slam_interfaces/slam_interfaces_s__rosidl_typesupport_introspection_c.so
-- Set non-toolchain portion of runtime path of "/home/abhirup/slam_platform/install/slam_interfaces/lib/python3.12/site-packages/slam_interfaces/slam_interfaces_s__rosidl_typesupport_introspection_c.so" to ""
-- Installing: /home/abhirup/slam_platform/install/slam_interfaces/lib/python3.12/site-packages/slam_interfaces/slam_interfaces_s__rosidl_typesupport_c.so
-- Set non-toolchain portion of runtime path of "/home/abhirup/slam_platform/install/slam_interfaces/lib/python3.12/site-packages/slam_interfaces/slam_interfaces_s__rosidl_typesupport_c.so" to ""
-- Installing: /home/abhirup/slam_platform/install/slam_interfaces/lib/libslam_interfaces__rosidl_generator_py.so
-- Set non-toolchain portion of runtime path of "/home/abhirup/slam_platform/install/slam_interfaces/lib/libslam_interfaces__rosidl_generator_py.so" to ""
-- Installing: /home/abhirup/slam_platform/install/slam_interfaces/share/ament_index/resource_index/rust_packages/slam_interfaces
-- Installing: /home/abhirup/slam_platform/install/slam_interfaces/share/slam_interfaces/rust
-- Installing: /home/abhirup/slam_platform/install/slam_interfaces/share/slam_interfaces/rust/Cargo.toml
-- Installing: /home/abhirup/slam_platform/install/slam_interfaces/share/slam_interfaces/rust/src
-- Installing: /home/abhirup/slam_platform/install/slam_interfaces/share/slam_interfaces/rust/src/msg
-- Installing: /home/abhirup/slam_platform/install/slam_interfaces/share/slam_interfaces/rust/src/msg/rmw.rs
-- Installing: /home/abhirup/slam_platform/install/slam_interfaces/share/slam_interfaces/rust/src/lib.rs
-- Installing: /home/abhirup/slam_platform/install/slam_interfaces/share/slam_interfaces/rust/src/msg.rs
-- Installing: /home/abhirup/slam_platform/install/slam_interfaces/share/slam_interfaces/rust/build.rs
-- Installing: /home/abhirup/slam_platform/install/slam_interfaces/share/slam_interfaces/msg/SLAMMetrics.idl
-- Installing: /home/abhirup/slam_platform/install/slam_interfaces/share/slam_interfaces/msg/SLAMMetrics.msg
-- Installing: /home/abhirup/slam_platform/install/slam_interfaces/share/ament_index/resource_index/package_run_dependencies/slam_interfaces
-- Up-to-date: /home/abhirup/slam_platform/install/slam_interfaces/share/ament_index/resource_index/parent_prefix_path/slam_interfaces
-- Up-to-date: /home/abhirup/slam_platform/install/slam_interfaces/share/slam_interfaces/environment/ament_prefix_path.sh
-- Up-to-date: /home/abhirup/slam_platform/install/slam_interfaces/share/slam_interfaces/environment/ament_prefix_path.dsv
-- Up-to-date: /home/abhirup/slam_platform/install/slam_interfaces/share/slam_interfaces/environment/path.sh
-- Up-to-date: /home/abhirup/slam_platform/install/slam_interfaces/share/slam_interfaces/environment/path.dsv
-- Up-to-date: /home/abhirup/slam_platform/install/slam_interfaces/share/slam_interfaces/local_setup.bash
-- Installing: /home/abhirup/slam_platform/install/slam_interfaces/share/slam_interfaces/local_setup.sh
-- Up-to-date: /home/abhirup/slam_platform/install/slam_interfaces/share/slam_interfaces/local_setup.zsh
-- Installing: /home/abhirup/slam_platform/install/slam_interfaces/share/slam_interfaces/local_setup.dsv
-- Installing: /home/abhirup/slam_platform/install/slam_interfaces/share/slam_interfaces/package.dsv
-- Up-to-date: /home/abhirup/slam_platform/install/slam_interfaces/share/ament_index/resource_index/packages/slam_interfaces
-- Installing: /home/abhirup/slam_platform/install/slam_interfaces/share/slam_interfaces/cmake/export_slam_interfaces__rosidl_generator_cExport.cmake
-- Installing: /home/abhirup/slam_platform/install/slam_interfaces/share/slam_interfaces/cmake/export_slam_interfaces__rosidl_generator_cExport-noconfig.cmake
-- Installing: /home/abhirup/slam_platform/install/slam_interfaces/share/slam_interfaces/cmake/export_slam_interfaces__rosidl_typesupport_fastrtps_cExport.cmake
-- Installing: /home/abhirup/slam_platform/install/slam_interfaces/share/slam_interfaces/cmake/export_slam_interfaces__rosidl_typesupport_fastrtps_cExport-noconfig.cmake
-- Installing: /home/abhirup/slam_platform/install/slam_interfaces/share/slam_interfaces/cmake/slam_interfaces__rosidl_typesupport_introspection_cExport.cmake
-- Installing: /home/abhirup/slam_platform/install/slam_interfaces/share/slam_interfaces/cmake/slam_interfaces__rosidl_typesupport_introspection_cExport-noconfig.cmake
-- Installing: /home/abhirup/slam_platform/install/slam_interfaces/share/slam_interfaces/cmake/slam_interfaces__rosidl_typesupport_cExport.cmake
-- Installing: /home/abhirup/slam_platform/install/slam_interfaces/share/slam_interfaces/cmake/slam_interfaces__rosidl_typesupport_cExport-noconfig.cmake
-- Installing: /home/abhirup/slam_platform/install/slam_interfaces/share/slam_interfaces/cmake/export_slam_interfaces__rosidl_generator_cppExport.cmake
-- Installing: /home/abhirup/slam_platform/install/slam_interfaces/share/slam_interfaces/cmake/export_slam_interfaces__rosidl_typesupport_fastrtps_cppExport.cmake
-- Installing: /home/abhirup/slam_platform/install/slam_interfaces/share/slam_interfaces/cmake/export_slam_interfaces__rosidl_typesupport_fastrtps_cppExport-noconfig.cmake
-- Installing: /home/abhirup/slam_platform/install/slam_interfaces/share/slam_interfaces/cmake/slam_interfaces__rosidl_typesupport_introspection_cppExport.cmake
-- Installing: /home/abhirup/slam_platform/install/slam_interfaces/share/slam_interfaces/cmake/slam_interfaces__rosidl_typesupport_introspection_cppExport-noconfig.cmake
-- Installing: /home/abhirup/slam_platform/install/slam_interfaces/share/slam_interfaces/cmake/slam_interfaces__rosidl_typesupport_cppExport.cmake
-- Installing: /home/abhirup/slam_platform/install/slam_interfaces/share/slam_interfaces/cmake/slam_interfaces__rosidl_typesupport_cppExport-noconfig.cmake
-- Installing: /home/abhirup/slam_platform/install/slam_interfaces/share/slam_interfaces/cmake/export_slam_interfaces__rosidl_generator_pyExport.cmake
-- Installing: /home/abhirup/slam_platform/install/slam_interfaces/share/slam_interfaces/cmake/export_slam_interfaces__rosidl_generator_pyExport-noconfig.cmake
-- Installing: /home/abhirup/slam_platform/install/slam_interfaces/share/slam_interfaces/cmake/rosidl_cmake-extras.cmake
-- Installing: /home/abhirup/slam_platform/install/slam_interfaces/share/slam_interfaces/cmake/ament_cmake_export_dependencies-extras.cmake
-- Installing: /home/abhirup/slam_platform/install/slam_interfaces/share/slam_interfaces/cmake/ament_cmake_export_include_directories-extras.cmake
-- Installing: /home/abhirup/slam_platform/install/slam_interfaces/share/slam_interfaces/cmake/ament_cmake_export_libraries-extras.cmake
-- Installing: /home/abhirup/slam_platform/install/slam_interfaces/share/slam_interfaces/cmake/ament_cmake_export_targets-extras.cmake
-- Installing: /home/abhirup/slam_platform/install/slam_interfaces/share/slam_interfaces/cmake/rosidl_cmake_export_typesupport_targets-extras.cmake
-- Installing: /home/abhirup/slam_platform/install/slam_interfaces/share/slam_interfaces/cmake/rosidl_cmake_export_typesupport_libraries-extras.cmake
-- Installing: /home/abhirup/slam_platform/install/slam_interfaces/share/slam_interfaces/cmake/rosidl_cmake_aggregate_target-extras.cmake
-- Installing: /home/abhirup/slam_platform/install/slam_interfaces/share/slam_interfaces/cmake/slam_interfacesConfig.cmake
-- Up-to-date: /home/abhirup/slam_platform/install/slam_interfaces/share/slam_interfaces/cmake/slam_interfacesConfig-version.cmake
-- Installing: /home/abhirup/slam_platform/install/slam_interfaces/share/slam_interfaces/package.xml
