[0.556s] Invoking command in '/home/abhirup/slam_platform/build/slam_interfaces': CMAKE_PREFIX_PATH=${CMAKE_PREFIX_PATH}:/opt/ros/jazzy DEBUGINFOD_URLS=https://debuginfod.ubuntu.com /usr/bin/cmake --build /home/abhirup/slam_platform/build/slam_interfaces -- -j28 -l28
[0.674s] [  2%] Built target slam_interfaces__rosidl_generator_type_description
[0.674s] [  5%] [34m[1mGenerating Rust code for ROS interfaces[0m
[0.674s] [  5%] Built target ament_cmake_python_copy_slam_interfaces
[0.674s] [  8%] Built target slam_interfaces__cpp
[0.674s] [ 22%] Built target slam_interfaces__rosidl_generator_c
[0.675s] [ 31%] Built target slam_interfaces__rosidl_typesupport_c
[0.675s] [ 40%] Built target slam_interfaces__rosidl_typesupport_fastrtps_cpp
[0.675s] [ 48%] Built target slam_interfaces__rosidl_typesupport_fastrtps_c
[0.675s] [ 57%] Built target slam_interfaces__rosidl_typesupport_introspection_cpp
[0.675s] [ 74%] Built target slam_interfaces__rosidl_typesupport_cpp
[0.675s] [ 74%] Built target slam_interfaces__rosidl_typesupport_introspection_c
[0.691s] running egg_info
[0.698s] writing slam_interfaces.egg-info/PKG-INFO
[0.698s] writing dependency_links to slam_interfaces.egg-info/dependency_links.txt
[0.698s] writing top-level names to slam_interfaces.egg-info/top_level.txt
[0.712s] [ 74%] Built target slam_interfaces__rs
[0.717s] reading manifest file 'slam_interfaces.egg-info/SOURCES.txt'
[0.717s] writing manifest file 'slam_interfaces.egg-info/SOURCES.txt'
[0.726s] [ 74%] Built target slam_interfaces
[0.731s] [ 74%] Built target ament_cmake_python_build_slam_interfaces_egg
[0.740s] [ 77%] [34m[1mGenerating Python code for ROS interfaces[0m
[0.877s] [ 77%] Built target slam_interfaces__py
[0.892s] [ 80%] [32mBuilding C object CMakeFiles/slam_interfaces__rosidl_generator_py.dir/rosidl_generator_py/slam_interfaces/msg/_slam_metrics_s.c.o[0m
[1.014s] [ 82%] [32m[1mLinking C shared library libslam_interfaces__rosidl_generator_py.so[0m
[1.048s] [ 82%] Built target slam_interfaces__rosidl_generator_py
[1.060s] [ 85%] [32mBuilding C object CMakeFiles/slam_interfaces_s__rosidl_typesupport_introspection_c.dir/rosidl_generator_py/slam_interfaces/_slam_interfaces_s.ep.rosidl_typesupport_introspection_c.c.o[0m
[1.061s] [ 88%] [32mBuilding C object CMakeFiles/slam_interfaces_s__rosidl_typesupport_fastrtps_c.dir/rosidl_generator_py/slam_interfaces/_slam_interfaces_s.ep.rosidl_typesupport_fastrtps_c.c.o[0m
[1.062s] [ 91%] [32mBuilding C object CMakeFiles/slam_interfaces_s__rosidl_typesupport_c.dir/rosidl_generator_py/slam_interfaces/_slam_interfaces_s.ep.rosidl_typesupport_c.c.o[0m
[1.108s] [ 94%] [32m[1mLinking C shared module rosidl_generator_py/slam_interfaces/slam_interfaces_s__rosidl_typesupport_introspection_c.so[0m
[1.110s] [ 97%] [32m[1mLinking C shared module rosidl_generator_py/slam_interfaces/slam_interfaces_s__rosidl_typesupport_fastrtps_c.so[0m
[1.129s] [ 97%] Built target slam_interfaces_s__rosidl_typesupport_introspection_c
[1.133s] [ 97%] Built target slam_interfaces_s__rosidl_typesupport_fastrtps_c
[1.136s] [100%] [32m[1mLinking C shared module rosidl_generator_py/slam_interfaces/slam_interfaces_s__rosidl_typesupport_c.so[0m
[1.159s] [100%] Built target slam_interfaces_s__rosidl_typesupport_c
[1.169s] Invoked command in '/home/abhirup/slam_platform/build/slam_interfaces' returned '0': CMAKE_PREFIX_PATH=${CMAKE_PREFIX_PATH}:/opt/ros/jazzy DEBUGINFOD_URLS=https://debuginfod.ubuntu.com /usr/bin/cmake --build /home/abhirup/slam_platform/build/slam_interfaces -- -j28 -l28
[1.176s] Invoking command in '/home/abhirup/slam_platform/build/slam_interfaces': CMAKE_PREFIX_PATH=${CMAKE_PREFIX_PATH}:/opt/ros/jazzy DEBUGINFOD_URLS=https://debuginfod.ubuntu.com /usr/bin/cmake --install /home/abhirup/slam_platform/build/slam_interfaces
[1.182s] -- Install configuration: ""
[1.183s] -- Installing: /home/abhirup/slam_platform/install/slam_interfaces/share/ament_index/resource_index/rosidl_interfaces/slam_interfaces
[1.183s] -- Installing: /home/abhirup/slam_platform/install/slam_interfaces/share/slam_interfaces/msg/SLAMMetrics.json
[1.183s] -- Installing: /home/abhirup/slam_platform/install/slam_interfaces/include/slam_interfaces/slam_interfaces
[1.183s] -- Installing: /home/abhirup/slam_platform/install/slam_interfaces/include/slam_interfaces/slam_interfaces/msg
[1.183s] -- Installing: /home/abhirup/slam_platform/install/slam_interfaces/include/slam_interfaces/slam_interfaces/msg/slam_metrics.h
[1.183s] -- Installing: /home/abhirup/slam_platform/install/slam_interfaces/include/slam_interfaces/slam_interfaces/msg/rosidl_generator_c__visibility_control.h
[1.183s] -- Installing: /home/abhirup/slam_platform/install/slam_interfaces/include/slam_interfaces/slam_interfaces/msg/detail
[1.183s] -- Installing: /home/abhirup/slam_platform/install/slam_interfaces/include/slam_interfaces/slam_interfaces/msg/detail/slam_metrics__type_support.c
[1.183s] -- Installing: /home/abhirup/slam_platform/install/slam_interfaces/include/slam_interfaces/slam_interfaces/msg/detail/slam_metrics__type_support.h
[1.183s] -- Installing: /home/abhirup/slam_platform/install/slam_interfaces/include/slam_interfaces/slam_interfaces/msg/detail/slam_metrics__description.c
[1.183s] -- Installing: /home/abhirup/slam_platform/install/slam_interfaces/include/slam_interfaces/slam_interfaces/msg/detail/slam_metrics__functions.h
[1.184s] -- Installing: /home/abhirup/slam_platform/install/slam_interfaces/include/slam_interfaces/slam_interfaces/msg/detail/slam_metrics__functions.c
[1.184s] -- Installing: /home/abhirup/slam_platform/install/slam_interfaces/include/slam_interfaces/slam_interfaces/msg/detail/slam_metrics__struct.h
[1.184s] -- Installing: /home/abhirup/slam_platform/install/slam_interfaces/share/slam_interfaces/environment/library_path.sh
[1.184s] -- Installing: /home/abhirup/slam_platform/install/slam_interfaces/share/slam_interfaces/environment/library_path.dsv
[1.184s] -- Installing: /home/abhirup/slam_platform/install/slam_interfaces/lib/libslam_interfaces__rosidl_generator_c.so
[1.184s] -- Set non-toolchain portion of runtime path of "/home/abhirup/slam_platform/install/slam_interfaces/lib/libslam_interfaces__rosidl_generator_c.so" to ""
[1.184s] -- Up-to-date: /home/abhirup/slam_platform/install/slam_interfaces/include/slam_interfaces/slam_interfaces
[1.184s] -- Up-to-date: /home/abhirup/slam_platform/install/slam_interfaces/include/slam_interfaces/slam_interfaces/msg
[1.184s] -- Up-to-date: /home/abhirup/slam_platform/install/slam_interfaces/include/slam_interfaces/slam_interfaces/msg/detail
[1.184s] -- Installing: /home/abhirup/slam_platform/install/slam_interfaces/include/slam_interfaces/slam_interfaces/msg/detail/slam_metrics__rosidl_typesupport_fastrtps_c.h
[1.184s] -- Installing: /home/abhirup/slam_platform/install/slam_interfaces/include/slam_interfaces/slam_interfaces/msg/rosidl_typesupport_fastrtps_c__visibility_control.h
[1.184s] -- Installing: /home/abhirup/slam_platform/install/slam_interfaces/lib/libslam_interfaces__rosidl_typesupport_fastrtps_c.so
[1.184s] -- Set non-toolchain portion of runtime path of "/home/abhirup/slam_platform/install/slam_interfaces/lib/libslam_interfaces__rosidl_typesupport_fastrtps_c.so" to ""
[1.185s] -- Up-to-date: /home/abhirup/slam_platform/install/slam_interfaces/include/slam_interfaces/slam_interfaces
[1.185s] -- Up-to-date: /home/abhirup/slam_platform/install/slam_interfaces/include/slam_interfaces/slam_interfaces/msg
[1.185s] -- Installing: /home/abhirup/slam_platform/install/slam_interfaces/include/slam_interfaces/slam_interfaces/msg/rosidl_typesupport_introspection_c__visibility_control.h
[1.185s] -- Up-to-date: /home/abhirup/slam_platform/install/slam_interfaces/include/slam_interfaces/slam_interfaces/msg/detail
[1.185s] -- Up-to-date: /home/abhirup/slam_platform/install/slam_interfaces/include/slam_interfaces/slam_interfaces/msg/detail/slam_metrics__type_support.c
[1.185s] -- Installing: /home/abhirup/slam_platform/install/slam_interfaces/include/slam_interfaces/slam_interfaces/msg/detail/slam_metrics__rosidl_typesupport_introspection_c.h
[1.185s] -- Installing: /home/abhirup/slam_platform/install/slam_interfaces/lib/libslam_interfaces__rosidl_typesupport_introspection_c.so
[1.185s] -- Set non-toolchain portion of runtime path of "/home/abhirup/slam_platform/install/slam_interfaces/lib/libslam_interfaces__rosidl_typesupport_introspection_c.so" to ""
[1.185s] -- Installing: /home/abhirup/slam_platform/install/slam_interfaces/lib/libslam_interfaces__rosidl_typesupport_c.so
[1.185s] -- Set non-toolchain portion of runtime path of "/home/abhirup/slam_platform/install/slam_interfaces/lib/libslam_interfaces__rosidl_typesupport_c.so" to ""
[1.185s] -- Up-to-date: /home/abhirup/slam_platform/install/slam_interfaces/include/slam_interfaces/slam_interfaces
[1.185s] -- Up-to-date: /home/abhirup/slam_platform/install/slam_interfaces/include/slam_interfaces/slam_interfaces/msg
[1.185s] -- Installing: /home/abhirup/slam_platform/install/slam_interfaces/include/slam_interfaces/slam_interfaces/msg/rosidl_generator_cpp__visibility_control.hpp
[1.186s] -- Installing: /home/abhirup/slam_platform/install/slam_interfaces/include/slam_interfaces/slam_interfaces/msg/slam_metrics.hpp
[1.186s] -- Up-to-date: /home/abhirup/slam_platform/install/slam_interfaces/include/slam_interfaces/slam_interfaces/msg/detail
[1.186s] -- Installing: /home/abhirup/slam_platform/install/slam_interfaces/include/slam_interfaces/slam_interfaces/msg/detail/slam_metrics__builder.hpp
[1.186s] -- Installing: /home/abhirup/slam_platform/install/slam_interfaces/include/slam_interfaces/slam_interfaces/msg/detail/slam_metrics__struct.hpp
[1.186s] -- Installing: /home/abhirup/slam_platform/install/slam_interfaces/include/slam_interfaces/slam_interfaces/msg/detail/slam_metrics__type_support.hpp
[1.186s] -- Installing: /home/abhirup/slam_platform/install/slam_interfaces/include/slam_interfaces/slam_interfaces/msg/detail/slam_metrics__traits.hpp
[1.186s] -- Up-to-date: /home/abhirup/slam_platform/install/slam_interfaces/include/slam_interfaces/slam_interfaces
[1.186s] -- Up-to-date: /home/abhirup/slam_platform/install/slam_interfaces/include/slam_interfaces/slam_interfaces/msg
[1.186s] -- Installing: /home/abhirup/slam_platform/install/slam_interfaces/include/slam_interfaces/slam_interfaces/msg/rosidl_typesupport_fastrtps_cpp__visibility_control.h
[1.187s] -- Up-to-date: /home/abhirup/slam_platform/install/slam_interfaces/include/slam_interfaces/slam_interfaces/msg/detail
[1.187s] -- Installing: /home/abhirup/slam_platform/install/slam_interfaces/include/slam_interfaces/slam_interfaces/msg/detail/dds_fastrtps
[1.187s] -- Installing: /home/abhirup/slam_platform/install/slam_interfaces/include/slam_interfaces/slam_interfaces/msg/detail/slam_metrics__rosidl_typesupport_fastrtps_cpp.hpp
[1.187s] -- Installing: /home/abhirup/slam_platform/install/slam_interfaces/lib/libslam_interfaces__rosidl_typesupport_fastrtps_cpp.so
[1.187s] -- Set non-toolchain portion of runtime path of "/home/abhirup/slam_platform/install/slam_interfaces/lib/libslam_interfaces__rosidl_typesupport_fastrtps_cpp.so" to ""
[1.187s] -- Up-to-date: /home/abhirup/slam_platform/install/slam_interfaces/include/slam_interfaces/slam_interfaces
[1.187s] -- Up-to-date: /home/abhirup/slam_platform/install/slam_interfaces/include/slam_interfaces/slam_interfaces/msg
[1.187s] -- Up-to-date: /home/abhirup/slam_platform/install/slam_interfaces/include/slam_interfaces/slam_interfaces/msg/detail
[1.187s] -- Installing: /home/abhirup/slam_platform/install/slam_interfaces/include/slam_interfaces/slam_interfaces/msg/detail/slam_metrics__type_support.cpp
[1.187s] -- Installing: /home/abhirup/slam_platform/install/slam_interfaces/include/slam_interfaces/slam_interfaces/msg/detail/slam_metrics__rosidl_typesupport_introspection_cpp.hpp
[1.187s] -- Installing: /home/abhirup/slam_platform/install/slam_interfaces/lib/libslam_interfaces__rosidl_typesupport_introspection_cpp.so
[1.187s] -- Set non-toolchain portion of runtime path of "/home/abhirup/slam_platform/install/slam_interfaces/lib/libslam_interfaces__rosidl_typesupport_introspection_cpp.so" to ""
[1.187s] -- Installing: /home/abhirup/slam_platform/install/slam_interfaces/lib/libslam_interfaces__rosidl_typesupport_cpp.so
[1.188s] -- Set non-toolchain portion of runtime path of "/home/abhirup/slam_platform/install/slam_interfaces/lib/libslam_interfaces__rosidl_typesupport_cpp.so" to ""
[1.188s] -- Installing: /home/abhirup/slam_platform/install/slam_interfaces/share/slam_interfaces/environment/pythonpath.sh
[1.188s] -- Installing: /home/abhirup/slam_platform/install/slam_interfaces/share/slam_interfaces/environment/pythonpath.dsv
[1.188s] -- Installing: /home/abhirup/slam_platform/install/slam_interfaces/lib/python3.12/site-packages/slam_interfaces-0.0.0-py3.12.egg-info
[1.188s] -- Installing: /home/abhirup/slam_platform/install/slam_interfaces/lib/python3.12/site-packages/slam_interfaces-0.0.0-py3.12.egg-info/dependency_links.txt
[1.188s] -- Installing: /home/abhirup/slam_platform/install/slam_interfaces/lib/python3.12/site-packages/slam_interfaces-0.0.0-py3.12.egg-info/SOURCES.txt
[1.188s] -- Installing: /home/abhirup/slam_platform/install/slam_interfaces/lib/python3.12/site-packages/slam_interfaces-0.0.0-py3.12.egg-info/top_level.txt
[1.188s] -- Installing: /home/abhirup/slam_platform/install/slam_interfaces/lib/python3.12/site-packages/slam_interfaces-0.0.0-py3.12.egg-info/PKG-INFO
[1.188s] -- Installing: /home/abhirup/slam_platform/install/slam_interfaces/lib/python3.12/site-packages/slam_interfaces
[1.188s] -- Installing: /home/abhirup/slam_platform/install/slam_interfaces/lib/python3.12/site-packages/slam_interfaces/_slam_interfaces_s.ep.rosidl_typesupport_c.c
[1.188s] -- Installing: /home/abhirup/slam_platform/install/slam_interfaces/lib/python3.12/site-packages/slam_interfaces/msg
[1.188s] -- Installing: /home/abhirup/slam_platform/install/slam_interfaces/lib/python3.12/site-packages/slam_interfaces/msg/__init__.py
[1.188s] -- Installing: /home/abhirup/slam_platform/install/slam_interfaces/lib/python3.12/site-packages/slam_interfaces/msg/_slam_metrics_s.c
[1.188s] -- Installing: /home/abhirup/slam_platform/install/slam_interfaces/lib/python3.12/site-packages/slam_interfaces/msg/_slam_metrics.py
[1.188s] -- Installing: /home/abhirup/slam_platform/install/slam_interfaces/lib/python3.12/site-packages/slam_interfaces/__init__.py
[1.188s] -- Installing: /home/abhirup/slam_platform/install/slam_interfaces/lib/python3.12/site-packages/slam_interfaces/_slam_interfaces_s.ep.rosidl_typesupport_introspection_c.c
[1.189s] -- Installing: /home/abhirup/slam_platform/install/slam_interfaces/lib/python3.12/site-packages/slam_interfaces/slam_interfaces_s__rosidl_typesupport_introspection_c.so
[1.189s] -- Installing: /home/abhirup/slam_platform/install/slam_interfaces/lib/python3.12/site-packages/slam_interfaces/slam_interfaces_s__rosidl_typesupport_c.so
[1.189s] -- Installing: /home/abhirup/slam_platform/install/slam_interfaces/lib/python3.12/site-packages/slam_interfaces/slam_interfaces_s__rosidl_typesupport_fastrtps_c.so
[1.189s] -- Installing: /home/abhirup/slam_platform/install/slam_interfaces/lib/python3.12/site-packages/slam_interfaces/_slam_interfaces_s.ep.rosidl_typesupport_fastrtps_c.c
[1.214s] Listing '/home/abhirup/slam_platform/install/slam_interfaces/lib/python3.12/site-packages/slam_interfaces'...
[1.214s] Compiling '/home/abhirup/slam_platform/install/slam_interfaces/lib/python3.12/site-packages/slam_interfaces/__init__.py'...
[1.214s] Listing '/home/abhirup/slam_platform/install/slam_interfaces/lib/python3.12/site-packages/slam_interfaces/msg'...
[1.214s] Compiling '/home/abhirup/slam_platform/install/slam_interfaces/lib/python3.12/site-packages/slam_interfaces/msg/__init__.py'...
[1.214s] Compiling '/home/abhirup/slam_platform/install/slam_interfaces/lib/python3.12/site-packages/slam_interfaces/msg/_slam_metrics.py'...
[1.217s] -- Installing: /home/abhirup/slam_platform/install/slam_interfaces/lib/python3.12/site-packages/slam_interfaces/slam_interfaces_s__rosidl_typesupport_fastrtps_c.so
[1.217s] -- Set non-toolchain portion of runtime path of "/home/abhirup/slam_platform/install/slam_interfaces/lib/python3.12/site-packages/slam_interfaces/slam_interfaces_s__rosidl_typesupport_fastrtps_c.so" to ""
[1.217s] -- Installing: /home/abhirup/slam_platform/install/slam_interfaces/lib/python3.12/site-packages/slam_interfaces/slam_interfaces_s__rosidl_typesupport_introspection_c.so
[1.217s] -- Set non-toolchain portion of runtime path of "/home/abhirup/slam_platform/install/slam_interfaces/lib/python3.12/site-packages/slam_interfaces/slam_interfaces_s__rosidl_typesupport_introspection_c.so" to ""
[1.218s] -- Installing: /home/abhirup/slam_platform/install/slam_interfaces/lib/python3.12/site-packages/slam_interfaces/slam_interfaces_s__rosidl_typesupport_c.so
[1.218s] -- Set non-toolchain portion of runtime path of "/home/abhirup/slam_platform/install/slam_interfaces/lib/python3.12/site-packages/slam_interfaces/slam_interfaces_s__rosidl_typesupport_c.so" to ""
[1.218s] -- Installing: /home/abhirup/slam_platform/install/slam_interfaces/lib/libslam_interfaces__rosidl_generator_py.so
[1.219s] -- Set non-toolchain portion of runtime path of "/home/abhirup/slam_platform/install/slam_interfaces/lib/libslam_interfaces__rosidl_generator_py.so" to ""
[1.219s] -- Installing: /home/abhirup/slam_platform/install/slam_interfaces/share/ament_index/resource_index/rust_packages/slam_interfaces
[1.219s] -- Installing: /home/abhirup/slam_platform/install/slam_interfaces/share/slam_interfaces/rust
[1.220s] -- Installing: /home/abhirup/slam_platform/install/slam_interfaces/share/slam_interfaces/rust/Cargo.toml
[1.220s] -- Installing: /home/abhirup/slam_platform/install/slam_interfaces/share/slam_interfaces/rust/src
[1.220s] -- Installing: /home/abhirup/slam_platform/install/slam_interfaces/share/slam_interfaces/rust/src/msg
[1.220s] -- Installing: /home/abhirup/slam_platform/install/slam_interfaces/share/slam_interfaces/rust/src/msg/rmw.rs
[1.221s] -- Installing: /home/abhirup/slam_platform/install/slam_interfaces/share/slam_interfaces/rust/src/lib.rs
[1.221s] -- Installing: /home/abhirup/slam_platform/install/slam_interfaces/share/slam_interfaces/rust/src/msg.rs
[1.221s] -- Installing: /home/abhirup/slam_platform/install/slam_interfaces/share/slam_interfaces/rust/build.rs
[1.221s] -- Installing: /home/abhirup/slam_platform/install/slam_interfaces/share/slam_interfaces/msg/SLAMMetrics.idl
[1.221s] -- Installing: /home/abhirup/slam_platform/install/slam_interfaces/share/slam_interfaces/msg/SLAMMetrics.msg
[1.221s] -- Installing: /home/abhirup/slam_platform/install/slam_interfaces/share/ament_index/resource_index/package_run_dependencies/slam_interfaces
[1.221s] -- Up-to-date: /home/abhirup/slam_platform/install/slam_interfaces/share/ament_index/resource_index/parent_prefix_path/slam_interfaces
[1.221s] -- Up-to-date: /home/abhirup/slam_platform/install/slam_interfaces/share/slam_interfaces/environment/ament_prefix_path.sh
[1.221s] -- Up-to-date: /home/abhirup/slam_platform/install/slam_interfaces/share/slam_interfaces/environment/ament_prefix_path.dsv
[1.222s] -- Up-to-date: /home/abhirup/slam_platform/install/slam_interfaces/share/slam_interfaces/environment/path.sh
[1.222s] -- Up-to-date: /home/abhirup/slam_platform/install/slam_interfaces/share/slam_interfaces/environment/path.dsv
[1.222s] -- Up-to-date: /home/abhirup/slam_platform/install/slam_interfaces/share/slam_interfaces/local_setup.bash
[1.222s] -- Installing: /home/abhirup/slam_platform/install/slam_interfaces/share/slam_interfaces/local_setup.sh
[1.222s] -- Up-to-date: /home/abhirup/slam_platform/install/slam_interfaces/share/slam_interfaces/local_setup.zsh
[1.223s] -- Installing: /home/abhirup/slam_platform/install/slam_interfaces/share/slam_interfaces/local_setup.dsv
[1.223s] -- Installing: /home/abhirup/slam_platform/install/slam_interfaces/share/slam_interfaces/package.dsv
[1.223s] -- Up-to-date: /home/abhirup/slam_platform/install/slam_interfaces/share/ament_index/resource_index/packages/slam_interfaces
[1.223s] -- Installing: /home/abhirup/slam_platform/install/slam_interfaces/share/slam_interfaces/cmake/export_slam_interfaces__rosidl_generator_cExport.cmake
[1.223s] -- Installing: /home/abhirup/slam_platform/install/slam_interfaces/share/slam_interfaces/cmake/export_slam_interfaces__rosidl_generator_cExport-noconfig.cmake
[1.224s] -- Installing: /home/abhirup/slam_platform/install/slam_interfaces/share/slam_interfaces/cmake/export_slam_interfaces__rosidl_typesupport_fastrtps_cExport.cmake
[1.224s] -- Installing: /home/abhirup/slam_platform/install/slam_interfaces/share/slam_interfaces/cmake/export_slam_interfaces__rosidl_typesupport_fastrtps_cExport-noconfig.cmake
[1.224s] -- Installing: /home/abhirup/slam_platform/install/slam_interfaces/share/slam_interfaces/cmake/slam_interfaces__rosidl_typesupport_introspection_cExport.cmake
[1.224s] -- Installing: /home/abhirup/slam_platform/install/slam_interfaces/share/slam_interfaces/cmake/slam_interfaces__rosidl_typesupport_introspection_cExport-noconfig.cmake
[1.224s] -- Installing: /home/abhirup/slam_platform/install/slam_interfaces/share/slam_interfaces/cmake/slam_interfaces__rosidl_typesupport_cExport.cmake
[1.224s] -- Installing: /home/abhirup/slam_platform/install/slam_interfaces/share/slam_interfaces/cmake/slam_interfaces__rosidl_typesupport_cExport-noconfig.cmake
[1.224s] -- Installing: /home/abhirup/slam_platform/install/slam_interfaces/share/slam_interfaces/cmake/export_slam_interfaces__rosidl_generator_cppExport.cmake
[1.224s] -- Installing: /home/abhirup/slam_platform/install/slam_interfaces/share/slam_interfaces/cmake/export_slam_interfaces__rosidl_typesupport_fastrtps_cppExport.cmake
[1.224s] -- Installing: /home/abhirup/slam_platform/install/slam_interfaces/share/slam_interfaces/cmake/export_slam_interfaces__rosidl_typesupport_fastrtps_cppExport-noconfig.cmake
[1.224s] -- Installing: /home/abhirup/slam_platform/install/slam_interfaces/share/slam_interfaces/cmake/slam_interfaces__rosidl_typesupport_introspection_cppExport.cmake
[1.225s] -- Installing: /home/abhirup/slam_platform/install/slam_interfaces/share/slam_interfaces/cmake/slam_interfaces__rosidl_typesupport_introspection_cppExport-noconfig.cmake
[1.225s] -- Installing: /home/abhirup/slam_platform/install/slam_interfaces/share/slam_interfaces/cmake/slam_interfaces__rosidl_typesupport_cppExport.cmake
[1.225s] -- Installing: /home/abhirup/slam_platform/install/slam_interfaces/share/slam_interfaces/cmake/slam_interfaces__rosidl_typesupport_cppExport-noconfig.cmake
[1.225s] -- Installing: /home/abhirup/slam_platform/install/slam_interfaces/share/slam_interfaces/cmake/export_slam_interfaces__rosidl_generator_pyExport.cmake
[1.225s] -- Installing: /home/abhirup/slam_platform/install/slam_interfaces/share/slam_interfaces/cmake/export_slam_interfaces__rosidl_generator_pyExport-noconfig.cmake
[1.225s] -- Installing: /home/abhirup/slam_platform/install/slam_interfaces/share/slam_interfaces/cmake/rosidl_cmake-extras.cmake
[1.226s] -- Installing: /home/abhirup/slam_platform/install/slam_interfaces/share/slam_interfaces/cmake/ament_cmake_export_dependencies-extras.cmake
[1.226s] -- Installing: /home/abhirup/slam_platform/install/slam_interfaces/share/slam_interfaces/cmake/ament_cmake_export_include_directories-extras.cmake
[1.226s] -- Installing: /home/abhirup/slam_platform/install/slam_interfaces/share/slam_interfaces/cmake/ament_cmake_export_libraries-extras.cmake
[1.226s] -- Installing: /home/abhirup/slam_platform/install/slam_interfaces/share/slam_interfaces/cmake/ament_cmake_export_targets-extras.cmake
[1.226s] -- Installing: /home/abhirup/slam_platform/install/slam_interfaces/share/slam_interfaces/cmake/rosidl_cmake_export_typesupport_targets-extras.cmake
[1.227s] -- Installing: /home/abhirup/slam_platform/install/slam_interfaces/share/slam_interfaces/cmake/rosidl_cmake_export_typesupport_libraries-extras.cmake
[1.227s] -- Installing: /home/abhirup/slam_platform/install/slam_interfaces/share/slam_interfaces/cmake/rosidl_cmake_aggregate_target-extras.cmake
[1.227s] -- Installing: /home/abhirup/slam_platform/install/slam_interfaces/share/slam_interfaces/cmake/slam_interfacesConfig.cmake
[1.227s] -- Up-to-date: /home/abhirup/slam_platform/install/slam_interfaces/share/slam_interfaces/cmake/slam_interfacesConfig-version.cmake
[1.228s] -- Installing: /home/abhirup/slam_platform/install/slam_interfaces/share/slam_interfaces/package.xml
[1.229s] Invoked command in '/home/abhirup/slam_platform/build/slam_interfaces' returned '0': CMAKE_PREFIX_PATH=${CMAKE_PREFIX_PATH}:/opt/ros/jazzy DEBUGINFOD_URLS=https://debuginfod.ubuntu.com /usr/bin/cmake --install /home/abhirup/slam_platform/build/slam_interfaces
