/home/abhirup/slam_platform/install/sensor_adapter/lib/python3.12/site-packages/sensor_adapter/odom_adapter.py
/home/abhirup/slam_platform/install/sensor_adapter/lib/python3.12/site-packages/sensor_adapter/camera_info_adapter.py
/home/abhirup/slam_platform/install/sensor_adapter/lib/python3.12/site-packages/sensor_adapter/imu_adapter.py
/home/abhirup/slam_platform/install/sensor_adapter/lib/python3.12/site-packages/sensor_adapter/__init__.py
/home/abhirup/slam_platform/install/sensor_adapter/lib/python3.12/site-packages/sensor_adapter/camera_adapter.py
/home/abhirup/slam_platform/install/sensor_adapter/lib/python3.12/site-packages/sensor_adapter/lidar_adapter.py
/home/abhirup/slam_platform/install/sensor_adapter/lib/python3.12/site-packages/sensor_adapter/__pycache__/odom_adapter.cpython-312.pyc
/home/abhirup/slam_platform/install/sensor_adapter/lib/python3.12/site-packages/sensor_adapter/__pycache__/camera_info_adapter.cpython-312.pyc
/home/abhirup/slam_platform/install/sensor_adapter/lib/python3.12/site-packages/sensor_adapter/__pycache__/imu_adapter.cpython-312.pyc
/home/abhirup/slam_platform/install/sensor_adapter/lib/python3.12/site-packages/sensor_adapter/__pycache__/__init__.cpython-312.pyc
/home/abhirup/slam_platform/install/sensor_adapter/lib/python3.12/site-packages/sensor_adapter/__pycache__/camera_adapter.cpython-312.pyc
/home/abhirup/slam_platform/install/sensor_adapter/lib/python3.12/site-packages/sensor_adapter/__pycache__/lidar_adapter.cpython-312.pyc
/home/abhirup/slam_platform/install/sensor_adapter/share/ament_index/resource_index/packages/sensor_adapter
/home/abhirup/slam_platform/install/sensor_adapter/share/sensor_adapter/package.xml
/home/abhirup/slam_platform/install/sensor_adapter/share/sensor_adapter/launch/sensor_adapter.launch.py
/home/abhirup/slam_platform/install/sensor_adapter/lib/python3.12/site-packages/sensor_adapter-0.0.0-py3.12.egg-info/dependency_links.txt
/home/abhirup/slam_platform/install/sensor_adapter/lib/python3.12/site-packages/sensor_adapter-0.0.0-py3.12.egg-info/requires.txt
/home/abhirup/slam_platform/install/sensor_adapter/lib/python3.12/site-packages/sensor_adapter-0.0.0-py3.12.egg-info/entry_points.txt
/home/abhirup/slam_platform/install/sensor_adapter/lib/python3.12/site-packages/sensor_adapter-0.0.0-py3.12.egg-info/SOURCES.txt
/home/abhirup/slam_platform/install/sensor_adapter/lib/python3.12/site-packages/sensor_adapter-0.0.0-py3.12.egg-info/zip-safe
/home/abhirup/slam_platform/install/sensor_adapter/lib/python3.12/site-packages/sensor_adapter-0.0.0-py3.12.egg-info/top_level.txt
/home/abhirup/slam_platform/install/sensor_adapter/lib/python3.12/site-packages/sensor_adapter-0.0.0-py3.12.egg-info/PKG-INFO
/home/abhirup/slam_platform/install/sensor_adapter/lib/sensor_adapter/camera_adapter
/home/abhirup/slam_platform/install/sensor_adapter/lib/sensor_adapter/camera_info_adapter
/home/abhirup/slam_platform/install/sensor_adapter/lib/sensor_adapter/imu_adapter
/home/abhirup/slam_platform/install/sensor_adapter/lib/sensor_adapter/lidar_adapter
/home/abhirup/slam_platform/install/sensor_adapter/lib/sensor_adapter/odom_adapter
