/home/abhirup/slam_platform/install/ground_truth_provider/lib/python3.12/site-packages/ground_truth_provider/odom_provider.py
/home/abhirup/slam_platform/install/ground_truth_provider/lib/python3.12/site-packages/ground_truth_provider/__init__.py
/home/abhirup/slam_platform/install/ground_truth_provider/lib/python3.12/site-packages/ground_truth_provider/pose_provider.py
/home/abhirup/slam_platform/install/ground_truth_provider/lib/python3.12/site-packages/ground_truth_provider/path_provider.py
/home/abhirup/slam_platform/install/ground_truth_provider/lib/python3.12/site-packages/ground_truth_provider/__pycache__/odom_provider.cpython-312.pyc
/home/abhirup/slam_platform/install/ground_truth_provider/lib/python3.12/site-packages/ground_truth_provider/__pycache__/__init__.cpython-312.pyc
/home/abhirup/slam_platform/install/ground_truth_provider/lib/python3.12/site-packages/ground_truth_provider/__pycache__/pose_provider.cpython-312.pyc
/home/abhirup/slam_platform/install/ground_truth_provider/lib/python3.12/site-packages/ground_truth_provider/__pycache__/path_provider.cpython-312.pyc
/home/abhirup/slam_platform/install/ground_truth_provider/share/ament_index/resource_index/packages/ground_truth_provider
/home/abhirup/slam_platform/install/ground_truth_provider/share/ground_truth_provider/package.xml
/home/abhirup/slam_platform/install/ground_truth_provider/share/ground_truth_provider/launch/ground_truth_provider.launch.py
/home/abhirup/slam_platform/install/ground_truth_provider/lib/python3.12/site-packages/ground_truth_provider-0.0.0-py3.12.egg-info/dependency_links.txt
/home/abhirup/slam_platform/install/ground_truth_provider/lib/python3.12/site-packages/ground_truth_provider-0.0.0-py3.12.egg-info/requires.txt
/home/abhirup/slam_platform/install/ground_truth_provider/lib/python3.12/site-packages/ground_truth_provider-0.0.0-py3.12.egg-info/entry_points.txt
/home/abhirup/slam_platform/install/ground_truth_provider/lib/python3.12/site-packages/ground_truth_provider-0.0.0-py3.12.egg-info/SOURCES.txt
/home/abhirup/slam_platform/install/ground_truth_provider/lib/python3.12/site-packages/ground_truth_provider-0.0.0-py3.12.egg-info/zip-safe
/home/abhirup/slam_platform/install/ground_truth_provider/lib/python3.12/site-packages/ground_truth_provider-0.0.0-py3.12.egg-info/top_level.txt
/home/abhirup/slam_platform/install/ground_truth_provider/lib/python3.12/site-packages/ground_truth_provider-0.0.0-py3.12.egg-info/PKG-INFO
/home/abhirup/slam_platform/install/ground_truth_provider/lib/ground_truth_provider/path_provider
/home/abhirup/slam_platform/install/ground_truth_provider/lib/ground_truth_provider/pose_provider
