[1.275s] Invoking command in '/home/abhirup/slam_platform/slam_ws/build/ground_truth_provider': DEBUGINFOD_URLS=https://debuginfod.ubuntu.com PYTHONPATH=/home/abhirup/slam_platform/slam_ws/build/ground_truth_provider/prefix_override:/usr/lib/python3/dist-packages/colcon_core/task/python/colcon_distutils_commands:/home/abhirup/slam_platform/slam_ws/install/ground_truth_provider/lib/python3.12/site-packages:${PYTHONPATH} /usr/bin/python3 -W ignore:setup.py install is deprecated -W ignore:easy_install command is deprecated setup.py develop --editable --build-directory /home/abhirup/slam_platform/slam_ws/build/ground_truth_provider/build --no-deps symlink_data
[1.473s] running develop
[1.586s] running egg_info
[1.586s] creating ground_truth_provider.egg-info
[1.596s] writing ground_truth_provider.egg-info/PKG-INFO
[1.596s] writing dependency_links to ground_truth_provider.egg-info/dependency_links.txt
[1.596s] writing entry points to ground_truth_provider.egg-info/entry_points.txt
[1.596s] writing requirements to ground_truth_provider.egg-info/requires.txt
[1.596s] writing top-level names to ground_truth_provider.egg-info/top_level.txt
[1.596s] writing manifest file 'ground_truth_provider.egg-info/SOURCES.txt'
[1.617s] reading manifest file 'ground_truth_provider.egg-info/SOURCES.txt'
[1.618s] writing manifest file 'ground_truth_provider.egg-info/SOURCES.txt'
[1.629s] running build_ext
[1.629s] Creating /home/abhirup/slam_platform/slam_ws/install/ground_truth_provider/lib/python3.12/site-packages/ground-truth-provider.egg-link (link to .)
[1.629s] Installing path_provider script to /home/abhirup/slam_platform/slam_ws/install/ground_truth_provider/lib/ground_truth_provider
[1.629s] Installing pose_provider script to /home/abhirup/slam_platform/slam_ws/install/ground_truth_provider/lib/ground_truth_provider
[1.629s] 
[1.630s] Installed /home/abhirup/slam_platform/slam_ws/build/ground_truth_provider
[1.630s] running symlink_data
[1.630s] creating /home/abhirup/slam_platform/slam_ws/install/ground_truth_provider/share/ament_index
[1.630s] creating /home/abhirup/slam_platform/slam_ws/install/ground_truth_provider/share/ament_index/resource_index
[1.630s] creating /home/abhirup/slam_platform/slam_ws/install/ground_truth_provider/share/ament_index/resource_index/packages
[1.630s] symbolically linking /home/abhirup/slam_platform/slam_ws/build/ground_truth_provider/resource/ground_truth_provider -> /home/abhirup/slam_platform/slam_ws/install/ground_truth_provider/share/ament_index/resource_index/packages
[1.630s] symbolically linking /home/abhirup/slam_platform/slam_ws/build/ground_truth_provider/package.xml -> /home/abhirup/slam_platform/slam_ws/install/ground_truth_provider/share/ground_truth_provider
[1.663s] Invoked command in '/home/abhirup/slam_platform/slam_ws/build/ground_truth_provider' returned '0': DEBUGINFOD_URLS=https://debuginfod.ubuntu.com PYTHONPATH=/home/abhirup/slam_platform/slam_ws/build/ground_truth_provider/prefix_override:/usr/lib/python3/dist-packages/colcon_core/task/python/colcon_distutils_commands:/home/abhirup/slam_platform/slam_ws/install/ground_truth_provider/lib/python3.12/site-packages:${PYTHONPATH} /usr/bin/python3 -W ignore:setup.py install is deprecated -W ignore:easy_install command is deprecated setup.py develop --editable --build-directory /home/abhirup/slam_platform/slam_ws/build/ground_truth_provider/build --no-deps symlink_data
