[1.071s] Invoking command in '/home/abhirup/slam_platform/slam_ws/src/robot_bringup': DEBUGINFOD_URLS=https://debuginfod.ubuntu.com PYTHONPATH=/home/abhirup/slam_platform/build/robot_bringup/prefix_override:/usr/lib/python3/dist-packages/colcon_core/task/python/colcon_distutils_commands:/home/abhirup/slam_platform/install/robot_bringup/lib/python3.12/site-packages:${PYTHONPATH} /usr/bin/python3 -W ignore:setup.py install is deprecated -W ignore:easy_install command is deprecated setup.py egg_info --egg-base ../../../build/robot_bringup build --build-base /home/abhirup/slam_platform/build/robot_bringup/build install --record /home/abhirup/slam_platform/build/robot_bringup/install.log --single-version-externally-managed install_data
[1.214s] running egg_info
[1.214s] creating ../../../build/robot_bringup/robot_bringup.egg-info
[1.220s] writing ../../../build/robot_bringup/robot_bringup.egg-info/PKG-INFO
[1.220s] writing dependency_links to ../../../build/robot_bringup/robot_bringup.egg-info/dependency_links.txt
[1.221s] writing requirements to ../../../build/robot_bringup/robot_bringup.egg-info/requires.txt
[1.221s] writing top-level names to ../../../build/robot_bringup/robot_bringup.egg-info/top_level.txt
[1.221s] writing manifest file '../../../build/robot_bringup/robot_bringup.egg-info/SOURCES.txt'
[1.234s] reading manifest file '../../../build/robot_bringup/robot_bringup.egg-info/SOURCES.txt'
[1.234s] writing manifest file '../../../build/robot_bringup/robot_bringup.egg-info/SOURCES.txt'
[1.234s] running build
[1.234s] running build_py
[1.235s] creating /home/abhirup/slam_platform/build/robot_bringup/build
[1.235s] creating /home/abhirup/slam_platform/build/robot_bringup/build/lib
[1.235s] creating /home/abhirup/slam_platform/build/robot_bringup/build/lib/robot_bringup
[1.235s] copying robot_bringup/__init__.py -> /home/abhirup/slam_platform/build/robot_bringup/build/lib/robot_bringup
[1.235s] running install
[1.238s] running install_lib
[1.244s] creating /home/abhirup/slam_platform/install/robot_bringup/lib/python3.12/site-packages/robot_bringup
[1.244s] copying /home/abhirup/slam_platform/build/robot_bringup/build/lib/robot_bringup/__init__.py -> /home/abhirup/slam_platform/install/robot_bringup/lib/python3.12/site-packages/robot_bringup
[1.245s] byte-compiling /home/abhirup/slam_platform/install/robot_bringup/lib/python3.12/site-packages/robot_bringup/__init__.py to __init__.cpython-312.pyc
[1.245s] running install_data
[1.245s] creating /home/abhirup/slam_platform/install/robot_bringup/share/ament_index
[1.245s] creating /home/abhirup/slam_platform/install/robot_bringup/share/ament_index/resource_index
[1.245s] creating /home/abhirup/slam_platform/install/robot_bringup/share/ament_index/resource_index/packages
[1.245s] copying resource/robot_bringup -> /home/abhirup/slam_platform/install/robot_bringup/share/ament_index/resource_index/packages
[1.245s] copying package.xml -> /home/abhirup/slam_platform/install/robot_bringup/share/robot_bringup
[1.245s] copying launch/display_robot.launch.py -> /home/abhirup/slam_platform/install/robot_bringup/share/robot_bringup
[1.245s] copying launch/spawn_robot_gz.launch.py -> /home/abhirup/slam_platform/install/robot_bringup/share/robot_bringup
[1.245s] running install_egg_info
[1.252s] Copying ../../../build/robot_bringup/robot_bringup.egg-info to /home/abhirup/slam_platform/install/robot_bringup/lib/python3.12/site-packages/robot_bringup-0.0.0-py3.12.egg-info
[1.252s] running install_scripts
[1.303s] writing list of installed files to '/home/abhirup/slam_platform/build/robot_bringup/install.log'
[1.316s] Invoked command in '/home/abhirup/slam_platform/slam_ws/src/robot_bringup' returned '0': DEBUGINFOD_URLS=https://debuginfod.ubuntu.com PYTHONPATH=/home/abhirup/slam_platform/build/robot_bringup/prefix_override:/usr/lib/python3/dist-packages/colcon_core/task/python/colcon_distutils_commands:/home/abhirup/slam_platform/install/robot_bringup/lib/python3.12/site-packages:${PYTHONPATH} /usr/bin/python3 -W ignore:setup.py install is deprecated -W ignore:easy_install command is deprecated setup.py egg_info --egg-base ../../../build/robot_bringup build --build-base /home/abhirup/slam_platform/build/robot_bringup/build install --record /home/abhirup/slam_platform/build/robot_bringup/install.log --single-version-externally-managed install_data
