[1.004s] Invoking command in '/home/abhirup/slam_platform/slam_ws/src/evaluator_ros': DEBUGINFOD_URLS=https://debuginfod.ubuntu.com PYTHONPATH=/home/abhirup/slam_platform/build/evaluator_ros/prefix_override:/usr/lib/python3/dist-packages/colcon_core/task/python/colcon_distutils_commands:/home/abhirup/slam_platform/install/evaluator_ros/lib/python3.12/site-packages:${PYTHONPATH} /usr/bin/python3 -W ignore:setup.py install is deprecated -W ignore:easy_install command is deprecated setup.py egg_info --egg-base ../../../build/evaluator_ros build --build-base /home/abhirup/slam_platform/build/evaluator_ros/build install --record /home/abhirup/slam_platform/build/evaluator_ros/install.log --single-version-externally-managed install_data
[1.108s] running egg_info
[1.114s] writing ../../../build/evaluator_ros/evaluator_ros.egg-info/PKG-INFO
[1.114s] writing dependency_links to ../../../build/evaluator_ros/evaluator_ros.egg-info/dependency_links.txt
[1.114s] writing entry points to ../../../build/evaluator_ros/evaluator_ros.egg-info/entry_points.txt
[1.114s] writing requirements to ../../../build/evaluator_ros/evaluator_ros.egg-info/requires.txt
[1.114s] writing top-level names to ../../../build/evaluator_ros/evaluator_ros.egg-info/top_level.txt
[1.127s] reading manifest file '../../../build/evaluator_ros/evaluator_ros.egg-info/SOURCES.txt'
[1.127s] writing manifest file '../../../build/evaluator_ros/evaluator_ros.egg-info/SOURCES.txt'
[1.127s] running build
[1.127s] running build_py
[1.128s] running install
[1.131s] running install_lib
[1.137s] running install_data
[1.137s] running install_egg_info
[1.144s] removing '/home/abhirup/slam_platform/install/evaluator_ros/lib/python3.12/site-packages/evaluator_ros-0.0.0-py3.12.egg-info' (and everything under it)
[1.144s] Copying ../../../build/evaluator_ros/evaluator_ros.egg-info to /home/abhirup/slam_platform/install/evaluator_ros/lib/python3.12/site-packages/evaluator_ros-0.0.0-py3.12.egg-info
[1.145s] running install_scripts
[1.193s] Installing pose_comparator script to /home/abhirup/slam_platform/install/evaluator_ros/lib/evaluator_ros
[1.193s] Installing resource_monitor script to /home/abhirup/slam_platform/install/evaluator_ros/lib/evaluator_ros
[1.193s] Installing trajectory_evaluator script to /home/abhirup/slam_platform/install/evaluator_ros/lib/evaluator_ros
[1.193s] writing list of installed files to '/home/abhirup/slam_platform/build/evaluator_ros/install.log'
[1.221s] Invoked command in '/home/abhirup/slam_platform/slam_ws/src/evaluator_ros' returned '0': DEBUGINFOD_URLS=https://debuginfod.ubuntu.com PYTHONPATH=/home/abhirup/slam_platform/build/evaluator_ros/prefix_override:/usr/lib/python3/dist-packages/colcon_core/task/python/colcon_distutils_commands:/home/abhirup/slam_platform/install/evaluator_ros/lib/python3.12/site-packages:${PYTHONPATH} /usr/bin/python3 -W ignore:setup.py install is deprecated -W ignore:easy_install command is deprecated setup.py egg_info --egg-base ../../../build/evaluator_ros build --build-base /home/abhirup/slam_platform/build/evaluator_ros/build install --record /home/abhirup/slam_platform/build/evaluator_ros/install.log --single-version-externally-managed install_data
