[0.965s] Invoking command in '/home/abhirup/slam_platform/slam_ws/build/world_manager': DEBUGINFOD_URLS=https://debuginfod.ubuntu.com PYTHONPATH=/home/abhirup/slam_platform/slam_ws/build/world_manager/prefix_override:/usr/lib/python3/dist-packages/colcon_core/task/python/colcon_distutils_commands:/home/abhirup/slam_platform/slam_ws/install/world_manager/lib/python3.12/site-packages:${PYTHONPATH} /usr/bin/python3 -W ignore:setup.py install is deprecated -W ignore:easy_install command is deprecated setup.py develop --editable --build-directory /home/abhirup/slam_platform/slam_ws/build/world_manager/build --no-deps symlink_data
[1.100s] running develop
[1.165s] running egg_info
[1.165s] creating world_manager.egg-info
[1.171s] writing world_manager.egg-info/PKG-INFO
[1.171s] writing dependency_links to world_manager.egg-info/dependency_links.txt
[1.171s] writing requirements to world_manager.egg-info/requires.txt
[1.171s] writing top-level names to world_manager.egg-info/top_level.txt
[1.171s] writing manifest file 'world_manager.egg-info/SOURCES.txt'
[1.184s] reading manifest file 'world_manager.egg-info/SOURCES.txt'
[1.185s] writing manifest file 'world_manager.egg-info/SOURCES.txt'
[1.191s] running build_ext
[1.191s] Creating /home/abhirup/slam_platform/slam_ws/install/world_manager/lib/python3.12/site-packages/world-manager.egg-link (link to .)
[1.192s] 
[1.192s] Installed /home/abhirup/slam_platform/slam_ws/build/world_manager
[1.192s] running symlink_data
[1.192s] creating /home/abhirup/slam_platform/slam_ws/install/world_manager/share/ament_index
[1.192s] creating /home/abhirup/slam_platform/slam_ws/install/world_manager/share/ament_index/resource_index
[1.192s] creating /home/abhirup/slam_platform/slam_ws/install/world_manager/share/ament_index/resource_index/packages
[1.192s] symbolically linking /home/abhirup/slam_platform/slam_ws/build/world_manager/resource/world_manager -> /home/abhirup/slam_platform/slam_ws/install/world_manager/share/ament_index/resource_index/packages
[1.192s] symbolically linking /home/abhirup/slam_platform/slam_ws/build/world_manager/package.xml -> /home/abhirup/slam_platform/slam_ws/install/world_manager/share/world_manager
