[1.229s] Invoking command in '/home/abhirup/slam_platform/slam_ws/build/ros_gz_bridge_manager': DEBUGINFOD_URLS=https://debuginfod.ubuntu.com PYTHONPATH=/home/abhirup/slam_platform/slam_ws/build/ros_gz_bridge_manager/prefix_override:/usr/lib/python3/dist-packages/colcon_core/task/python/colcon_distutils_commands:/home/abhirup/slam_platform/slam_ws/install/ros_gz_bridge_manager/lib/python3.12/site-packages:${PYTHONPATH} /usr/bin/python3 -W ignore:setup.py install is deprecated -W ignore:easy_install command is deprecated setup.py develop --uninstall --editable --build-directory /home/abhirup/slam_platform/slam_ws/build/ros_gz_bridge_manager/build
[1.364s] running develop
[1.434s] Removing /home/abhirup/slam_platform/slam_ws/install/ros_gz_bridge_manager/lib/python3.12/site-packages/ros-gz-bridge-manager.egg-link (link to .)
[1.449s] Invoked command in '/home/abhirup/slam_platform/slam_ws/build/ros_gz_bridge_manager' returned '0': DEBUGINFOD_URLS=https://debuginfod.ubuntu.com PYTHONPATH=/home/abhirup/slam_platform/slam_ws/build/ros_gz_bridge_manager/prefix_override:/usr/lib/python3/dist-packages/colcon_core/task/python/colcon_distutils_commands:/home/abhirup/slam_platform/slam_ws/install/ros_gz_bridge_manager/lib/python3.12/site-packages:${PYTHONPATH} /usr/bin/python3 -W ignore:setup.py install is deprecated -W ignore:easy_install command is deprecated setup.py develop --uninstall --editable --build-directory /home/abhirup/slam_platform/slam_ws/build/ros_gz_bridge_manager/build
[1.450s] Invoking command in '/home/abhirup/slam_platform/slam_ws/src/ros_gz_bridge_manager': DEBUGINFOD_URLS=https://debuginfod.ubuntu.com PYTHONPATH=/home/abhirup/slam_platform/slam_ws/build/ros_gz_bridge_manager/prefix_override:/usr/lib/python3/dist-packages/colcon_core/task/python/colcon_distutils_commands:/home/abhirup/slam_platform/slam_ws/install/ros_gz_bridge_manager/lib/python3.12/site-packages:${PYTHONPATH} /usr/bin/python3 -W ignore:setup.py install is deprecated -W ignore:easy_install command is deprecated setup.py egg_info --egg-base ../../build/ros_gz_bridge_manager build --build-base /home/abhirup/slam_platform/slam_ws/build/ros_gz_bridge_manager/build install --record /home/abhirup/slam_platform/slam_ws/build/ros_gz_bridge_manager/install.log --single-version-externally-managed install_data --force
[1.576s] running egg_info
[1.583s] writing ../../build/ros_gz_bridge_manager/ros_gz_bridge_manager.egg-info/PKG-INFO
[1.583s] writing dependency_links to ../../build/ros_gz_bridge_manager/ros_gz_bridge_manager.egg-info/dependency_links.txt
[1.583s] writing requirements to ../../build/ros_gz_bridge_manager/ros_gz_bridge_manager.egg-info/requires.txt
[1.583s] writing top-level names to ../../build/ros_gz_bridge_manager/ros_gz_bridge_manager.egg-info/top_level.txt
[1.596s] reading manifest file '../../build/ros_gz_bridge_manager/ros_gz_bridge_manager.egg-info/SOURCES.txt'
[1.597s] writing manifest file '../../build/ros_gz_bridge_manager/ros_gz_bridge_manager.egg-info/SOURCES.txt'
[1.597s] running build
[1.597s] running build_py
[1.597s] running install
[1.600s] running install_lib
[1.607s] creating /home/abhirup/slam_platform/slam_ws/install/ros_gz_bridge_manager/lib/python3.12/site-packages/ros_gz_bridge_manager
[1.608s] copying /home/abhirup/slam_platform/slam_ws/build/ros_gz_bridge_manager/build/lib/ros_gz_bridge_manager/__init__.py -> /home/abhirup/slam_platform/slam_ws/install/ros_gz_bridge_manager/lib/python3.12/site-packages/ros_gz_bridge_manager
[1.608s] byte-compiling /home/abhirup/slam_platform/slam_ws/install/ros_gz_bridge_manager/lib/python3.12/site-packages/ros_gz_bridge_manager/__init__.py to __init__.cpython-312.pyc
[1.608s] running install_data
[1.608s] copying resource/ros_gz_bridge_manager -> /home/abhirup/slam_platform/slam_ws/install/ros_gz_bridge_manager/share/ament_index/resource_index/packages
[1.608s] copying package.xml -> /home/abhirup/slam_platform/slam_ws/install/ros_gz_bridge_manager/share/ros_gz_bridge_manager
[1.608s] copying launch/bridge.launch.py -> /home/abhirup/slam_platform/slam_ws/install/ros_gz_bridge_manager/share/ros_gz_bridge_manager
[1.608s] running install_egg_info
[1.615s] Copying ../../build/ros_gz_bridge_manager/ros_gz_bridge_manager.egg-info to /home/abhirup/slam_platform/slam_ws/install/ros_gz_bridge_manager/lib/python3.12/site-packages/ros_gz_bridge_manager-0.0.0-py3.12.egg-info
[1.615s] running install_scripts
[1.667s] writing list of installed files to '/home/abhirup/slam_platform/slam_ws/build/ros_gz_bridge_manager/install.log'
[1.679s] Invoked command in '/home/abhirup/slam_platform/slam_ws/src/ros_gz_bridge_manager' returned '0': DEBUGINFOD_URLS=https://debuginfod.ubuntu.com PYTHONPATH=/home/abhirup/slam_platform/slam_ws/build/ros_gz_bridge_manager/prefix_override:/usr/lib/python3/dist-packages/colcon_core/task/python/colcon_distutils_commands:/home/abhirup/slam_platform/slam_ws/install/ros_gz_bridge_manager/lib/python3.12/site-packages:${PYTHONPATH} /usr/bin/python3 -W ignore:setup.py install is deprecated -W ignore:easy_install command is deprecated setup.py egg_info --egg-base ../../build/ros_gz_bridge_manager build --build-base /home/abhirup/slam_platform/slam_ws/build/ros_gz_bridge_manager/build install --record /home/abhirup/slam_platform/slam_ws/build/ros_gz_bridge_manager/install.log --single-version-externally-managed install_data --force
