[0.974s] Invoking command in '/home/abhirup/slam_platform/slam_ws/build/evaluator_ros': DEBUGINFOD_URLS=https://debuginfod.ubuntu.com PYTHONPATH=/home/abhirup/slam_platform/slam_ws/build/evaluator_ros/prefix_override:/usr/lib/python3/dist-packages/colcon_core/task/python/colcon_distutils_commands:/home/abhirup/slam_platform/slam_ws/install/evaluator_ros/lib/python3.12/site-packages:${PYTHONPATH} /usr/bin/python3 -W ignore:setup.py install is deprecated -W ignore:easy_install command is deprecated setup.py develop --editable --build-directory /home/abhirup/slam_platform/slam_ws/build/evaluator_ros/build --no-deps symlink_data
[1.103s] running develop
[1.168s] running egg_info
[1.168s] creating evaluator_ros.egg-info
[1.175s] writing evaluator_ros.egg-info/PKG-INFO
[1.175s] writing dependency_links to evaluator_ros.egg-info/dependency_links.txt
[1.175s] writing requirements to evaluator_ros.egg-info/requires.txt
[1.175s] writing top-level names to evaluator_ros.egg-info/top_level.txt
[1.175s] writing manifest file 'evaluator_ros.egg-info/SOURCES.txt'
[1.187s] reading manifest file 'evaluator_ros.egg-info/SOURCES.txt'
[1.187s] writing manifest file 'evaluator_ros.egg-info/SOURCES.txt'
[1.194s] running build_ext
[1.194s] Creating /home/abhirup/slam_platform/slam_ws/install/evaluator_ros/lib/python3.12/site-packages/evaluator-ros.egg-link (link to .)
[1.195s] 
[1.195s] Installed /home/abhirup/slam_platform/slam_ws/build/evaluator_ros
[1.195s] running symlink_data
[1.195s] creating /home/abhirup/slam_platform/slam_ws/install/evaluator_ros/share/ament_index
[1.195s] creating /home/abhirup/slam_platform/slam_ws/install/evaluator_ros/share/ament_index/resource_index
[1.195s] creating /home/abhirup/slam_platform/slam_ws/install/evaluator_ros/share/ament_index/resource_index/packages
[1.196s] symbolically linking /home/abhirup/slam_platform/slam_ws/build/evaluator_ros/resource/evaluator_ros -> /home/abhirup/slam_platform/slam_ws/install/evaluator_ros/share/ament_index/resource_index/packages
[1.196s] symbolically linking /home/abhirup/slam_platform/slam_ws/build/evaluator_ros/package.xml -> /home/abhirup/slam_platform/slam_ws/install/evaluator_ros/share/evaluator_ros
