running egg_info
writing ../../../build/ground_truth_provider/ground_truth_provider.egg-info/PKG-INFO
writing dependency_links to ../../../build/ground_truth_provider/ground_truth_provider.egg-info/dependency_links.txt
writing entry points to ../../../build/ground_truth_provider/ground_truth_provider.egg-info/entry_points.txt
writing requirements to ../../../build/ground_truth_provider/ground_truth_provider.egg-info/requires.txt
writing top-level names to ../../../build/ground_truth_provider/ground_truth_provider.egg-info/top_level.txt
reading manifest file '../../../build/ground_truth_provider/ground_truth_provider.egg-info/SOURCES.txt'
writing manifest file '../../../build/ground_truth_provider/ground_truth_provider.egg-info/SOURCES.txt'
running build
running build_py
running install
running install_lib
running install_data
running install_egg_info
removing '/home/abhirup/slam_platform/install/ground_truth_provider/lib/python3.12/site-packages/ground_truth_provider-0.0.0-py3.12.egg-info' (and everything under it)
Copying ../../../build/ground_truth_provider/ground_truth_provider.egg-info to /home/abhirup/slam_platform/install/ground_truth_provider/lib/python3.12/site-packages/ground_truth_provider-0.0.0-py3.12.egg-info
running install_scripts
Installing path_provider script to /home/abhirup/slam_platform/install/ground_truth_provider/lib/ground_truth_provider
Installing pose_provider script to /home/abhirup/slam_platform/install/ground_truth_provider/lib/ground_truth_provider
writing list of installed files to '/home/abhirup/slam_platform/build/ground_truth_provider/install.log'
