[0.971s] Invoking command in '/home/abhirup/slam_platform/slam_ws/src/ground_truth_provider': DEBUGINFOD_URLS=https://debuginfod.ubuntu.com PYTHONPATH=/home/abhirup/slam_platform/build/ground_truth_provider/prefix_override:/usr/lib/python3/dist-packages/colcon_core/task/python/colcon_distutils_commands:/home/abhirup/slam_platform/install/ground_truth_provider/lib/python3.12/site-packages:${PYTHONPATH} /usr/bin/python3 -W ignore:setup.py install is deprecated -W ignore:easy_install command is deprecated setup.py egg_info --egg-base ../../../build/ground_truth_provider build --build-base /home/abhirup/slam_platform/build/ground_truth_provider/build install --record /home/abhirup/slam_platform/build/ground_truth_provider/install.log --single-version-externally-managed install_data
[1.075s] running egg_info
[1.082s] writing ../../../build/ground_truth_provider/ground_truth_provider.egg-info/PKG-INFO
[1.082s] writing dependency_links to ../../../build/ground_truth_provider/ground_truth_provider.egg-info/dependency_links.txt
[1.082s] writing entry points to ../../../build/ground_truth_provider/ground_truth_provider.egg-info/entry_points.txt
[1.082s] writing requirements to ../../../build/ground_truth_provider/ground_truth_provider.egg-info/requires.txt
[1.082s] writing top-level names to ../../../build/ground_truth_provider/ground_truth_provider.egg-info/top_level.txt
[1.094s] reading manifest file '../../../build/ground_truth_provider/ground_truth_provider.egg-info/SOURCES.txt'
[1.095s] writing manifest file '../../../build/ground_truth_provider/ground_truth_provider.egg-info/SOURCES.txt'
[1.095s] running build
[1.095s] running build_py
[1.095s] running install
[1.098s] running install_lib
[1.105s] running install_data
[1.105s] running install_egg_info
[1.112s] removing '/home/abhirup/slam_platform/install/ground_truth_provider/lib/python3.12/site-packages/ground_truth_provider-0.0.0-py3.12.egg-info' (and everything under it)
[1.112s] Copying ../../../build/ground_truth_provider/ground_truth_provider.egg-info to /home/abhirup/slam_platform/install/ground_truth_provider/lib/python3.12/site-packages/ground_truth_provider-0.0.0-py3.12.egg-info
[1.112s] running install_scripts
[1.202s] Installing path_provider script to /home/abhirup/slam_platform/install/ground_truth_provider/lib/ground_truth_provider
[1.202s] Installing pose_provider script to /home/abhirup/slam_platform/install/ground_truth_provider/lib/ground_truth_provider
[1.202s] writing list of installed files to '/home/abhirup/slam_platform/build/ground_truth_provider/install.log'
[1.220s] Invoked command in '/home/abhirup/slam_platform/slam_ws/src/ground_truth_provider' returned '0': DEBUGINFOD_URLS=https://debuginfod.ubuntu.com PYTHONPATH=/home/abhirup/slam_platform/build/ground_truth_provider/prefix_override:/usr/lib/python3/dist-packages/colcon_core/task/python/colcon_distutils_commands:/home/abhirup/slam_platform/install/ground_truth_provider/lib/python3.12/site-packages:${PYTHONPATH} /usr/bin/python3 -W ignore:setup.py install is deprecated -W ignore:easy_install command is deprecated setup.py egg_info --egg-base ../../../build/ground_truth_provider build --build-base /home/abhirup/slam_platform/build/ground_truth_provider/build install --record /home/abhirup/slam_platform/build/ground_truth_provider/install.log --single-version-externally-managed install_data
