[0.969s] Invoking command in '/home/abhirup/slam_platform/slam_ws/build/sensor_adapter': DEBUGINFOD_URLS=https://debuginfod.ubuntu.com PYTHONPATH=/home/abhirup/slam_platform/slam_ws/build/sensor_adapter/prefix_override:/usr/lib/python3/dist-packages/colcon_core/task/python/colcon_distutils_commands:/home/abhirup/slam_platform/slam_ws/install/sensor_adapter/lib/python3.12/site-packages:${PYTHONPATH} /usr/bin/python3 -W ignore:setup.py install is deprecated -W ignore:easy_install command is deprecated setup.py develop --editable --build-directory /home/abhirup/slam_platform/slam_ws/build/sensor_adapter/build --no-deps symlink_data
[1.104s] running develop
[1.169s] running egg_info
[1.169s] creating sensor_adapter.egg-info
[1.175s] writing sensor_adapter.egg-info/PKG-INFO
[1.175s] writing dependency_links to sensor_adapter.egg-info/dependency_links.txt
[1.175s] writing requirements to sensor_adapter.egg-info/requires.txt
[1.175s] writing top-level names to sensor_adapter.egg-info/top_level.txt
[1.175s] writing manifest file 'sensor_adapter.egg-info/SOURCES.txt'
[1.188s] reading manifest file 'sensor_adapter.egg-info/SOURCES.txt'
[1.188s] writing manifest file 'sensor_adapter.egg-info/SOURCES.txt'
[1.195s] running build_ext
[1.196s] Creating /home/abhirup/slam_platform/slam_ws/install/sensor_adapter/lib/python3.12/site-packages/sensor-adapter.egg-link (link to .)
[1.196s] 
[1.196s] Installed /home/abhirup/slam_platform/slam_ws/build/sensor_adapter
[1.196s] running symlink_data
[1.196s] creating /home/abhirup/slam_platform/slam_ws/install/sensor_adapter/share/ament_index
[1.196s] creating /home/abhirup/slam_platform/slam_ws/install/sensor_adapter/share/ament_index/resource_index
[1.196s] creating /home/abhirup/slam_platform/slam_ws/install/sensor_adapter/share/ament_index/resource_index/packages
[1.196s] symbolically linking /home/abhirup/slam_platform/slam_ws/build/sensor_adapter/resource/sensor_adapter -> /home/abhirup/slam_platform/slam_ws/install/sensor_adapter/share/ament_index/resource_index/packages
[1.196s] symbolically linking /home/abhirup/slam_platform/slam_ws/build/sensor_adapter/package.xml -> /home/abhirup/slam_platform/slam_ws/install/sensor_adapter/share/sensor_adapter
