[0.457s] Invoking command in '/home/abhirup/slam_platform/slam_ws/build/slam_interfaces': CMAKE_PREFIX_PATH=${CMAKE_PREFIX_PATH}:/opt/ros/jazzy DEBUGINFOD_URLS=https://debuginfod.ubuntu.com /usr/bin/cmake /home/abhirup/slam_platform/slam_ws/src/slam_interfaces -DAMENT_CMAKE_SYMLINK_INSTALL=1 -DCMAKE_INSTALL_PREFIX=/home/abhirup/slam_platform/slam_ws/install/slam_interfaces
[0.596s] -- The C compiler identification is GNU 13.3.0
[0.664s] -- The CXX compiler identification is GNU 13.3.0
[0.677s] -- Detecting C compiler ABI info
[0.745s] -- Detecting C compiler ABI info - done
[0.754s] -- Check for working C compiler: /usr/bin/cc - skipped
[0.754s] -- Detecting C compile features
[0.755s] -- Detecting C compile features - done
[0.760s] -- Detecting CXX compiler ABI info
[0.824s] -- Detecting CXX compiler ABI info - done
[0.828s] -- Check for working CXX compiler: /usr/bin/c++ - skipped
[0.828s] -- Detecting CXX compile features
[0.829s] -- Detecting CXX compile features - done
[0.834s] -- Found ament_cmake: 2.5.6 (/opt/ros/jazzy/share/ament_cmake/cmake)
[0.934s] -- Found Python3: /usr/bin/python3 (found version "3.12.3") found components: Interpreter 
[0.983s] -- Override CMake install command with custom implementation using symlinks instead of copying resources
[1.017s] [31mCMake Error at CMakeLists.txt:15 (find_package):
[1.017s]   By not providing "Findament_lint_auto.cmake" in CMAKE_MODULE_PATH this
[1.017s]   project has asked CMake to find a package configuration file provided by
[1.017s]   "ament_lint_auto", but CMake did not find one.
[1.017s] 
[1.017s]   Could not find a package configuration file provided by "ament_lint_auto"
[1.017s]   with any of the following names:
[1.017s] 
[1.017s]     ament_lint_autoConfig.cmake
[1.018s]     ament_lint_auto-config.cmake
[1.018s] 
[1.018s]   Add the installation prefix of "ament_lint_auto" to CMAKE_PREFIX_PATH or
[1.018s]   set "ament_lint_auto_DIR" to a directory containing one of the above files.
[1.018s]   If "ament_lint_auto" provides a separate development package or SDK, be
[1.018s]   sure it has been installed.
[1.018s] 
[1.018s] [0m
[1.018s] -- Configuring incomplete, errors occurred!
[1.020s] Invoked command in '/home/abhirup/slam_platform/slam_ws/build/slam_interfaces' returned '1': CMAKE_PREFIX_PATH=${CMAKE_PREFIX_PATH}:/opt/ros/jazzy DEBUGINFOD_URLS=https://debuginfod.ubuntu.com /usr/bin/cmake /home/abhirup/slam_platform/slam_ws/src/slam_interfaces -DAMENT_CMAKE_SYMLINK_INSTALL=1 -DCMAKE_INSTALL_PREFIX=/home/abhirup/slam_platform/slam_ws/install/slam_interfaces
