[0.553s] Invoking command in '/home/abhirup/slam_platform/build/slam_interfaces': CMAKE_PREFIX_PATH=${CMAKE_PREFIX_PATH}:/opt/ros/jazzy DEBUGINFOD_URLS=https://debuginfod.ubuntu.com /usr/bin/cmake --build /home/abhirup/slam_platform/build/slam_interfaces -- -j28 -l28
[0.741s] -- Found ament_cmake: 2.5.6 (/opt/ros/jazzy/share/ament_cmake/cmake)
[0.741s] -- Configuring incomplete, errors occurred!
[0.741s] [31mCMake Error at CMakeLists.txt:11 (find_package):
[0.741s]   By not providing "Findrosidl_default_generators.cmake" in CMAKE_MODULE_PATH
[0.741s]   this project has asked CMake to find a package configuration file provided
[0.741s]   by "rosidl_default_generators", but CMake did not find one.
[0.741s] 
[0.741s]   Could not find a package configuration file provided by
[0.741s]   "rosidl_default_generators" with any of the following names:
[0.741s] 
[0.741s]     rosidl_default_generatorsConfig.cmake
[0.741s]     rosidl_default_generators-config.cmake
[0.741s] 
[0.742s]   Add the installation prefix of "rosidl_default_generators" to
[0.742s]   CMAKE_PREFIX_PATH or set "rosidl_default_generators_DIR" to a directory
[0.742s]   containing one of the above files.  If "rosidl_default_generators" provides
[0.742s]   a separate development package or SDK, be sure it has been installed.
[0.742s] 
[0.742s] [0m
[0.742s] gmake: *** [Makefile:226: cmake_check_build_system] Error 1
[0.747s] Invoked command in '/home/abhirup/slam_platform/build/slam_interfaces' returned '2': CMAKE_PREFIX_PATH=${CMAKE_PREFIX_PATH}:/opt/ros/jazzy DEBUGINFOD_URLS=https://debuginfod.ubuntu.com /usr/bin/cmake --build /home/abhirup/slam_platform/build/slam_interfaces -- -j28 -l28
