[1.107s] Invoking command in '/home/abhirup/slam_platform/slam_ws/build/groung_truth_provider': DEBUGINFOD_URLS=https://debuginfod.ubuntu.com PYTHONPATH=/home/abhirup/slam_platform/slam_ws/build/groung_truth_provider/prefix_override:/usr/lib/python3/dist-packages/colcon_core/task/python/colcon_distutils_commands:/home/abhirup/slam_platform/slam_ws/install/groung_truth_provider/lib/python3.12/site-packages:${PYTHONPATH} /usr/bin/python3 -W ignore:setup.py install is deprecated -W ignore:easy_install command is deprecated setup.py develop --uninstall --editable --build-directory /home/abhirup/slam_platform/slam_ws/build/groung_truth_provider/build
[1.235s] running develop
[1.306s] Removing /home/abhirup/slam_platform/slam_ws/install/groung_truth_provider/lib/python3.12/site-packages/groung-truth-provider.egg-link (link to .)
[1.320s] Invoked command in '/home/abhirup/slam_platform/slam_ws/build/groung_truth_provider' returned '0': DEBUGINFOD_URLS=https://debuginfod.ubuntu.com PYTHONPATH=/home/abhirup/slam_platform/slam_ws/build/groung_truth_provider/prefix_override:/usr/lib/python3/dist-packages/colcon_core/task/python/colcon_distutils_commands:/home/abhirup/slam_platform/slam_ws/install/groung_truth_provider/lib/python3.12/site-packages:${PYTHONPATH} /usr/bin/python3 -W ignore:setup.py install is deprecated -W ignore:easy_install command is deprecated setup.py develop --uninstall --editable --build-directory /home/abhirup/slam_platform/slam_ws/build/groung_truth_provider/build
[1.321s] Invoking command in '/home/abhirup/slam_platform/slam_ws/src/groung_truth_provider': DEBUGINFOD_URLS=https://debuginfod.ubuntu.com PYTHONPATH=/home/abhirup/slam_platform/slam_ws/build/groung_truth_provider/prefix_override:/usr/lib/python3/dist-packages/colcon_core/task/python/colcon_distutils_commands:/home/abhirup/slam_platform/slam_ws/install/groung_truth_provider/lib/python3.12/site-packages:${PYTHONPATH} /usr/bin/python3 -W ignore:setup.py install is deprecated -W ignore:easy_install command is deprecated setup.py egg_info --egg-base ../../build/groung_truth_provider build --build-base /home/abhirup/slam_platform/slam_ws/build/groung_truth_provider/build install --record /home/abhirup/slam_platform/slam_ws/build/groung_truth_provider/install.log --single-version-externally-managed install_data --force
[1.471s] running egg_info
[1.478s] writing ../../build/groung_truth_provider/groung_truth_provider.egg-info/PKG-INFO
[1.478s] writing dependency_links to ../../build/groung_truth_provider/groung_truth_provider.egg-info/dependency_links.txt
[1.478s] writing requirements to ../../build/groung_truth_provider/groung_truth_provider.egg-info/requires.txt
[1.478s] writing top-level names to ../../build/groung_truth_provider/groung_truth_provider.egg-info/top_level.txt
[1.492s] reading manifest file '../../build/groung_truth_provider/groung_truth_provider.egg-info/SOURCES.txt'
[1.492s] writing manifest file '../../build/groung_truth_provider/groung_truth_provider.egg-info/SOURCES.txt'
[1.492s] running build
[1.493s] running build_py
[1.493s] creating /home/abhirup/slam_platform/slam_ws/build/groung_truth_provider/build
[1.493s] creating /home/abhirup/slam_platform/slam_ws/build/groung_truth_provider/build/lib
[1.493s] creating /home/abhirup/slam_platform/slam_ws/build/groung_truth_provider/build/lib/groung_truth_provider
[1.493s] copying groung_truth_provider/__init__.py -> /home/abhirup/slam_platform/slam_ws/build/groung_truth_provider/build/lib/groung_truth_provider
[1.493s] running install
[1.496s] running install_lib
[1.503s] creating /home/abhirup/slam_platform/slam_ws/install/groung_truth_provider/lib/python3.12/site-packages/groung_truth_provider
[1.503s] copying /home/abhirup/slam_platform/slam_ws/build/groung_truth_provider/build/lib/groung_truth_provider/__init__.py -> /home/abhirup/slam_platform/slam_ws/install/groung_truth_provider/lib/python3.12/site-packages/groung_truth_provider
[1.503s] byte-compiling /home/abhirup/slam_platform/slam_ws/install/groung_truth_provider/lib/python3.12/site-packages/groung_truth_provider/__init__.py to __init__.cpython-312.pyc
[1.503s] running install_data
[1.503s] copying resource/groung_truth_provider -> /home/abhirup/slam_platform/slam_ws/install/groung_truth_provider/share/ament_index/resource_index/packages
[1.503s] copying package.xml -> /home/abhirup/slam_platform/slam_ws/install/groung_truth_provider/share/groung_truth_provider
[1.503s] running install_egg_info
[1.511s] Copying ../../build/groung_truth_provider/groung_truth_provider.egg-info to /home/abhirup/slam_platform/slam_ws/install/groung_truth_provider/lib/python3.12/site-packages/groung_truth_provider-0.0.0-py3.12.egg-info
[1.511s] running install_scripts
[1.565s] writing list of installed files to '/home/abhirup/slam_platform/slam_ws/build/groung_truth_provider/install.log'
[1.580s] Invoked command in '/home/abhirup/slam_platform/slam_ws/src/groung_truth_provider' returned '0': DEBUGINFOD_URLS=https://debuginfod.ubuntu.com PYTHONPATH=/home/abhirup/slam_platform/slam_ws/build/groung_truth_provider/prefix_override:/usr/lib/python3/dist-packages/colcon_core/task/python/colcon_distutils_commands:/home/abhirup/slam_platform/slam_ws/install/groung_truth_provider/lib/python3.12/site-packages:${PYTHONPATH} /usr/bin/python3 -W ignore:setup.py install is deprecated -W ignore:easy_install command is deprecated setup.py egg_info --egg-base ../../build/groung_truth_provider build --build-base /home/abhirup/slam_platform/slam_ws/build/groung_truth_provider/build install --record /home/abhirup/slam_platform/slam_ws/build/groung_truth_provider/install.log --single-version-externally-managed install_data --force
