running develop
Removing /home/abhirup/slam_platform/slam_ws/install/sensor_adapter/lib/python3.12/site-packages/sensor-adapter.egg-link (link to .)
running egg_info
writing ../../build/sensor_adapter/sensor_adapter.egg-info/PKG-INFO
writing dependency_links to ../../build/sensor_adapter/sensor_adapter.egg-info/dependency_links.txt
writing requirements to ../../build/sensor_adapter/sensor_adapter.egg-info/requires.txt
writing top-level names to ../../build/sensor_adapter/sensor_adapter.egg-info/top_level.txt
reading manifest file '../../build/sensor_adapter/sensor_adapter.egg-info/SOURCES.txt'
writing manifest file '../../build/sensor_adapter/sensor_adapter.egg-info/SOURCES.txt'
running build
running build_py
creating /home/abhirup/slam_platform/slam_ws/build/sensor_adapter/build
creating /home/abhirup/slam_platform/slam_ws/build/sensor_adapter/build/lib
creating /home/abhirup/slam_platform/slam_ws/build/sensor_adapter/build/lib/sensor_adapter
copying sensor_adapter/__init__.py -> /home/abhirup/slam_platform/slam_ws/build/sensor_adapter/build/lib/sensor_adapter
running install
running install_lib
creating /home/abhirup/slam_platform/slam_ws/install/sensor_adapter/lib/python3.12/site-packages/sensor_adapter
copying /home/abhirup/slam_platform/slam_ws/build/sensor_adapter/build/lib/sensor_adapter/__init__.py -> /home/abhirup/slam_platform/slam_ws/install/sensor_adapter/lib/python3.12/site-packages/sensor_adapter
byte-compiling /home/abhirup/slam_platform/slam_ws/install/sensor_adapter/lib/python3.12/site-packages/sensor_adapter/__init__.py to __init__.cpython-312.pyc
running install_data
copying resource/sensor_adapter -> /home/abhirup/slam_platform/slam_ws/install/sensor_adapter/share/ament_index/resource_index/packages
copying package.xml -> /home/abhirup/slam_platform/slam_ws/install/sensor_adapter/share/sensor_adapter
running install_egg_info
Copying ../../build/sensor_adapter/sensor_adapter.egg-info to /home/abhirup/slam_platform/slam_ws/install/sensor_adapter/lib/python3.12/site-packages/sensor_adapter-0.0.0-py3.12.egg-info
running install_scripts
writing list of installed files to '/home/abhirup/slam_platform/slam_ws/build/sensor_adapter/install.log'
