[1.118s] Invoking command in '/home/abhirup/slam_platform/slam_ws/build/sensor_adapter': DEBUGINFOD_URLS=https://debuginfod.ubuntu.com PYTHONPATH=/home/abhirup/slam_platform/slam_ws/build/sensor_adapter/prefix_override:/usr/lib/python3/dist-packages/colcon_core/task/python/colcon_distutils_commands:/home/abhirup/slam_platform/slam_ws/install/sensor_adapter/lib/python3.12/site-packages:${PYTHONPATH} /usr/bin/python3 -W ignore:setup.py install is deprecated -W ignore:easy_install command is deprecated setup.py develop --uninstall --editable --build-directory /home/abhirup/slam_platform/slam_ws/build/sensor_adapter/build
[1.254s] running develop
[1.325s] Removing /home/abhirup/slam_platform/slam_ws/install/sensor_adapter/lib/python3.12/site-packages/sensor-adapter.egg-link (link to .)
[1.342s] Invoked command in '/home/abhirup/slam_platform/slam_ws/build/sensor_adapter' returned '0': DEBUGINFOD_URLS=https://debuginfod.ubuntu.com PYTHONPATH=/home/abhirup/slam_platform/slam_ws/build/sensor_adapter/prefix_override:/usr/lib/python3/dist-packages/colcon_core/task/python/colcon_distutils_commands:/home/abhirup/slam_platform/slam_ws/install/sensor_adapter/lib/python3.12/site-packages:${PYTHONPATH} /usr/bin/python3 -W ignore:setup.py install is deprecated -W ignore:easy_install command is deprecated setup.py develop --uninstall --editable --build-directory /home/abhirup/slam_platform/slam_ws/build/sensor_adapter/build
[1.342s] Invoking command in '/home/abhirup/slam_platform/slam_ws/src/sensor_adapter': DEBUGINFOD_URLS=https://debuginfod.ubuntu.com PYTHONPATH=/home/abhirup/slam_platform/slam_ws/build/sensor_adapter/prefix_override:/usr/lib/python3/dist-packages/colcon_core/task/python/colcon_distutils_commands:/home/abhirup/slam_platform/slam_ws/install/sensor_adapter/lib/python3.12/site-packages:${PYTHONPATH} /usr/bin/python3 -W ignore:setup.py install is deprecated -W ignore:easy_install command is deprecated setup.py egg_info --egg-base ../../build/sensor_adapter build --build-base /home/abhirup/slam_platform/slam_ws/build/sensor_adapter/build install --record /home/abhirup/slam_platform/slam_ws/build/sensor_adapter/install.log --single-version-externally-managed install_data --force
[1.467s] running egg_info
[1.473s] writing ../../build/sensor_adapter/sensor_adapter.egg-info/PKG-INFO
[1.473s] writing dependency_links to ../../build/sensor_adapter/sensor_adapter.egg-info/dependency_links.txt
[1.474s] writing requirements to ../../build/sensor_adapter/sensor_adapter.egg-info/requires.txt
[1.474s] writing top-level names to ../../build/sensor_adapter/sensor_adapter.egg-info/top_level.txt
[1.487s] reading manifest file '../../build/sensor_adapter/sensor_adapter.egg-info/SOURCES.txt'
[1.488s] writing manifest file '../../build/sensor_adapter/sensor_adapter.egg-info/SOURCES.txt'
[1.488s] running build
[1.488s] running build_py
[1.488s] creating /home/abhirup/slam_platform/slam_ws/build/sensor_adapter/build
[1.488s] creating /home/abhirup/slam_platform/slam_ws/build/sensor_adapter/build/lib
[1.488s] creating /home/abhirup/slam_platform/slam_ws/build/sensor_adapter/build/lib/sensor_adapter
[1.488s] copying sensor_adapter/__init__.py -> /home/abhirup/slam_platform/slam_ws/build/sensor_adapter/build/lib/sensor_adapter
[1.488s] running install
[1.491s] running install_lib
[1.498s] creating /home/abhirup/slam_platform/slam_ws/install/sensor_adapter/lib/python3.12/site-packages/sensor_adapter
[1.498s] copying /home/abhirup/slam_platform/slam_ws/build/sensor_adapter/build/lib/sensor_adapter/__init__.py -> /home/abhirup/slam_platform/slam_ws/install/sensor_adapter/lib/python3.12/site-packages/sensor_adapter
[1.498s] byte-compiling /home/abhirup/slam_platform/slam_ws/install/sensor_adapter/lib/python3.12/site-packages/sensor_adapter/__init__.py to __init__.cpython-312.pyc
[1.498s] running install_data
[1.498s] copying resource/sensor_adapter -> /home/abhirup/slam_platform/slam_ws/install/sensor_adapter/share/ament_index/resource_index/packages
[1.498s] copying package.xml -> /home/abhirup/slam_platform/slam_ws/install/sensor_adapter/share/sensor_adapter
[1.499s] running install_egg_info
[1.506s] Copying ../../build/sensor_adapter/sensor_adapter.egg-info to /home/abhirup/slam_platform/slam_ws/install/sensor_adapter/lib/python3.12/site-packages/sensor_adapter-0.0.0-py3.12.egg-info
[1.506s] running install_scripts
[1.560s] writing list of installed files to '/home/abhirup/slam_platform/slam_ws/build/sensor_adapter/install.log'
[1.574s] Invoked command in '/home/abhirup/slam_platform/slam_ws/src/sensor_adapter' returned '0': DEBUGINFOD_URLS=https://debuginfod.ubuntu.com PYTHONPATH=/home/abhirup/slam_platform/slam_ws/build/sensor_adapter/prefix_override:/usr/lib/python3/dist-packages/colcon_core/task/python/colcon_distutils_commands:/home/abhirup/slam_platform/slam_ws/install/sensor_adapter/lib/python3.12/site-packages:${PYTHONPATH} /usr/bin/python3 -W ignore:setup.py install is deprecated -W ignore:easy_install command is deprecated setup.py egg_info --egg-base ../../build/sensor_adapter build --build-base /home/abhirup/slam_platform/slam_ws/build/sensor_adapter/build install --record /home/abhirup/slam_platform/slam_ws/build/sensor_adapter/install.log --single-version-externally-managed install_data --force
