running develop
running egg_info
creating ros_gz_bridge_manager.egg-info
writing ros_gz_bridge_manager.egg-info/PKG-INFO
writing dependency_links to ros_gz_bridge_manager.egg-info/dependency_links.txt
writing requirements to ros_gz_bridge_manager.egg-info/requires.txt
writing top-level names to ros_gz_bridge_manager.egg-info/top_level.txt
writing manifest file 'ros_gz_bridge_manager.egg-info/SOURCES.txt'
reading manifest file 'ros_gz_bridge_manager.egg-info/SOURCES.txt'
writing manifest file 'ros_gz_bridge_manager.egg-info/SOURCES.txt'
running build_ext
Creating /home/abhirup/slam_platform/slam_ws/install/ros_gz_bridge_manager/lib/python3.12/site-packages/ros-gz-bridge-manager.egg-link (link to .)

Installed /home/abhirup/slam_platform/slam_ws/build/ros_gz_bridge_manager
running symlink_data
creating /home/abhirup/slam_platform/slam_ws/install/ros_gz_bridge_manager/share/ament_index
creating /home/abhirup/slam_platform/slam_ws/install/ros_gz_bridge_manager/share/ament_index/resource_index
creating /home/abhirup/slam_platform/slam_ws/install/ros_gz_bridge_manager/share/ament_index/resource_index/packages
symbolically linking /home/abhirup/slam_platform/slam_ws/build/ros_gz_bridge_manager/resource/ros_gz_bridge_manager -> /home/abhirup/slam_platform/slam_ws/install/ros_gz_bridge_manager/share/ament_index/resource_index/packages
symbolically linking /home/abhirup/slam_platform/slam_ws/build/ros_gz_bridge_manager/package.xml -> /home/abhirup/slam_platform/slam_ws/install/ros_gz_bridge_manager/share/ros_gz_bridge_manager
symbolically linking /home/abhirup/slam_platform/slam_ws/build/ros_gz_bridge_manager/launch/bridge.launch.py -> /home/abhirup/slam_platform/slam_ws/install/ros_gz_bridge_manager/share/ros_gz_bridge_manager
