[1.074s] Invoking command in '/home/abhirup/slam_platform/slam_ws/build/ros_gz_bridge_manager': DEBUGINFOD_URLS=https://debuginfod.ubuntu.com PYTHONPATH=/home/abhirup/slam_platform/slam_ws/build/ros_gz_bridge_manager/prefix_override:/usr/lib/python3/dist-packages/colcon_core/task/python/colcon_distutils_commands:/home/abhirup/slam_platform/slam_ws/install/ros_gz_bridge_manager/lib/python3.12/site-packages:${PYTHONPATH} /usr/bin/python3 -W ignore:setup.py install is deprecated -W ignore:easy_install command is deprecated setup.py develop --editable --build-directory /home/abhirup/slam_platform/slam_ws/build/ros_gz_bridge_manager/build --no-deps symlink_data
[1.209s] running develop
[1.278s] running egg_info
[1.278s] creating ros_gz_bridge_manager.egg-info
[1.284s] writing ros_gz_bridge_manager.egg-info/PKG-INFO
[1.285s] writing dependency_links to ros_gz_bridge_manager.egg-info/dependency_links.txt
[1.285s] writing requirements to ros_gz_bridge_manager.egg-info/requires.txt
[1.285s] writing top-level names to ros_gz_bridge_manager.egg-info/top_level.txt
[1.285s] writing manifest file 'ros_gz_bridge_manager.egg-info/SOURCES.txt'
[1.298s] reading manifest file 'ros_gz_bridge_manager.egg-info/SOURCES.txt'
[1.299s] writing manifest file 'ros_gz_bridge_manager.egg-info/SOURCES.txt'
[1.306s] running build_ext
[1.306s] Creating /home/abhirup/slam_platform/slam_ws/install/ros_gz_bridge_manager/lib/python3.12/site-packages/ros-gz-bridge-manager.egg-link (link to .)
[1.306s] 
[1.306s] Installed /home/abhirup/slam_platform/slam_ws/build/ros_gz_bridge_manager
[1.306s] running symlink_data
[1.306s] creating /home/abhirup/slam_platform/slam_ws/install/ros_gz_bridge_manager/share/ament_index
[1.306s] creating /home/abhirup/slam_platform/slam_ws/install/ros_gz_bridge_manager/share/ament_index/resource_index
[1.307s] creating /home/abhirup/slam_platform/slam_ws/install/ros_gz_bridge_manager/share/ament_index/resource_index/packages
[1.307s] symbolically linking /home/abhirup/slam_platform/slam_ws/build/ros_gz_bridge_manager/resource/ros_gz_bridge_manager -> /home/abhirup/slam_platform/slam_ws/install/ros_gz_bridge_manager/share/ament_index/resource_index/packages
[1.307s] symbolically linking /home/abhirup/slam_platform/slam_ws/build/ros_gz_bridge_manager/package.xml -> /home/abhirup/slam_platform/slam_ws/install/ros_gz_bridge_manager/share/ros_gz_bridge_manager
[1.307s] symbolically linking /home/abhirup/slam_platform/slam_ws/build/ros_gz_bridge_manager/launch/bridge.launch.py -> /home/abhirup/slam_platform/slam_ws/install/ros_gz_bridge_manager/share/ros_gz_bridge_manager
[1.324s] Invoked command in '/home/abhirup/slam_platform/slam_ws/build/ros_gz_bridge_manager' returned '0': DEBUGINFOD_URLS=https://debuginfod.ubuntu.com PYTHONPATH=/home/abhirup/slam_platform/slam_ws/build/ros_gz_bridge_manager/prefix_override:/usr/lib/python3/dist-packages/colcon_core/task/python/colcon_distutils_commands:/home/abhirup/slam_platform/slam_ws/install/ros_gz_bridge_manager/lib/python3.12/site-packages:${PYTHONPATH} /usr/bin/python3 -W ignore:setup.py install is deprecated -W ignore:easy_install command is deprecated setup.py develop --editable --build-directory /home/abhirup/slam_platform/slam_ws/build/ros_gz_bridge_manager/build --no-deps symlink_data
