running egg_info
creating ../../../build/sensor_adapter/sensor_adapter.egg-info
writing ../../../build/sensor_adapter/sensor_adapter.egg-info/PKG-INFO
writing dependency_links to ../../../build/sensor_adapter/sensor_adapter.egg-info/dependency_links.txt
writing entry points to ../../../build/sensor_adapter/sensor_adapter.egg-info/entry_points.txt
writing requirements to ../../../build/sensor_adapter/sensor_adapter.egg-info/requires.txt
writing top-level names to ../../../build/sensor_adapter/sensor_adapter.egg-info/top_level.txt
writing manifest file '../../../build/sensor_adapter/sensor_adapter.egg-info/SOURCES.txt'
reading manifest file '../../../build/sensor_adapter/sensor_adapter.egg-info/SOURCES.txt'
writing manifest file '../../../build/sensor_adapter/sensor_adapter.egg-info/SOURCES.txt'
running build
running build_py
creating /home/abhirup/slam_platform/build/sensor_adapter/build
creating /home/abhirup/slam_platform/build/sensor_adapter/build/lib
creating /home/abhirup/slam_platform/build/sensor_adapter/build/lib/sensor_adapter
copying sensor_adapter/odom_adapter.py -> /home/abhirup/slam_platform/build/sensor_adapter/build/lib/sensor_adapter
copying sensor_adapter/camera_info_adapter.py -> /home/abhirup/slam_platform/build/sensor_adapter/build/lib/sensor_adapter
copying sensor_adapter/imu_adapter.py -> /home/abhirup/slam_platform/build/sensor_adapter/build/lib/sensor_adapter
copying sensor_adapter/__init__.py -> /home/abhirup/slam_platform/build/sensor_adapter/build/lib/sensor_adapter
copying sensor_adapter/camera_adapter.py -> /home/abhirup/slam_platform/build/sensor_adapter/build/lib/sensor_adapter
copying sensor_adapter/lidar_adapter.py -> /home/abhirup/slam_platform/build/sensor_adapter/build/lib/sensor_adapter
running install
running install_lib
creating /home/abhirup/slam_platform/install/sensor_adapter/lib/python3.12/site-packages/sensor_adapter
copying /home/abhirup/slam_platform/build/sensor_adapter/build/lib/sensor_adapter/odom_adapter.py -> /home/abhirup/slam_platform/install/sensor_adapter/lib/python3.12/site-packages/sensor_adapter
copying /home/abhirup/slam_platform/build/sensor_adapter/build/lib/sensor_adapter/camera_info_adapter.py -> /home/abhirup/slam_platform/install/sensor_adapter/lib/python3.12/site-packages/sensor_adapter
copying /home/abhirup/slam_platform/build/sensor_adapter/build/lib/sensor_adapter/imu_adapter.py -> /home/abhirup/slam_platform/install/sensor_adapter/lib/python3.12/site-packages/sensor_adapter
copying /home/abhirup/slam_platform/build/sensor_adapter/build/lib/sensor_adapter/__init__.py -> /home/abhirup/slam_platform/install/sensor_adapter/lib/python3.12/site-packages/sensor_adapter
copying /home/abhirup/slam_platform/build/sensor_adapter/build/lib/sensor_adapter/camera_adapter.py -> /home/abhirup/slam_platform/install/sensor_adapter/lib/python3.12/site-packages/sensor_adapter
copying /home/abhirup/slam_platform/build/sensor_adapter/build/lib/sensor_adapter/lidar_adapter.py -> /home/abhirup/slam_platform/install/sensor_adapter/lib/python3.12/site-packages/sensor_adapter
byte-compiling /home/abhirup/slam_platform/install/sensor_adapter/lib/python3.12/site-packages/sensor_adapter/odom_adapter.py to odom_adapter.cpython-312.pyc
byte-compiling /home/abhirup/slam_platform/install/sensor_adapter/lib/python3.12/site-packages/sensor_adapter/camera_info_adapter.py to camera_info_adapter.cpython-312.pyc
byte-compiling /home/abhirup/slam_platform/install/sensor_adapter/lib/python3.12/site-packages/sensor_adapter/imu_adapter.py to imu_adapter.cpython-312.pyc
byte-compiling /home/abhirup/slam_platform/install/sensor_adapter/lib/python3.12/site-packages/sensor_adapter/__init__.py to __init__.cpython-312.pyc
byte-compiling /home/abhirup/slam_platform/install/sensor_adapter/lib/python3.12/site-packages/sensor_adapter/camera_adapter.py to camera_adapter.cpython-312.pyc
byte-compiling /home/abhirup/slam_platform/install/sensor_adapter/lib/python3.12/site-packages/sensor_adapter/lidar_adapter.py to lidar_adapter.cpython-312.pyc
running install_data
creating /home/abhirup/slam_platform/install/sensor_adapter/share/ament_index
creating /home/abhirup/slam_platform/install/sensor_adapter/share/ament_index/resource_index
creating /home/abhirup/slam_platform/install/sensor_adapter/share/ament_index/resource_index/packages
copying resource/sensor_adapter -> /home/abhirup/slam_platform/install/sensor_adapter/share/ament_index/resource_index/packages
copying package.xml -> /home/abhirup/slam_platform/install/sensor_adapter/share/sensor_adapter
creating /home/abhirup/slam_platform/install/sensor_adapter/share/sensor_adapter/launch
copying launch/sensor_adapter.launch.py -> /home/abhirup/slam_platform/install/sensor_adapter/share/sensor_adapter/launch
running install_egg_info
Copying ../../../build/sensor_adapter/sensor_adapter.egg-info to /home/abhirup/slam_platform/install/sensor_adapter/lib/python3.12/site-packages/sensor_adapter-0.0.0-py3.12.egg-info
running install_scripts
Installing camera_adapter script to /home/abhirup/slam_platform/install/sensor_adapter/lib/sensor_adapter
Installing camera_info_adapter script to /home/abhirup/slam_platform/install/sensor_adapter/lib/sensor_adapter
Installing imu_adapter script to /home/abhirup/slam_platform/install/sensor_adapter/lib/sensor_adapter
Installing lidar_adapter script to /home/abhirup/slam_platform/install/sensor_adapter/lib/sensor_adapter
Installing odom_adapter script to /home/abhirup/slam_platform/install/sensor_adapter/lib/sensor_adapter
writing list of installed files to '/home/abhirup/slam_platform/build/sensor_adapter/install.log'
