running egg_info
writing ../../../build/evaluator_ros/evaluator_ros.egg-info/PKG-INFO
writing dependency_links to ../../../build/evaluator_ros/evaluator_ros.egg-info/dependency_links.txt
writing entry points to ../../../build/evaluator_ros/evaluator_ros.egg-info/entry_points.txt
writing requirements to ../../../build/evaluator_ros/evaluator_ros.egg-info/requires.txt
writing top-level names to ../../../build/evaluator_ros/evaluator_ros.egg-info/top_level.txt
reading manifest file '../../../build/evaluator_ros/evaluator_ros.egg-info/SOURCES.txt'
writing manifest file '../../../build/evaluator_ros/evaluator_ros.egg-info/SOURCES.txt'
running build
running build_py
running install
running install_lib
running install_data
running install_egg_info
removing '/home/abhirup/slam_platform/install/evaluator_ros/lib/python3.12/site-packages/evaluator_ros-0.0.0-py3.12.egg-info' (and everything under it)
Copying ../../../build/evaluator_ros/evaluator_ros.egg-info to /home/abhirup/slam_platform/install/evaluator_ros/lib/python3.12/site-packages/evaluator_ros-0.0.0-py3.12.egg-info
running install_scripts
Installing pose_comparator script to /home/abhirup/slam_platform/install/evaluator_ros/lib/evaluator_ros
Installing resource_monitor script to /home/abhirup/slam_platform/install/evaluator_ros/lib/evaluator_ros
Installing trajectory_evaluator script to /home/abhirup/slam_platform/install/evaluator_ros/lib/evaluator_ros
writing list of installed files to '/home/abhirup/slam_platform/build/evaluator_ros/install.log'
