/home/abhirup/slam_platform/install/evaluator_ros/lib/python3.12/site-packages/evaluator_ros/pose_comparator.py
/home/abhirup/slam_platform/install/evaluator_ros/lib/python3.12/site-packages/evaluator_ros/__init__.py
/home/abhirup/slam_platform/install/evaluator_ros/lib/python3.12/site-packages/evaluator_ros/metrics_publisher.py
/home/abhirup/slam_platform/install/evaluator_ros/lib/python3.12/site-packages/evaluator_ros/resource_monitor.py
/home/abhirup/slam_platform/install/evaluator_ros/lib/python3.12/site-packages/evaluator_ros/trajectory_evaluator.py
/home/abhirup/slam_platform/install/evaluator_ros/lib/python3.12/site-packages/evaluator_ros/__pycache__/pose_comparator.cpython-312.pyc
/home/abhirup/slam_platform/install/evaluator_ros/lib/python3.12/site-packages/evaluator_ros/__pycache__/__init__.cpython-312.pyc
/home/abhirup/slam_platform/install/evaluator_ros/lib/python3.12/site-packages/evaluator_ros/__pycache__/metrics_publisher.cpython-312.pyc
/home/abhirup/slam_platform/install/evaluator_ros/lib/python3.12/site-packages/evaluator_ros/__pycache__/resource_monitor.cpython-312.pyc
/home/abhirup/slam_platform/install/evaluator_ros/lib/python3.12/site-packages/evaluator_ros/__pycache__/trajectory_evaluator.cpython-312.pyc
/home/abhirup/slam_platform/install/evaluator_ros/share/ament_index/resource_index/packages/evaluator_ros
/home/abhirup/slam_platform/install/evaluator_ros/share/evaluator_ros/package.xml
/home/abhirup/slam_platform/install/evaluator_ros/share/evaluator_ros/launch/evaluator.launch.py
/home/abhirup/slam_platform/install/evaluator_ros/lib/python3.12/site-packages/evaluator_ros-0.0.0-py3.12.egg-info/dependency_links.txt
/home/abhirup/slam_platform/install/evaluator_ros/lib/python3.12/site-packages/evaluator_ros-0.0.0-py3.12.egg-info/requires.txt
/home/abhirup/slam_platform/install/evaluator_ros/lib/python3.12/site-packages/evaluator_ros-0.0.0-py3.12.egg-info/entry_points.txt
/home/abhirup/slam_platform/install/evaluator_ros/lib/python3.12/site-packages/evaluator_ros-0.0.0-py3.12.egg-info/SOURCES.txt
/home/abhirup/slam_platform/install/evaluator_ros/lib/python3.12/site-packages/evaluator_ros-0.0.0-py3.12.egg-info/zip-safe
/home/abhirup/slam_platform/install/evaluator_ros/lib/python3.12/site-packages/evaluator_ros-0.0.0-py3.12.egg-info/top_level.txt
/home/abhirup/slam_platform/install/evaluator_ros/lib/python3.12/site-packages/evaluator_ros-0.0.0-py3.12.egg-info/PKG-INFO
/home/abhirup/slam_platform/install/evaluator_ros/lib/evaluator_ros/pose_comparator
/home/abhirup/slam_platform/install/evaluator_ros/lib/evaluator_ros/resource_monitor
/home/abhirup/slam_platform/install/evaluator_ros/lib/evaluator_ros/trajectory_evaluator
