-- Found ament_cmake: 2.5.6 (/opt/ros/jazzy/share/ament_cmake/cmake)
-- Override CMake install command with custom implementation using symlinks instead of copying resources
-- Configuring done (0.2s)
-- Generating done (0.0s)
-- Build files have been written to: /home/abhirup/slam_platform/slam_ws/build/slam_interfaces
-- Install configuration: ""
-- Execute custom install script
-- Up-to-date symlink: /home/abhirup/slam_platform/slam_ws/install/slam_interfaces/share/ament_index/resource_index/package_run_dependencies/slam_interfaces
-- Up-to-date symlink: /home/abhirup/slam_platform/slam_ws/install/slam_interfaces/share/ament_index/resource_index/parent_prefix_path/slam_interfaces
-- Up-to-date symlink: /home/abhirup/slam_platform/slam_ws/install/slam_interfaces/share/slam_interfaces/environment/ament_prefix_path.sh
-- Up-to-date symlink: /home/abhirup/slam_platform/slam_ws/install/slam_interfaces/share/slam_interfaces/environment/ament_prefix_path.dsv
-- Up-to-date symlink: /home/abhirup/slam_platform/slam_ws/install/slam_interfaces/share/slam_interfaces/environment/path.sh
-- Up-to-date symlink: /home/abhirup/slam_platform/slam_ws/install/slam_interfaces/share/slam_interfaces/environment/path.dsv
-- Up-to-date symlink: /home/abhirup/slam_platform/slam_ws/install/slam_interfaces/share/slam_interfaces/local_setup.bash
-- Up-to-date symlink: /home/abhirup/slam_platform/slam_ws/install/slam_interfaces/share/slam_interfaces/local_setup.sh
-- Up-to-date symlink: /home/abhirup/slam_platform/slam_ws/install/slam_interfaces/share/slam_interfaces/local_setup.zsh
-- Up-to-date symlink: /home/abhirup/slam_platform/slam_ws/install/slam_interfaces/share/slam_interfaces/local_setup.dsv
-- Symlinking: /home/abhirup/slam_platform/slam_ws/install/slam_interfaces/share/slam_interfaces/package.dsv
-- Up-to-date symlink: /home/abhirup/slam_platform/slam_ws/install/slam_interfaces/share/ament_index/resource_index/packages/slam_interfaces
-- Up-to-date symlink: /home/abhirup/slam_platform/slam_ws/install/slam_interfaces/share/slam_interfaces/cmake/slam_interfacesConfig.cmake
-- Up-to-date symlink: /home/abhirup/slam_platform/slam_ws/install/slam_interfaces/share/slam_interfaces/cmake/slam_interfacesConfig-version.cmake
-- Up-to-date symlink: /home/abhirup/slam_platform/slam_ws/install/slam_interfaces/share/slam_interfaces/package.xml
