running develop
Removing /home/abhirup/slam_platform/slam_ws/install/evaluator_ros/lib/python3.12/site-packages/evaluator-ros.egg-link (link to .)
running egg_info
writing ../../build/evaluator_ros/evaluator_ros.egg-info/PKG-INFO
writing dependency_links to ../../build/evaluator_ros/evaluator_ros.egg-info/dependency_links.txt
writing requirements to ../../build/evaluator_ros/evaluator_ros.egg-info/requires.txt
writing top-level names to ../../build/evaluator_ros/evaluator_ros.egg-info/top_level.txt
reading manifest file '../../build/evaluator_ros/evaluator_ros.egg-info/SOURCES.txt'
writing manifest file '../../build/evaluator_ros/evaluator_ros.egg-info/SOURCES.txt'
running build
running build_py
creating /home/abhirup/slam_platform/slam_ws/build/evaluator_ros/build
creating /home/abhirup/slam_platform/slam_ws/build/evaluator_ros/build/lib
creating /home/abhirup/slam_platform/slam_ws/build/evaluator_ros/build/lib/evaluator_ros
copying evaluator_ros/__init__.py -> /home/abhirup/slam_platform/slam_ws/build/evaluator_ros/build/lib/evaluator_ros
running install
running install_lib
creating /home/abhirup/slam_platform/slam_ws/install/evaluator_ros/lib/python3.12/site-packages/evaluator_ros
copying /home/abhirup/slam_platform/slam_ws/build/evaluator_ros/build/lib/evaluator_ros/__init__.py -> /home/abhirup/slam_platform/slam_ws/install/evaluator_ros/lib/python3.12/site-packages/evaluator_ros
byte-compiling /home/abhirup/slam_platform/slam_ws/install/evaluator_ros/lib/python3.12/site-packages/evaluator_ros/__init__.py to __init__.cpython-312.pyc
running install_data
copying resource/evaluator_ros -> /home/abhirup/slam_platform/slam_ws/install/evaluator_ros/share/ament_index/resource_index/packages
copying package.xml -> /home/abhirup/slam_platform/slam_ws/install/evaluator_ros/share/evaluator_ros
running install_egg_info
Copying ../../build/evaluator_ros/evaluator_ros.egg-info to /home/abhirup/slam_platform/slam_ws/install/evaluator_ros/lib/python3.12/site-packages/evaluator_ros-0.0.0-py3.12.egg-info
running install_scripts
writing list of installed files to '/home/abhirup/slam_platform/slam_ws/build/evaluator_ros/install.log'
