[1.131s] Invoking command in '/home/abhirup/slam_platform/slam_ws/build/evaluator_ros': DEBUGINFOD_URLS=https://debuginfod.ubuntu.com PYTHONPATH=/home/abhirup/slam_platform/slam_ws/build/evaluator_ros/prefix_override:/usr/lib/python3/dist-packages/colcon_core/task/python/colcon_distutils_commands:/home/abhirup/slam_platform/slam_ws/install/evaluator_ros/lib/python3.12/site-packages:${PYTHONPATH} /usr/bin/python3 -W ignore:setup.py install is deprecated -W ignore:easy_install command is deprecated setup.py develop --uninstall --editable --build-directory /home/abhirup/slam_platform/slam_ws/build/evaluator_ros/build
[1.260s] running develop
[1.331s] Removing /home/abhirup/slam_platform/slam_ws/install/evaluator_ros/lib/python3.12/site-packages/evaluator-ros.egg-link (link to .)
[1.346s] Invoked command in '/home/abhirup/slam_platform/slam_ws/build/evaluator_ros' returned '0': DEBUGINFOD_URLS=https://debuginfod.ubuntu.com PYTHONPATH=/home/abhirup/slam_platform/slam_ws/build/evaluator_ros/prefix_override:/usr/lib/python3/dist-packages/colcon_core/task/python/colcon_distutils_commands:/home/abhirup/slam_platform/slam_ws/install/evaluator_ros/lib/python3.12/site-packages:${PYTHONPATH} /usr/bin/python3 -W ignore:setup.py install is deprecated -W ignore:easy_install command is deprecated setup.py develop --uninstall --editable --build-directory /home/abhirup/slam_platform/slam_ws/build/evaluator_ros/build
[1.347s] Invoking command in '/home/abhirup/slam_platform/slam_ws/src/evaluator_ros': DEBUGINFOD_URLS=https://debuginfod.ubuntu.com PYTHONPATH=/home/abhirup/slam_platform/slam_ws/build/evaluator_ros/prefix_override:/usr/lib/python3/dist-packages/colcon_core/task/python/colcon_distutils_commands:/home/abhirup/slam_platform/slam_ws/install/evaluator_ros/lib/python3.12/site-packages:${PYTHONPATH} /usr/bin/python3 -W ignore:setup.py install is deprecated -W ignore:easy_install command is deprecated setup.py egg_info --egg-base ../../build/evaluator_ros build --build-base /home/abhirup/slam_platform/slam_ws/build/evaluator_ros/build install --record /home/abhirup/slam_platform/slam_ws/build/evaluator_ros/install.log --single-version-externally-managed install_data --force
[1.461s] running egg_info
[1.467s] writing ../../build/evaluator_ros/evaluator_ros.egg-info/PKG-INFO
[1.468s] writing dependency_links to ../../build/evaluator_ros/evaluator_ros.egg-info/dependency_links.txt
[1.468s] writing requirements to ../../build/evaluator_ros/evaluator_ros.egg-info/requires.txt
[1.468s] writing top-level names to ../../build/evaluator_ros/evaluator_ros.egg-info/top_level.txt
[1.481s] reading manifest file '../../build/evaluator_ros/evaluator_ros.egg-info/SOURCES.txt'
[1.481s] writing manifest file '../../build/evaluator_ros/evaluator_ros.egg-info/SOURCES.txt'
[1.481s] running build
[1.482s] running build_py
[1.482s] creating /home/abhirup/slam_platform/slam_ws/build/evaluator_ros/build
[1.482s] creating /home/abhirup/slam_platform/slam_ws/build/evaluator_ros/build/lib
[1.482s] creating /home/abhirup/slam_platform/slam_ws/build/evaluator_ros/build/lib/evaluator_ros
[1.482s] copying evaluator_ros/__init__.py -> /home/abhirup/slam_platform/slam_ws/build/evaluator_ros/build/lib/evaluator_ros
[1.482s] running install
[1.485s] running install_lib
[1.492s] creating /home/abhirup/slam_platform/slam_ws/install/evaluator_ros/lib/python3.12/site-packages/evaluator_ros
[1.492s] copying /home/abhirup/slam_platform/slam_ws/build/evaluator_ros/build/lib/evaluator_ros/__init__.py -> /home/abhirup/slam_platform/slam_ws/install/evaluator_ros/lib/python3.12/site-packages/evaluator_ros
[1.492s] byte-compiling /home/abhirup/slam_platform/slam_ws/install/evaluator_ros/lib/python3.12/site-packages/evaluator_ros/__init__.py to __init__.cpython-312.pyc
[1.492s] running install_data
[1.493s] copying resource/evaluator_ros -> /home/abhirup/slam_platform/slam_ws/install/evaluator_ros/share/ament_index/resource_index/packages
[1.493s] copying package.xml -> /home/abhirup/slam_platform/slam_ws/install/evaluator_ros/share/evaluator_ros
[1.493s] running install_egg_info
[1.500s] Copying ../../build/evaluator_ros/evaluator_ros.egg-info to /home/abhirup/slam_platform/slam_ws/install/evaluator_ros/lib/python3.12/site-packages/evaluator_ros-0.0.0-py3.12.egg-info
[1.500s] running install_scripts
[1.553s] writing list of installed files to '/home/abhirup/slam_platform/slam_ws/build/evaluator_ros/install.log'
[1.567s] Invoked command in '/home/abhirup/slam_platform/slam_ws/src/evaluator_ros' returned '0': DEBUGINFOD_URLS=https://debuginfod.ubuntu.com PYTHONPATH=/home/abhirup/slam_platform/slam_ws/build/evaluator_ros/prefix_override:/usr/lib/python3/dist-packages/colcon_core/task/python/colcon_distutils_commands:/home/abhirup/slam_platform/slam_ws/install/evaluator_ros/lib/python3.12/site-packages:${PYTHONPATH} /usr/bin/python3 -W ignore:setup.py install is deprecated -W ignore:easy_install command is deprecated setup.py egg_info --egg-base ../../build/evaluator_ros build --build-base /home/abhirup/slam_platform/slam_ws/build/evaluator_ros/build install --record /home/abhirup/slam_platform/slam_ws/build/evaluator_ros/install.log --single-version-externally-managed install_data --force
