[0.553s] Invoking command in '/home/abhirup/slam_platform/build/slam_interfaces': CMAKE_PREFIX_PATH=${CMAKE_PREFIX_PATH}:/opt/ros/jazzy DEBUGINFOD_URLS=https://debuginfod.ubuntu.com /usr/bin/cmake --build /home/abhirup/slam_platform/build/slam_interfaces -- -j28 -l28
[0.652s] -- Found ament_cmake: 2.5.6 (/opt/ros/jazzy/share/ament_cmake/cmake)
[0.652s] -- Found rosidl_default_generators: 1.6.1 (/opt/ros/jazzy/share/rosidl_default_generators/cmake)
[0.652s] -- Using all available rosidl_typesupport_c: rosidl_typesupport_fastrtps_c;rosidl_typesupport_introspection_c
[0.652s] -- Using all available rosidl_typesupport_cpp: rosidl_typesupport_fastrtps_cpp;rosidl_typesupport_introspection_cpp
[0.659s] -- Found rosidl_adapter: 4.6.9 (/opt/ros/jazzy/share/rosidl_adapter/cmake)
[0.660s] -- Found std_msgs: 5.3.8 (/opt/ros/jazzy/share/std_msgs/cmake)
[0.820s] -- Found ament_cmake_ros: 0.12.1 (/opt/ros/jazzy/share/ament_cmake_ros/cmake)
[0.900s] -- Using all available rosidl_typesupport_c: rosidl_typesupport_fastrtps_c;rosidl_typesupport_introspection_c
[1.016s] -- Using all available rosidl_typesupport_cpp: rosidl_typesupport_fastrtps_cpp;rosidl_typesupport_introspection_cpp
[1.016s] -- Found python_cmake_module: 0.11.1 (/opt/ros/jazzy/share/python_cmake_module/cmake)
[1.173s] -- Found Python3: /usr/bin/python3 (found version "3.12.3") found components: Interpreter Development NumPy Development.Module Development.Embed 
[1.207s] -- Found Python3: /usr/bin/python3 (found version "3.12.3") found components: Interpreter 
[1.210s] -- Configuring done (0.6s)
[1.225s] -- Generating done (0.0s)
[1.231s] -- Build files have been written to: /home/abhirup/slam_platform/build/slam_interfaces
[1.254s] [  2%] Built target slam_interfaces__rosidl_generator_type_description
[1.254s] [  5%] [34m[1mGenerating Rust code for ROS interfaces[0m
[1.258s] [  5%] Built target ament_cmake_python_copy_slam_interfaces
[1.268s] [  8%] Built target slam_interfaces__cpp
[1.270s] [ 22%] Built target slam_interfaces__rosidl_generator_c
[1.282s] [ 31%] Built target slam_interfaces__rosidl_typesupport_fastrtps_cpp
[1.283s] [ 40%] Built target slam_interfaces__rosidl_typesupport_fastrtps_c
[1.284s] [ 65%] Built target slam_interfaces__rosidl_typesupport_introspection_cpp
[1.284s] [ 65%] Built target slam_interfaces__rosidl_typesupport_c
[1.284s] [ 65%] Built target slam_interfaces__rosidl_typesupport_introspection_c
[1.286s] [ 74%] Built target slam_interfaces__rosidl_typesupport_cpp
[1.360s] running egg_info
[1.368s] writing slam_interfaces.egg-info/PKG-INFO
[1.368s] writing dependency_links to slam_interfaces.egg-info/dependency_links.txt
[1.368s] writing top-level names to slam_interfaces.egg-info/top_level.txt
[1.388s] reading manifest file 'slam_interfaces.egg-info/SOURCES.txt'
[1.388s] writing manifest file 'slam_interfaces.egg-info/SOURCES.txt'
[1.405s] [ 74%] Built target ament_cmake_python_build_slam_interfaces_egg
[2.027s] Traceback (most recent call last):
[2.027s]   File "/opt/ros/jazzy/share/rosidl_generator_rs/cmake/../../../lib/rosidl_generator_rs/rosidl_generator_rs", line 8, in <module>
[2.027s]     from rosidl_generator_rs import generate_rs
[2.027s]   File "/opt/ros/jazzy/lib/python3.12/site-packages/rosidl_generator_rs/__init__.py", line 20, in <module>
[2.027s]     if os.environ['ROS_DISTRO'] <= 'humble':
[2.027s]        ~~~~~~~~~~^^^^^^^^^^^^^^
[2.027s]   File "<frozen os>", line 685, in __getitem__
[2.028s] KeyError: 'ROS_DISTRO'
[2.041s] gmake[2]: *** [/home/abhirup/slam_platform/build/slam_interfaces/slam_interfaces__rs/CMakeFiles/slam_interfaces__rs.dir/build.make:122: rosidl_generator_rs/slam_interfaces/rust/src/lib.rs] Error 1
[2.041s] gmake[1]: *** [CMakeFiles/Makefile2:666: slam_interfaces__rs/CMakeFiles/slam_interfaces__rs.dir/all] Error 2
[2.041s] gmake: *** [Makefile:146: all] Error 2
[2.043s] Invoked command in '/home/abhirup/slam_platform/build/slam_interfaces' returned '2': CMAKE_PREFIX_PATH=${CMAKE_PREFIX_PATH}:/opt/ros/jazzy DEBUGINFOD_URLS=https://debuginfod.ubuntu.com /usr/bin/cmake --build /home/abhirup/slam_platform/build/slam_interfaces -- -j28 -l28
