[0.653s] Invoking command in '/home/abhirup/slam_platform/slam_ws/build/slam_interfaces': CMAKE_PREFIX_PATH=${CMAKE_PREFIX_PATH}:/opt/ros/jazzy DEBUGINFOD_URLS=https://debuginfod.ubuntu.com /usr/bin/cmake --build /home/abhirup/slam_platform/slam_ws/build/slam_interfaces -- -j28 -l28
[0.770s] Invoked command in '/home/abhirup/slam_platform/slam_ws/build/slam_interfaces' returned '0': CMAKE_PREFIX_PATH=${CMAKE_PREFIX_PATH}:/opt/ros/jazzy DEBUGINFOD_URLS=https://debuginfod.ubuntu.com /usr/bin/cmake --build /home/abhirup/slam_platform/slam_ws/build/slam_interfaces -- -j28 -l28
[0.778s] Invoking command in '/home/abhirup/slam_platform/slam_ws/build/slam_interfaces': CMAKE_PREFIX_PATH=${CMAKE_PREFIX_PATH}:/opt/ros/jazzy DEBUGINFOD_URLS=https://debuginfod.ubuntu.com /usr/bin/cmake --install /home/abhirup/slam_platform/slam_ws/build/slam_interfaces
[0.888s] -- Install configuration: ""
[0.888s] -- Execute custom install script
[0.888s] -- Up-to-date symlink: /home/abhirup/slam_platform/slam_ws/install/slam_interfaces/share/ament_index/resource_index/package_run_dependencies/slam_interfaces
[0.888s] -- Up-to-date symlink: /home/abhirup/slam_platform/slam_ws/install/slam_interfaces/share/ament_index/resource_index/parent_prefix_path/slam_interfaces
[0.888s] -- Up-to-date symlink: /home/abhirup/slam_platform/slam_ws/install/slam_interfaces/share/slam_interfaces/environment/ament_prefix_path.sh
[0.888s] -- Up-to-date symlink: /home/abhirup/slam_platform/slam_ws/install/slam_interfaces/share/slam_interfaces/environment/ament_prefix_path.dsv
[0.889s] -- Up-to-date symlink: /home/abhirup/slam_platform/slam_ws/install/slam_interfaces/share/slam_interfaces/environment/path.sh
[0.889s] -- Up-to-date symlink: /home/abhirup/slam_platform/slam_ws/install/slam_interfaces/share/slam_interfaces/environment/path.dsv
[0.889s] -- Up-to-date symlink: /home/abhirup/slam_platform/slam_ws/install/slam_interfaces/share/slam_interfaces/local_setup.bash
[0.889s] -- Up-to-date symlink: /home/abhirup/slam_platform/slam_ws/install/slam_interfaces/share/slam_interfaces/local_setup.sh
[0.889s] -- Up-to-date symlink: /home/abhirup/slam_platform/slam_ws/install/slam_interfaces/share/slam_interfaces/local_setup.zsh
[0.889s] -- Up-to-date symlink: /home/abhirup/slam_platform/slam_ws/install/slam_interfaces/share/slam_interfaces/local_setup.dsv
[0.889s] -- Symlinking: /home/abhirup/slam_platform/slam_ws/install/slam_interfaces/share/slam_interfaces/package.dsv
[0.889s] -- Up-to-date symlink: /home/abhirup/slam_platform/slam_ws/install/slam_interfaces/share/ament_index/resource_index/packages/slam_interfaces
[0.889s] -- Up-to-date symlink: /home/abhirup/slam_platform/slam_ws/install/slam_interfaces/share/slam_interfaces/cmake/slam_interfacesConfig.cmake
[0.889s] -- Up-to-date symlink: /home/abhirup/slam_platform/slam_ws/install/slam_interfaces/share/slam_interfaces/cmake/slam_interfacesConfig-version.cmake
[0.889s] -- Up-to-date symlink: /home/abhirup/slam_platform/slam_ws/install/slam_interfaces/share/slam_interfaces/package.xml
[0.894s] Invoked command in '/home/abhirup/slam_platform/slam_ws/build/slam_interfaces' returned '0': CMAKE_PREFIX_PATH=${CMAKE_PREFIX_PATH}:/opt/ros/jazzy DEBUGINFOD_URLS=https://debuginfod.ubuntu.com /usr/bin/cmake --install /home/abhirup/slam_platform/slam_ws/build/slam_interfaces
