running egg_info
creating ../../../build/world_manager/world_manager.egg-info
writing ../../../build/world_manager/world_manager.egg-info/PKG-INFO
writing dependency_links to ../../../build/world_manager/world_manager.egg-info/dependency_links.txt
writing requirements to ../../../build/world_manager/world_manager.egg-info/requires.txt
writing top-level names to ../../../build/world_manager/world_manager.egg-info/top_level.txt
writing manifest file '../../../build/world_manager/world_manager.egg-info/SOURCES.txt'
reading manifest file '../../../build/world_manager/world_manager.egg-info/SOURCES.txt'
writing manifest file '../../../build/world_manager/world_manager.egg-info/SOURCES.txt'
running build
running build_py
creating /home/abhirup/slam_platform/build/world_manager/build
creating /home/abhirup/slam_platform/build/world_manager/build/lib
creating /home/abhirup/slam_platform/build/world_manager/build/lib/world_manager
copying world_manager/__init__.py -> /home/abhirup/slam_platform/build/world_manager/build/lib/world_manager
running install
running install_lib
creating /home/abhirup/slam_platform/install/world_manager/lib/python3.12/site-packages/world_manager
copying /home/abhirup/slam_platform/build/world_manager/build/lib/world_manager/__init__.py -> /home/abhirup/slam_platform/install/world_manager/lib/python3.12/site-packages/world_manager
byte-compiling /home/abhirup/slam_platform/install/world_manager/lib/python3.12/site-packages/world_manager/__init__.py to __init__.cpython-312.pyc
running install_data
creating /home/abhirup/slam_platform/install/world_manager/share/ament_index
creating /home/abhirup/slam_platform/install/world_manager/share/ament_index/resource_index
creating /home/abhirup/slam_platform/install/world_manager/share/ament_index/resource_index/packages
copying resource/world_manager -> /home/abhirup/slam_platform/install/world_manager/share/ament_index/resource_index/packages
copying package.xml -> /home/abhirup/slam_platform/install/world_manager/share/world_manager
copying launch/test_world.launch.py -> /home/abhirup/slam_platform/install/world_manager/share/world_manager
running install_egg_info
Copying ../../../build/world_manager/world_manager.egg-info to /home/abhirup/slam_platform/install/world_manager/lib/python3.12/site-packages/world_manager-0.0.0-py3.12.egg-info
running install_scripts
writing list of installed files to '/home/abhirup/slam_platform/build/world_manager/install.log'
