[0.825s] Invoking command in '/home/abhirup/slam_platform/slam_ws/build/sensor_adapter': DEBUGINFOD_URLS=https://debuginfod.ubuntu.com PYTHONPATH=/home/abhirup/slam_platform/slam_ws/build/sensor_adapter/prefix_override:/usr/lib/python3/dist-packages/colcon_core/task/python/colcon_distutils_commands:/home/abhirup/slam_platform/slam_ws/install/sensor_adapter/lib/python3.12/site-packages:${PYTHONPATH} /usr/bin/python3 -W ignore:setup.py install is deprecated -W ignore:easy_install command is deprecated setup.py develop --editable --build-directory /home/abhirup/slam_platform/slam_ws/build/sensor_adapter/build --no-deps symlink_data
[0.959s] running develop
[1.031s] running egg_info
[1.039s] writing sensor_adapter.egg-info/PKG-INFO
[1.039s] writing dependency_links to sensor_adapter.egg-info/dependency_links.txt
[1.039s] writing entry points to sensor_adapter.egg-info/entry_points.txt
[1.039s] writing requirements to sensor_adapter.egg-info/requires.txt
[1.039s] writing top-level names to sensor_adapter.egg-info/top_level.txt
[1.053s] reading manifest file 'sensor_adapter.egg-info/SOURCES.txt'
[1.053s] writing manifest file 'sensor_adapter.egg-info/SOURCES.txt'
[1.061s] running build_ext
[1.061s] Creating /home/abhirup/slam_platform/slam_ws/install/sensor_adapter/lib/python3.12/site-packages/sensor-adapter.egg-link (link to .)
[1.061s] Installing camera_adapter script to /home/abhirup/slam_platform/slam_ws/install/sensor_adapter/lib/sensor_adapter
[1.061s] Installing camera_info_adapter script to /home/abhirup/slam_platform/slam_ws/install/sensor_adapter/lib/sensor_adapter
[1.061s] Installing imu_adapter script to /home/abhirup/slam_platform/slam_ws/install/sensor_adapter/lib/sensor_adapter
[1.061s] Installing lidar_adapter script to /home/abhirup/slam_platform/slam_ws/install/sensor_adapter/lib/sensor_adapter
[1.061s] Installing odom_adapter script to /home/abhirup/slam_platform/slam_ws/install/sensor_adapter/lib/sensor_adapter
[1.062s] 
[1.062s] Installed /home/abhirup/slam_platform/slam_ws/build/sensor_adapter
[1.062s] running symlink_data
[1.076s] Invoked command in '/home/abhirup/slam_platform/slam_ws/build/sensor_adapter' returned '0': DEBUGINFOD_URLS=https://debuginfod.ubuntu.com PYTHONPATH=/home/abhirup/slam_platform/slam_ws/build/sensor_adapter/prefix_override:/usr/lib/python3/dist-packages/colcon_core/task/python/colcon_distutils_commands:/home/abhirup/slam_platform/slam_ws/install/sensor_adapter/lib/python3.12/site-packages:${PYTHONPATH} /usr/bin/python3 -W ignore:setup.py install is deprecated -W ignore:easy_install command is deprecated setup.py develop --editable --build-directory /home/abhirup/slam_platform/slam_ws/build/sensor_adapter/build --no-deps symlink_data
