running egg_info
creating ../../../build/ground_truth_provider/ground_truth_provider.egg-info
writing ../../../build/ground_truth_provider/ground_truth_provider.egg-info/PKG-INFO
writing dependency_links to ../../../build/ground_truth_provider/ground_truth_provider.egg-info/dependency_links.txt
writing entry points to ../../../build/ground_truth_provider/ground_truth_provider.egg-info/entry_points.txt
writing requirements to ../../../build/ground_truth_provider/ground_truth_provider.egg-info/requires.txt
writing top-level names to ../../../build/ground_truth_provider/ground_truth_provider.egg-info/top_level.txt
writing manifest file '../../../build/ground_truth_provider/ground_truth_provider.egg-info/SOURCES.txt'
reading manifest file '../../../build/ground_truth_provider/ground_truth_provider.egg-info/SOURCES.txt'
writing manifest file '../../../build/ground_truth_provider/ground_truth_provider.egg-info/SOURCES.txt'
running build
running build_py
creating /home/abhirup/slam_platform/build/ground_truth_provider/build
creating /home/abhirup/slam_platform/build/ground_truth_provider/build/lib
creating /home/abhirup/slam_platform/build/ground_truth_provider/build/lib/ground_truth_provider
copying ground_truth_provider/odom_provider.py -> /home/abhirup/slam_platform/build/ground_truth_provider/build/lib/ground_truth_provider
copying ground_truth_provider/__init__.py -> /home/abhirup/slam_platform/build/ground_truth_provider/build/lib/ground_truth_provider
copying ground_truth_provider/pose_provider.py -> /home/abhirup/slam_platform/build/ground_truth_provider/build/lib/ground_truth_provider
copying ground_truth_provider/path_provider.py -> /home/abhirup/slam_platform/build/ground_truth_provider/build/lib/ground_truth_provider
running install
running install_lib
creating /home/abhirup/slam_platform/install/ground_truth_provider/lib/python3.12/site-packages/ground_truth_provider
copying /home/abhirup/slam_platform/build/ground_truth_provider/build/lib/ground_truth_provider/odom_provider.py -> /home/abhirup/slam_platform/install/ground_truth_provider/lib/python3.12/site-packages/ground_truth_provider
copying /home/abhirup/slam_platform/build/ground_truth_provider/build/lib/ground_truth_provider/__init__.py -> /home/abhirup/slam_platform/install/ground_truth_provider/lib/python3.12/site-packages/ground_truth_provider
copying /home/abhirup/slam_platform/build/ground_truth_provider/build/lib/ground_truth_provider/pose_provider.py -> /home/abhirup/slam_platform/install/ground_truth_provider/lib/python3.12/site-packages/ground_truth_provider
copying /home/abhirup/slam_platform/build/ground_truth_provider/build/lib/ground_truth_provider/path_provider.py -> /home/abhirup/slam_platform/install/ground_truth_provider/lib/python3.12/site-packages/ground_truth_provider
byte-compiling /home/abhirup/slam_platform/install/ground_truth_provider/lib/python3.12/site-packages/ground_truth_provider/odom_provider.py to odom_provider.cpython-312.pyc
byte-compiling /home/abhirup/slam_platform/install/ground_truth_provider/lib/python3.12/site-packages/ground_truth_provider/__init__.py to __init__.cpython-312.pyc
byte-compiling /home/abhirup/slam_platform/install/ground_truth_provider/lib/python3.12/site-packages/ground_truth_provider/pose_provider.py to pose_provider.cpython-312.pyc
byte-compiling /home/abhirup/slam_platform/install/ground_truth_provider/lib/python3.12/site-packages/ground_truth_provider/path_provider.py to path_provider.cpython-312.pyc
running install_data
creating /home/abhirup/slam_platform/install/ground_truth_provider/share/ament_index
creating /home/abhirup/slam_platform/install/ground_truth_provider/share/ament_index/resource_index
creating /home/abhirup/slam_platform/install/ground_truth_provider/share/ament_index/resource_index/packages
copying resource/ground_truth_provider -> /home/abhirup/slam_platform/install/ground_truth_provider/share/ament_index/resource_index/packages
copying package.xml -> /home/abhirup/slam_platform/install/ground_truth_provider/share/ground_truth_provider
creating /home/abhirup/slam_platform/install/ground_truth_provider/share/ground_truth_provider/launch
copying launch/ground_truth_provider.launch.py -> /home/abhirup/slam_platform/install/ground_truth_provider/share/ground_truth_provider/launch
running install_egg_info
Copying ../../../build/ground_truth_provider/ground_truth_provider.egg-info to /home/abhirup/slam_platform/install/ground_truth_provider/lib/python3.12/site-packages/ground_truth_provider-0.0.0-py3.12.egg-info
running install_scripts
Installing path_provider script to /home/abhirup/slam_platform/install/ground_truth_provider/lib/ground_truth_provider
Installing pose_provider script to /home/abhirup/slam_platform/install/ground_truth_provider/lib/ground_truth_provider
writing list of installed files to '/home/abhirup/slam_platform/build/ground_truth_provider/install.log'
