[1.048s] Invoking command in '/home/abhirup/slam_platform/slam_ws/build/sensor_adapter': DEBUGINFOD_URLS=https://debuginfod.ubuntu.com PYTHONPATH=/home/abhirup/slam_platform/slam_ws/build/sensor_adapter/prefix_override:/usr/lib/python3/dist-packages/colcon_core/task/python/colcon_distutils_commands:/home/abhirup/slam_platform/slam_ws/install/sensor_adapter/lib/python3.12/site-packages:${PYTHONPATH} /usr/bin/python3 -W ignore:setup.py install is deprecated -W ignore:easy_install command is deprecated setup.py develop --uninstall --editable --build-directory /home/abhirup/slam_platform/slam_ws/build/sensor_adapter/build
[1.178s] running develop
[1.250s] Removing /home/abhirup/slam_platform/slam_ws/install/sensor_adapter/lib/python3.12/site-packages/sensor-adapter.egg-link (link to .)
[1.266s] Invoked command in '/home/abhirup/slam_platform/slam_ws/build/sensor_adapter' returned '0': DEBUGINFOD_URLS=https://debuginfod.ubuntu.com PYTHONPATH=/home/abhirup/slam_platform/slam_ws/build/sensor_adapter/prefix_override:/usr/lib/python3/dist-packages/colcon_core/task/python/colcon_distutils_commands:/home/abhirup/slam_platform/slam_ws/install/sensor_adapter/lib/python3.12/site-packages:${PYTHONPATH} /usr/bin/python3 -W ignore:setup.py install is deprecated -W ignore:easy_install command is deprecated setup.py develop --uninstall --editable --build-directory /home/abhirup/slam_platform/slam_ws/build/sensor_adapter/build
[1.267s] Invoking command in '/home/abhirup/slam_platform/slam_ws/src/sensor_adapter': DEBUGINFOD_URLS=https://debuginfod.ubuntu.com PYTHONPATH=/home/abhirup/slam_platform/slam_ws/build/sensor_adapter/prefix_override:/usr/lib/python3/dist-packages/colcon_core/task/python/colcon_distutils_commands:/home/abhirup/slam_platform/slam_ws/install/sensor_adapter/lib/python3.12/site-packages:${PYTHONPATH} /usr/bin/python3 -W ignore:setup.py install is deprecated -W ignore:easy_install command is deprecated setup.py egg_info --egg-base ../../build/sensor_adapter build --build-base /home/abhirup/slam_platform/slam_ws/build/sensor_adapter/build install --record /home/abhirup/slam_platform/slam_ws/build/sensor_adapter/install.log --single-version-externally-managed install_data --force
[1.378s] running egg_info
[1.384s] writing ../../build/sensor_adapter/sensor_adapter.egg-info/PKG-INFO
[1.384s] writing dependency_links to ../../build/sensor_adapter/sensor_adapter.egg-info/dependency_links.txt
[1.384s] writing entry points to ../../build/sensor_adapter/sensor_adapter.egg-info/entry_points.txt
[1.385s] writing requirements to ../../build/sensor_adapter/sensor_adapter.egg-info/requires.txt
[1.385s] writing top-level names to ../../build/sensor_adapter/sensor_adapter.egg-info/top_level.txt
[1.397s] reading manifest file '../../build/sensor_adapter/sensor_adapter.egg-info/SOURCES.txt'
[1.398s] writing manifest file '../../build/sensor_adapter/sensor_adapter.egg-info/SOURCES.txt'
[1.398s] running build
[1.398s] running build_py
[1.398s] copying sensor_adapter/odom_adapter.py -> /home/abhirup/slam_platform/slam_ws/build/sensor_adapter/build/lib/sensor_adapter
[1.398s] copying sensor_adapter/camera_info_adapter.py -> /home/abhirup/slam_platform/slam_ws/build/sensor_adapter/build/lib/sensor_adapter
[1.398s] copying sensor_adapter/imu_adapter.py -> /home/abhirup/slam_platform/slam_ws/build/sensor_adapter/build/lib/sensor_adapter
[1.398s] copying sensor_adapter/camera_adapter.py -> /home/abhirup/slam_platform/slam_ws/build/sensor_adapter/build/lib/sensor_adapter
[1.398s] copying sensor_adapter/lidar_adapter.py -> /home/abhirup/slam_platform/slam_ws/build/sensor_adapter/build/lib/sensor_adapter
[1.398s] running install
[1.401s] running install_lib
[1.408s] creating /home/abhirup/slam_platform/slam_ws/install/sensor_adapter/lib/python3.12/site-packages/sensor_adapter
[1.408s] copying /home/abhirup/slam_platform/slam_ws/build/sensor_adapter/build/lib/sensor_adapter/odom_adapter.py -> /home/abhirup/slam_platform/slam_ws/install/sensor_adapter/lib/python3.12/site-packages/sensor_adapter
[1.408s] copying /home/abhirup/slam_platform/slam_ws/build/sensor_adapter/build/lib/sensor_adapter/camera_info_adapter.py -> /home/abhirup/slam_platform/slam_ws/install/sensor_adapter/lib/python3.12/site-packages/sensor_adapter
[1.408s] copying /home/abhirup/slam_platform/slam_ws/build/sensor_adapter/build/lib/sensor_adapter/imu_adapter.py -> /home/abhirup/slam_platform/slam_ws/install/sensor_adapter/lib/python3.12/site-packages/sensor_adapter
[1.408s] copying /home/abhirup/slam_platform/slam_ws/build/sensor_adapter/build/lib/sensor_adapter/__init__.py -> /home/abhirup/slam_platform/slam_ws/install/sensor_adapter/lib/python3.12/site-packages/sensor_adapter
[1.408s] copying /home/abhirup/slam_platform/slam_ws/build/sensor_adapter/build/lib/sensor_adapter/camera_adapter.py -> /home/abhirup/slam_platform/slam_ws/install/sensor_adapter/lib/python3.12/site-packages/sensor_adapter
[1.408s] copying /home/abhirup/slam_platform/slam_ws/build/sensor_adapter/build/lib/sensor_adapter/lidar_adapter.py -> /home/abhirup/slam_platform/slam_ws/install/sensor_adapter/lib/python3.12/site-packages/sensor_adapter
[1.408s] byte-compiling /home/abhirup/slam_platform/slam_ws/install/sensor_adapter/lib/python3.12/site-packages/sensor_adapter/odom_adapter.py to odom_adapter.cpython-312.pyc
[1.409s] byte-compiling /home/abhirup/slam_platform/slam_ws/install/sensor_adapter/lib/python3.12/site-packages/sensor_adapter/camera_info_adapter.py to camera_info_adapter.cpython-312.pyc
[1.409s] byte-compiling /home/abhirup/slam_platform/slam_ws/install/sensor_adapter/lib/python3.12/site-packages/sensor_adapter/imu_adapter.py to imu_adapter.cpython-312.pyc
[1.409s] byte-compiling /home/abhirup/slam_platform/slam_ws/install/sensor_adapter/lib/python3.12/site-packages/sensor_adapter/__init__.py to __init__.cpython-312.pyc
[1.409s] byte-compiling /home/abhirup/slam_platform/slam_ws/install/sensor_adapter/lib/python3.12/site-packages/sensor_adapter/camera_adapter.py to camera_adapter.cpython-312.pyc
[1.409s] byte-compiling /home/abhirup/slam_platform/slam_ws/install/sensor_adapter/lib/python3.12/site-packages/sensor_adapter/lidar_adapter.py to lidar_adapter.cpython-312.pyc
[1.409s] running install_data
[1.409s] copying resource/sensor_adapter -> /home/abhirup/slam_platform/slam_ws/install/sensor_adapter/share/ament_index/resource_index/packages
[1.409s] copying package.xml -> /home/abhirup/slam_platform/slam_ws/install/sensor_adapter/share/sensor_adapter
[1.409s] copying launch/sensor_adapter.launch.py -> /home/abhirup/slam_platform/slam_ws/install/sensor_adapter/share/sensor_adapter/launch
[1.410s] running install_egg_info
[1.417s] Copying ../../build/sensor_adapter/sensor_adapter.egg-info to /home/abhirup/slam_platform/slam_ws/install/sensor_adapter/lib/python3.12/site-packages/sensor_adapter-0.0.0-py3.12.egg-info
[1.417s] running install_scripts
[1.469s] Installing camera_adapter script to /home/abhirup/slam_platform/slam_ws/install/sensor_adapter/lib/sensor_adapter
[1.469s] Installing camera_info_adapter script to /home/abhirup/slam_platform/slam_ws/install/sensor_adapter/lib/sensor_adapter
[1.469s] Installing imu_adapter script to /home/abhirup/slam_platform/slam_ws/install/sensor_adapter/lib/sensor_adapter
[1.469s] Installing lidar_adapter script to /home/abhirup/slam_platform/slam_ws/install/sensor_adapter/lib/sensor_adapter
[1.469s] Installing odom_adapter script to /home/abhirup/slam_platform/slam_ws/install/sensor_adapter/lib/sensor_adapter
[1.470s] writing list of installed files to '/home/abhirup/slam_platform/slam_ws/build/sensor_adapter/install.log'
[1.484s] Invoked command in '/home/abhirup/slam_platform/slam_ws/src/sensor_adapter' returned '0': DEBUGINFOD_URLS=https://debuginfod.ubuntu.com PYTHONPATH=/home/abhirup/slam_platform/slam_ws/build/sensor_adapter/prefix_override:/usr/lib/python3/dist-packages/colcon_core/task/python/colcon_distutils_commands:/home/abhirup/slam_platform/slam_ws/install/sensor_adapter/lib/python3.12/site-packages:${PYTHONPATH} /usr/bin/python3 -W ignore:setup.py install is deprecated -W ignore:easy_install command is deprecated setup.py egg_info --egg-base ../../build/sensor_adapter build --build-base /home/abhirup/slam_platform/slam_ws/build/sensor_adapter/build install --record /home/abhirup/slam_platform/slam_ws/build/sensor_adapter/install.log --single-version-externally-managed install_data --force
