[0.965s] Invoking command in '/home/abhirup/slam_platform/slam_ws/build/tf_manager': DEBUGINFOD_URLS=https://debuginfod.ubuntu.com PYTHONPATH=/home/abhirup/slam_platform/slam_ws/build/tf_manager/prefix_override:/usr/lib/python3/dist-packages/colcon_core/task/python/colcon_distutils_commands:/home/abhirup/slam_platform/slam_ws/install/tf_manager/lib/python3.12/site-packages:${PYTHONPATH} /usr/bin/python3 -W ignore:setup.py install is deprecated -W ignore:easy_install command is deprecated setup.py develop --editable --build-directory /home/abhirup/slam_platform/slam_ws/build/tf_manager/build --no-deps symlink_data
[1.091s] running develop
[1.157s] running egg_info
[1.157s] creating tf_manager.egg-info
[1.163s] writing tf_manager.egg-info/PKG-INFO
[1.163s] writing dependency_links to tf_manager.egg-info/dependency_links.txt
[1.163s] writing requirements to tf_manager.egg-info/requires.txt
[1.163s] writing top-level names to tf_manager.egg-info/top_level.txt
[1.163s] writing manifest file 'tf_manager.egg-info/SOURCES.txt'
[1.175s] reading manifest file 'tf_manager.egg-info/SOURCES.txt'
[1.175s] writing manifest file 'tf_manager.egg-info/SOURCES.txt'
[1.182s] running build_ext
[1.182s] Creating /home/abhirup/slam_platform/slam_ws/install/tf_manager/lib/python3.12/site-packages/tf-manager.egg-link (link to .)
[1.182s] 
[1.183s] Installed /home/abhirup/slam_platform/slam_ws/build/tf_manager
[1.183s] running symlink_data
[1.183s] creating /home/abhirup/slam_platform/slam_ws/install/tf_manager/share/ament_index
[1.183s] creating /home/abhirup/slam_platform/slam_ws/install/tf_manager/share/ament_index/resource_index
[1.183s] creating /home/abhirup/slam_platform/slam_ws/install/tf_manager/share/ament_index/resource_index/packages
[1.183s] symbolically linking /home/abhirup/slam_platform/slam_ws/build/tf_manager/resource/tf_manager -> /home/abhirup/slam_platform/slam_ws/install/tf_manager/share/ament_index/resource_index/packages
[1.183s] symbolically linking /home/abhirup/slam_platform/slam_ws/build/tf_manager/package.xml -> /home/abhirup/slam_platform/slam_ws/install/tf_manager/share/tf_manager
