[0.546s] Invoking command in '/home/abhirup/slam_platform/build/slam_interfaces': CMAKE_PREFIX_PATH=${CMAKE_PREFIX_PATH}:/opt/ros/jazzy DEBUGINFOD_URLS=https://debuginfod.ubuntu.com /usr/bin/cmake --build /home/abhirup/slam_platform/build/slam_interfaces -- -j28 -l28
[0.642s] -- Found ament_cmake: 2.5.6 (/opt/ros/jazzy/share/ament_cmake/cmake)
[0.679s] -- Found rosidl_default_generators: 1.6.1 (/opt/ros/jazzy/share/rosidl_default_generators/cmake)
[0.683s] -- Using all available rosidl_typesupport_c: rosidl_typesupport_fastrtps_c;rosidl_typesupport_introspection_c
[0.717s] -- Using all available rosidl_typesupport_cpp: rosidl_typesupport_fastrtps_cpp;rosidl_typesupport_introspection_cpp
[0.748s] -- Found rosidl_adapter: 4.6.9 (/opt/ros/jazzy/share/rosidl_adapter/cmake)
[0.751s] -- Found std_msgs: 5.3.8 (/opt/ros/jazzy/share/std_msgs/cmake)
[1.163s] -- Found ament_cmake_ros: 0.12.1 (/opt/ros/jazzy/share/ament_cmake_ros/cmake)
[1.424s] -- Using all available rosidl_typesupport_c: rosidl_typesupport_fastrtps_c;rosidl_typesupport_introspection_c
[1.750s] -- Using all available rosidl_typesupport_cpp: rosidl_typesupport_fastrtps_cpp;rosidl_typesupport_introspection_cpp
[1.753s] -- Found python_cmake_module: 0.11.1 (/opt/ros/jazzy/share/python_cmake_module/cmake)
[1.829s] -- Found PythonExtra: /usr/bin/python3  
[2.090s] -- Found Python3: /usr/bin/python3 (found version "3.12.3") found components: Interpreter Development NumPy Development.Module Development.Embed 
[2.141s] -- Found Python3: /usr/bin/python3 (found version "3.12.3") found components: Interpreter 
[2.146s] -- Configuring done (1.6s)
[2.162s] -- Generating done (0.0s)
[2.168s] -- Build files have been written to: /home/abhirup/slam_platform/build/slam_interfaces
[2.192s] [  2%] [34m[1mGenerating Rust code for ROS interfaces[0m
[2.192s] [  5%] [34m[1mGenerating type hashes for ROS interfaces[0m
[2.199s] [  5%] Built target ament_cmake_python_copy_slam_interfaces
[2.289s] running egg_info
[2.289s] creating slam_interfaces.egg-info
[2.294s] [  5%] Built target slam_interfaces__rosidl_generator_type_description
[2.296s] writing slam_interfaces.egg-info/PKG-INFO
[2.296s] writing dependency_links to slam_interfaces.egg-info/dependency_links.txt
[2.296s] writing top-level names to slam_interfaces.egg-info/top_level.txt
[2.296s] writing manifest file 'slam_interfaces.egg-info/SOURCES.txt'
[2.300s] [  8%] [34m[1mGenerating C code for ROS interfaces[0m
[2.310s] [ 11%] [34m[1mGenerating C++ code for ROS interfaces[0m
[2.315s] reading manifest file 'slam_interfaces.egg-info/SOURCES.txt'
[2.315s] writing manifest file 'slam_interfaces.egg-info/SOURCES.txt'
[2.329s] [ 11%] Built target ament_cmake_python_build_slam_interfaces_egg
[2.426s] [ 11%] Built target slam_interfaces__cpp
[2.433s] [ 14%] [32mBuilding C object CMakeFiles/slam_interfaces__rosidl_generator_c.dir/rosidl_generator_c/slam_interfaces/msg/detail/slam_metrics__functions.c.o[0m
[2.433s] [ 20%] [32mBuilding C object CMakeFiles/slam_interfaces__rosidl_generator_c.dir/rosidl_generator_c/slam_interfaces/msg/detail/slam_metrics__description.c.o[0m
[2.433s] [ 20%] [32mBuilding C object CMakeFiles/slam_interfaces__rosidl_generator_c.dir/rosidl_generator_c/slam_interfaces/msg/detail/slam_metrics__type_support.c.o[0m
[2.480s] [ 22%] [32m[1mLinking C shared library libslam_interfaces__rosidl_generator_c.so[0m
[2.502s] [ 22%] Built target slam_interfaces__rosidl_generator_c
[2.509s] [ 25%] [34m[1mGenerating C++ type support for eProsima Fast-RTPS[0m
[2.510s] [ 34%] [34m[1mGenerating C type support for eProsima Fast-RTPS[0m
[2.510s] [ 34%] [34m[1mGenerating C type support dispatch for ROS interfaces[0m
[2.510s] [ 34%] [34m[1mGenerating C++ type support dispatch for ROS interfaces[0m
[2.510s] [ 37%] [34m[1mGenerating C introspection for ROS interfaces[0m
[2.510s] [ 40%] [34m[1mGenerating C++ introspection for ROS interfaces[0m
[2.621s] [ 42%] [32mBuilding CXX object CMakeFiles/slam_interfaces__rosidl_typesupport_c.dir/rosidl_typesupport_c/slam_interfaces/msg/slam_metrics__type_support.cpp.o[0m
[2.624s] [ 45%] [32mBuilding CXX object CMakeFiles/slam_interfaces__rosidl_typesupport_cpp.dir/rosidl_typesupport_cpp/slam_interfaces/msg/slam_metrics__type_support.cpp.o[0m
[2.633s] [ 48%] [32mBuilding CXX object CMakeFiles/slam_interfaces__rosidl_typesupport_introspection_cpp.dir/rosidl_typesupport_introspection_cpp/slam_interfaces/msg/detail/slam_metrics__type_support.cpp.o[0m
[2.633s] [ 51%] [32mBuilding C object CMakeFiles/slam_interfaces__rosidl_typesupport_introspection_c.dir/rosidl_typesupport_introspection_c/slam_interfaces/msg/detail/slam_metrics__type_support.c.o[0m
[2.634s] [ 54%] [32mBuilding CXX object CMakeFiles/slam_interfaces__rosidl_typesupport_fastrtps_cpp.dir/rosidl_typesupport_fastrtps_cpp/slam_interfaces/msg/detail/dds_fastrtps/slam_metrics__type_support.cpp.o[0m
[2.635s] [ 57%] [32mBuilding CXX object CMakeFiles/slam_interfaces__rosidl_typesupport_fastrtps_c.dir/rosidl_typesupport_fastrtps_c/slam_interfaces/msg/detail/slam_metrics__type_support_c.cpp.o[0m
[2.658s] [ 60%] [32m[1mLinking C shared library libslam_interfaces__rosidl_typesupport_introspection_c.so[0m
[2.659s] [ 62%] [32m[1mLinking CXX shared library libslam_interfaces__rosidl_typesupport_c.so[0m
[2.679s] [ 62%] Built target slam_interfaces__rosidl_typesupport_introspection_c
[2.686s] [ 62%] Built target slam_interfaces__rosidl_typesupport_c
[2.777s] [ 65%] [32m[1mLinking CXX shared library libslam_interfaces__rosidl_typesupport_cpp.so[0m
[2.780s] [ 68%] [32m[1mLinking CXX shared library libslam_interfaces__rosidl_typesupport_introspection_cpp.so[0m
[2.803s] [ 68%] Built target slam_interfaces__rosidl_typesupport_cpp
[2.807s] [ 68%] Built target slam_interfaces__rosidl_typesupport_introspection_cpp
[2.850s] [ 71%] [32m[1mLinking CXX shared library libslam_interfaces__rosidl_typesupport_fastrtps_c.so[0m
[2.851s] [ 74%] [32m[1mLinking CXX shared library libslam_interfaces__rosidl_typesupport_fastrtps_cpp.so[0m
[2.880s] [ 74%] Built target slam_interfaces__rosidl_typesupport_fastrtps_c
[2.881s] [ 74%] Built target slam_interfaces__rosidl_typesupport_fastrtps_cpp
[3.106s] Traceback (most recent call last):
[3.106s]   File "/opt/ros/jazzy/share/rosidl_generator_rs/cmake/../../../lib/rosidl_generator_rs/rosidl_generator_rs", line 8, in <module>
[3.106s]     from rosidl_generator_rs import generate_rs
[3.106s]   File "/opt/ros/jazzy/lib/python3.12/site-packages/rosidl_generator_rs/__init__.py", line 20, in <module>
[3.106s]     if os.environ['ROS_DISTRO'] <= 'humble':
[3.106s]        ~~~~~~~~~~^^^^^^^^^^^^^^
[3.106s]   File "<frozen os>", line 685, in __getitem__
[3.106s] KeyError: 'ROS_DISTRO'
[3.121s] gmake[2]: *** [/home/abhirup/slam_platform/build/slam_interfaces/slam_interfaces__rs/CMakeFiles/slam_interfaces__rs.dir/build.make:122: rosidl_generator_rs/slam_interfaces/rust/src/lib.rs] Error 1
[3.121s] gmake[1]: *** [CMakeFiles/Makefile2:666: slam_interfaces__rs/CMakeFiles/slam_interfaces__rs.dir/all] Error 2
[3.121s] gmake: *** [Makefile:146: all] Error 2
[3.123s] Invoked command in '/home/abhirup/slam_platform/build/slam_interfaces' returned '2': CMAKE_PREFIX_PATH=${CMAKE_PREFIX_PATH}:/opt/ros/jazzy DEBUGINFOD_URLS=https://debuginfod.ubuntu.com /usr/bin/cmake --build /home/abhirup/slam_platform/build/slam_interfaces -- -j28 -l28
