running egg_info
creating ../../../build/ros_gz_bridge_manager/ros_gz_bridge_manager.egg-info
writing ../../../build/ros_gz_bridge_manager/ros_gz_bridge_manager.egg-info/PKG-INFO
writing dependency_links to ../../../build/ros_gz_bridge_manager/ros_gz_bridge_manager.egg-info/dependency_links.txt
writing requirements to ../../../build/ros_gz_bridge_manager/ros_gz_bridge_manager.egg-info/requires.txt
writing top-level names to ../../../build/ros_gz_bridge_manager/ros_gz_bridge_manager.egg-info/top_level.txt
writing manifest file '../../../build/ros_gz_bridge_manager/ros_gz_bridge_manager.egg-info/SOURCES.txt'
reading manifest file '../../../build/ros_gz_bridge_manager/ros_gz_bridge_manager.egg-info/SOURCES.txt'
writing manifest file '../../../build/ros_gz_bridge_manager/ros_gz_bridge_manager.egg-info/SOURCES.txt'
running build
running build_py
creating /home/abhirup/slam_platform/build/ros_gz_bridge_manager/build
creating /home/abhirup/slam_platform/build/ros_gz_bridge_manager/build/lib
creating /home/abhirup/slam_platform/build/ros_gz_bridge_manager/build/lib/ros_gz_bridge_manager
copying ros_gz_bridge_manager/__init__.py -> /home/abhirup/slam_platform/build/ros_gz_bridge_manager/build/lib/ros_gz_bridge_manager
running install
running install_lib
creating /home/abhirup/slam_platform/install/ros_gz_bridge_manager/lib/python3.12/site-packages/ros_gz_bridge_manager
copying /home/abhirup/slam_platform/build/ros_gz_bridge_manager/build/lib/ros_gz_bridge_manager/__init__.py -> /home/abhirup/slam_platform/install/ros_gz_bridge_manager/lib/python3.12/site-packages/ros_gz_bridge_manager
byte-compiling /home/abhirup/slam_platform/install/ros_gz_bridge_manager/lib/python3.12/site-packages/ros_gz_bridge_manager/__init__.py to __init__.cpython-312.pyc
running install_data
creating /home/abhirup/slam_platform/install/ros_gz_bridge_manager/share/ament_index
creating /home/abhirup/slam_platform/install/ros_gz_bridge_manager/share/ament_index/resource_index
creating /home/abhirup/slam_platform/install/ros_gz_bridge_manager/share/ament_index/resource_index/packages
copying resource/ros_gz_bridge_manager -> /home/abhirup/slam_platform/install/ros_gz_bridge_manager/share/ament_index/resource_index/packages
copying package.xml -> /home/abhirup/slam_platform/install/ros_gz_bridge_manager/share/ros_gz_bridge_manager
copying launch/bridge.launch.py -> /home/abhirup/slam_platform/install/ros_gz_bridge_manager/share/ros_gz_bridge_manager
running install_egg_info
Copying ../../../build/ros_gz_bridge_manager/ros_gz_bridge_manager.egg-info to /home/abhirup/slam_platform/install/ros_gz_bridge_manager/lib/python3.12/site-packages/ros_gz_bridge_manager-0.0.0-py3.12.egg-info
running install_scripts
writing list of installed files to '/home/abhirup/slam_platform/build/ros_gz_bridge_manager/install.log'
