[1.077s] Invoking command in '/home/abhirup/slam_platform/slam_ws/src/evaluator_ros': DEBUGINFOD_URLS=https://debuginfod.ubuntu.com PYTHONPATH=/home/abhirup/slam_platform/build/evaluator_ros/prefix_override:/usr/lib/python3/dist-packages/colcon_core/task/python/colcon_distutils_commands:/home/abhirup/slam_platform/install/evaluator_ros/lib/python3.12/site-packages:${PYTHONPATH} /usr/bin/python3 -W ignore:setup.py install is deprecated -W ignore:easy_install command is deprecated setup.py egg_info --egg-base ../../../build/evaluator_ros build --build-base /home/abhirup/slam_platform/build/evaluator_ros/build install --record /home/abhirup/slam_platform/build/evaluator_ros/install.log --single-version-externally-managed install_data
[1.182s] running egg_info
[1.182s] creating ../../../build/evaluator_ros/evaluator_ros.egg-info
[1.189s] writing ../../../build/evaluator_ros/evaluator_ros.egg-info/PKG-INFO
[1.189s] writing dependency_links to ../../../build/evaluator_ros/evaluator_ros.egg-info/dependency_links.txt
[1.189s] writing entry points to ../../../build/evaluator_ros/evaluator_ros.egg-info/entry_points.txt
[1.189s] writing requirements to ../../../build/evaluator_ros/evaluator_ros.egg-info/requires.txt
[1.189s] writing top-level names to ../../../build/evaluator_ros/evaluator_ros.egg-info/top_level.txt
[1.189s] writing manifest file '../../../build/evaluator_ros/evaluator_ros.egg-info/SOURCES.txt'
[1.202s] reading manifest file '../../../build/evaluator_ros/evaluator_ros.egg-info/SOURCES.txt'
[1.202s] writing manifest file '../../../build/evaluator_ros/evaluator_ros.egg-info/SOURCES.txt'
[1.203s] running build
[1.203s] running build_py
[1.203s] creating /home/abhirup/slam_platform/build/evaluator_ros/build
[1.203s] creating /home/abhirup/slam_platform/build/evaluator_ros/build/lib
[1.203s] creating /home/abhirup/slam_platform/build/evaluator_ros/build/lib/evaluator_ros
[1.203s] copying evaluator_ros/pose_comparator.py -> /home/abhirup/slam_platform/build/evaluator_ros/build/lib/evaluator_ros
[1.203s] copying evaluator_ros/__init__.py -> /home/abhirup/slam_platform/build/evaluator_ros/build/lib/evaluator_ros
[1.203s] copying evaluator_ros/metrics_publisher.py -> /home/abhirup/slam_platform/build/evaluator_ros/build/lib/evaluator_ros
[1.203s] copying evaluator_ros/resource_monitor.py -> /home/abhirup/slam_platform/build/evaluator_ros/build/lib/evaluator_ros
[1.203s] copying evaluator_ros/trajectory_evaluator.py -> /home/abhirup/slam_platform/build/evaluator_ros/build/lib/evaluator_ros
[1.203s] running install
[1.206s] running install_lib
[1.213s] creating /home/abhirup/slam_platform/install/evaluator_ros/lib/python3.12/site-packages/evaluator_ros
[1.213s] copying /home/abhirup/slam_platform/build/evaluator_ros/build/lib/evaluator_ros/pose_comparator.py -> /home/abhirup/slam_platform/install/evaluator_ros/lib/python3.12/site-packages/evaluator_ros
[1.213s] copying /home/abhirup/slam_platform/build/evaluator_ros/build/lib/evaluator_ros/__init__.py -> /home/abhirup/slam_platform/install/evaluator_ros/lib/python3.12/site-packages/evaluator_ros
[1.213s] copying /home/abhirup/slam_platform/build/evaluator_ros/build/lib/evaluator_ros/metrics_publisher.py -> /home/abhirup/slam_platform/install/evaluator_ros/lib/python3.12/site-packages/evaluator_ros
[1.213s] copying /home/abhirup/slam_platform/build/evaluator_ros/build/lib/evaluator_ros/resource_monitor.py -> /home/abhirup/slam_platform/install/evaluator_ros/lib/python3.12/site-packages/evaluator_ros
[1.213s] copying /home/abhirup/slam_platform/build/evaluator_ros/build/lib/evaluator_ros/trajectory_evaluator.py -> /home/abhirup/slam_platform/install/evaluator_ros/lib/python3.12/site-packages/evaluator_ros
[1.213s] byte-compiling /home/abhirup/slam_platform/install/evaluator_ros/lib/python3.12/site-packages/evaluator_ros/pose_comparator.py to pose_comparator.cpython-312.pyc
[1.214s] byte-compiling /home/abhirup/slam_platform/install/evaluator_ros/lib/python3.12/site-packages/evaluator_ros/__init__.py to __init__.cpython-312.pyc
[1.214s] byte-compiling /home/abhirup/slam_platform/install/evaluator_ros/lib/python3.12/site-packages/evaluator_ros/metrics_publisher.py to metrics_publisher.cpython-312.pyc
[1.214s] byte-compiling /home/abhirup/slam_platform/install/evaluator_ros/lib/python3.12/site-packages/evaluator_ros/resource_monitor.py to resource_monitor.cpython-312.pyc
[1.214s] byte-compiling /home/abhirup/slam_platform/install/evaluator_ros/lib/python3.12/site-packages/evaluator_ros/trajectory_evaluator.py to trajectory_evaluator.cpython-312.pyc
[1.214s] running install_data
[1.214s] creating /home/abhirup/slam_platform/install/evaluator_ros/share/ament_index
[1.214s] creating /home/abhirup/slam_platform/install/evaluator_ros/share/ament_index/resource_index
[1.214s] creating /home/abhirup/slam_platform/install/evaluator_ros/share/ament_index/resource_index/packages
[1.215s] copying resource/evaluator_ros -> /home/abhirup/slam_platform/install/evaluator_ros/share/ament_index/resource_index/packages
[1.215s] copying package.xml -> /home/abhirup/slam_platform/install/evaluator_ros/share/evaluator_ros
[1.215s] creating /home/abhirup/slam_platform/install/evaluator_ros/share/evaluator_ros/launch
[1.215s] copying launch/evaluator.launch.py -> /home/abhirup/slam_platform/install/evaluator_ros/share/evaluator_ros/launch
[1.215s] running install_egg_info
[1.222s] Copying ../../../build/evaluator_ros/evaluator_ros.egg-info to /home/abhirup/slam_platform/install/evaluator_ros/lib/python3.12/site-packages/evaluator_ros-0.0.0-py3.12.egg-info
[1.222s] running install_scripts
[1.271s] Installing pose_comparator script to /home/abhirup/slam_platform/install/evaluator_ros/lib/evaluator_ros
[1.272s] Installing resource_monitor script to /home/abhirup/slam_platform/install/evaluator_ros/lib/evaluator_ros
[1.272s] Installing trajectory_evaluator script to /home/abhirup/slam_platform/install/evaluator_ros/lib/evaluator_ros
[1.272s] writing list of installed files to '/home/abhirup/slam_platform/build/evaluator_ros/install.log'
[1.287s] Invoked command in '/home/abhirup/slam_platform/slam_ws/src/evaluator_ros' returned '0': DEBUGINFOD_URLS=https://debuginfod.ubuntu.com PYTHONPATH=/home/abhirup/slam_platform/build/evaluator_ros/prefix_override:/usr/lib/python3/dist-packages/colcon_core/task/python/colcon_distutils_commands:/home/abhirup/slam_platform/install/evaluator_ros/lib/python3.12/site-packages:${PYTHONPATH} /usr/bin/python3 -W ignore:setup.py install is deprecated -W ignore:easy_install command is deprecated setup.py egg_info --egg-base ../../../build/evaluator_ros build --build-base /home/abhirup/slam_platform/build/evaluator_ros/build install --record /home/abhirup/slam_platform/build/evaluator_ros/install.log --single-version-externally-managed install_data
