-- The C compiler identification is GNU 13.3.0
-- The CXX compiler identification is GNU 13.3.0
-- Detecting C compiler ABI info
-- Detecting C compiler ABI info - done
-- Check for working C compiler: /usr/bin/cc - skipped
-- Detecting C compile features
-- Detecting C compile features - done
-- Detecting CXX compiler ABI info
-- Detecting CXX compiler ABI info - done
-- Check for working CXX compiler: /usr/bin/c++ - skipped
-- Detecting CXX compile features
-- Detecting CXX compile features - done
-- Found ament_cmake: 2.5.6 (/opt/ros/jazzy/share/ament_cmake/cmake)
-- Found Python3: /usr/bin/python3 (found version "3.12.3") found components: Interpreter 
-- Configuring done (0.6s)
-- Generating done (0.0s)
-- Build files have been written to: /home/abhirup/slam_platform/build/slam_interfaces
-- Install configuration: ""
-- Installing: /home/abhirup/slam_platform/install/slam_interfaces/share/ament_index/resource_index/package_run_dependencies/slam_interfaces
-- Installing: /home/abhirup/slam_platform/install/slam_interfaces/share/ament_index/resource_index/parent_prefix_path/slam_interfaces
-- Installing: /home/abhirup/slam_platform/install/slam_interfaces/share/slam_interfaces/environment/ament_prefix_path.sh
-- Installing: /home/abhirup/slam_platform/install/slam_interfaces/share/slam_interfaces/environment/ament_prefix_path.dsv
-- Installing: /home/abhirup/slam_platform/install/slam_interfaces/share/slam_interfaces/environment/path.sh
-- Installing: /home/abhirup/slam_platform/install/slam_interfaces/share/slam_interfaces/environment/path.dsv
-- Installing: /home/abhirup/slam_platform/install/slam_interfaces/share/slam_interfaces/local_setup.bash
-- Installing: /home/abhirup/slam_platform/install/slam_interfaces/share/slam_interfaces/local_setup.sh
-- Installing: /home/abhirup/slam_platform/install/slam_interfaces/share/slam_interfaces/local_setup.zsh
-- Installing: /home/abhirup/slam_platform/install/slam_interfaces/share/slam_interfaces/local_setup.dsv
-- Installing: /home/abhirup/slam_platform/install/slam_interfaces/share/slam_interfaces/package.dsv
-- Installing: /home/abhirup/slam_platform/install/slam_interfaces/share/ament_index/resource_index/packages/slam_interfaces
-- Installing: /home/abhirup/slam_platform/install/slam_interfaces/share/slam_interfaces/cmake/slam_interfacesConfig.cmake
-- Installing: /home/abhirup/slam_platform/install/slam_interfaces/share/slam_interfaces/cmake/slam_interfacesConfig-version.cmake
-- Installing: /home/abhirup/slam_platform/install/slam_interfaces/share/slam_interfaces/package.xml
