[0.559s] Invoking command in '/home/abhirup/slam_platform/build/slam_interfaces': CMAKE_PREFIX_PATH=${CMAKE_PREFIX_PATH}:/opt/ros/jazzy DEBUGINFOD_URLS=https://debuginfod.ubuntu.com /usr/bin/cmake /home/abhirup/slam_platform/slam_ws/src/slam_interfaces -DCMAKE_INSTALL_PREFIX=/home/abhirup/slam_platform/install/slam_interfaces
[0.693s] -- The C compiler identification is GNU 13.3.0
[0.764s] -- The CXX compiler identification is GNU 13.3.0
[0.778s] -- Detecting C compiler ABI info
[0.847s] -- Detecting C compiler ABI info - done
[0.854s] -- Check for working C compiler: /usr/bin/cc - skipped
[0.855s] -- Detecting C compile features
[0.855s] -- Detecting C compile features - done
[0.862s] -- Detecting CXX compiler ABI info
[0.922s] -- Detecting CXX compiler ABI info - done
[0.927s] -- Check for working CXX compiler: /usr/bin/c++ - skipped
[0.927s] -- Detecting CXX compile features
[0.927s] -- Detecting CXX compile features - done
[0.931s] -- Found ament_cmake: 2.5.6 (/opt/ros/jazzy/share/ament_cmake/cmake)
[1.040s] -- Found Python3: /usr/bin/python3 (found version "3.12.3") found components: Interpreter 
[1.167s] -- Configuring done (0.6s)
[1.169s] -- Generating done (0.0s)
[1.171s] -- Build files have been written to: /home/abhirup/slam_platform/build/slam_interfaces
[1.176s] Invoked command in '/home/abhirup/slam_platform/build/slam_interfaces' returned '0': CMAKE_PREFIX_PATH=${CMAKE_PREFIX_PATH}:/opt/ros/jazzy DEBUGINFOD_URLS=https://debuginfod.ubuntu.com /usr/bin/cmake /home/abhirup/slam_platform/slam_ws/src/slam_interfaces -DCMAKE_INSTALL_PREFIX=/home/abhirup/slam_platform/install/slam_interfaces
[1.177s] Invoking command in '/home/abhirup/slam_platform/build/slam_interfaces': CMAKE_PREFIX_PATH=${CMAKE_PREFIX_PATH}:/opt/ros/jazzy DEBUGINFOD_URLS=https://debuginfod.ubuntu.com /usr/bin/cmake --build /home/abhirup/slam_platform/build/slam_interfaces -- -j28 -l28
[1.205s] Invoked command in '/home/abhirup/slam_platform/build/slam_interfaces' returned '0': CMAKE_PREFIX_PATH=${CMAKE_PREFIX_PATH}:/opt/ros/jazzy DEBUGINFOD_URLS=https://debuginfod.ubuntu.com /usr/bin/cmake --build /home/abhirup/slam_platform/build/slam_interfaces -- -j28 -l28
[1.213s] Invoking command in '/home/abhirup/slam_platform/build/slam_interfaces': CMAKE_PREFIX_PATH=${CMAKE_PREFIX_PATH}:/opt/ros/jazzy DEBUGINFOD_URLS=https://debuginfod.ubuntu.com /usr/bin/cmake --install /home/abhirup/slam_platform/build/slam_interfaces
[1.218s] -- Install configuration: ""
[1.218s] -- Installing: /home/abhirup/slam_platform/install/slam_interfaces/share/ament_index/resource_index/package_run_dependencies/slam_interfaces
[1.219s] -- Installing: /home/abhirup/slam_platform/install/slam_interfaces/share/ament_index/resource_index/parent_prefix_path/slam_interfaces
[1.219s] -- Installing: /home/abhirup/slam_platform/install/slam_interfaces/share/slam_interfaces/environment/ament_prefix_path.sh
[1.219s] -- Installing: /home/abhirup/slam_platform/install/slam_interfaces/share/slam_interfaces/environment/ament_prefix_path.dsv
[1.219s] -- Installing: /home/abhirup/slam_platform/install/slam_interfaces/share/slam_interfaces/environment/path.sh
[1.219s] -- Installing: /home/abhirup/slam_platform/install/slam_interfaces/share/slam_interfaces/environment/path.dsv
[1.219s] -- Installing: /home/abhirup/slam_platform/install/slam_interfaces/share/slam_interfaces/local_setup.bash
[1.219s] -- Installing: /home/abhirup/slam_platform/install/slam_interfaces/share/slam_interfaces/local_setup.sh
[1.219s] -- Installing: /home/abhirup/slam_platform/install/slam_interfaces/share/slam_interfaces/local_setup.zsh
[1.219s] -- Installing: /home/abhirup/slam_platform/install/slam_interfaces/share/slam_interfaces/local_setup.dsv
[1.220s] -- Installing: /home/abhirup/slam_platform/install/slam_interfaces/share/slam_interfaces/package.dsv
[1.220s] -- Installing: /home/abhirup/slam_platform/install/slam_interfaces/share/ament_index/resource_index/packages/slam_interfaces
[1.220s] -- Installing: /home/abhirup/slam_platform/install/slam_interfaces/share/slam_interfaces/cmake/slam_interfacesConfig.cmake
[1.220s] -- Installing: /home/abhirup/slam_platform/install/slam_interfaces/share/slam_interfaces/cmake/slam_interfacesConfig-version.cmake
[1.220s] -- Installing: /home/abhirup/slam_platform/install/slam_interfaces/share/slam_interfaces/package.xml
[1.220s] Invoked command in '/home/abhirup/slam_platform/build/slam_interfaces' returned '0': CMAKE_PREFIX_PATH=${CMAKE_PREFIX_PATH}:/opt/ros/jazzy DEBUGINFOD_URLS=https://debuginfod.ubuntu.com /usr/bin/cmake --install /home/abhirup/slam_platform/build/slam_interfaces
