[0.972s] Invoking command in '/home/abhirup/slam_platform/slam_ws/src/sensor_adapter': DEBUGINFOD_URLS=https://debuginfod.ubuntu.com PYTHONPATH=/home/abhirup/slam_platform/build/sensor_adapter/prefix_override:/usr/lib/python3/dist-packages/colcon_core/task/python/colcon_distutils_commands:/home/abhirup/slam_platform/install/sensor_adapter/lib/python3.12/site-packages:${PYTHONPATH} /usr/bin/python3 -W ignore:setup.py install is deprecated -W ignore:easy_install command is deprecated setup.py egg_info --egg-base ../../../build/sensor_adapter build --build-base /home/abhirup/slam_platform/build/sensor_adapter/build install --record /home/abhirup/slam_platform/build/sensor_adapter/install.log --single-version-externally-managed install_data
[1.092s] running egg_info
[1.098s] writing ../../../build/sensor_adapter/sensor_adapter.egg-info/PKG-INFO
[1.098s] writing dependency_links to ../../../build/sensor_adapter/sensor_adapter.egg-info/dependency_links.txt
[1.099s] writing entry points to ../../../build/sensor_adapter/sensor_adapter.egg-info/entry_points.txt
[1.099s] writing requirements to ../../../build/sensor_adapter/sensor_adapter.egg-info/requires.txt
[1.099s] writing top-level names to ../../../build/sensor_adapter/sensor_adapter.egg-info/top_level.txt
[1.111s] reading manifest file '../../../build/sensor_adapter/sensor_adapter.egg-info/SOURCES.txt'
[1.112s] writing manifest file '../../../build/sensor_adapter/sensor_adapter.egg-info/SOURCES.txt'
[1.112s] running build
[1.112s] running build_py
[1.112s] running install
[1.115s] running install_lib
[1.121s] running install_data
[1.122s] running install_egg_info
[1.128s] removing '/home/abhirup/slam_platform/install/sensor_adapter/lib/python3.12/site-packages/sensor_adapter-0.0.0-py3.12.egg-info' (and everything under it)
[1.129s] Copying ../../../build/sensor_adapter/sensor_adapter.egg-info to /home/abhirup/slam_platform/install/sensor_adapter/lib/python3.12/site-packages/sensor_adapter-0.0.0-py3.12.egg-info
[1.129s] running install_scripts
[1.178s] Installing camera_adapter script to /home/abhirup/slam_platform/install/sensor_adapter/lib/sensor_adapter
[1.178s] Installing camera_info_adapter script to /home/abhirup/slam_platform/install/sensor_adapter/lib/sensor_adapter
[1.178s] Installing imu_adapter script to /home/abhirup/slam_platform/install/sensor_adapter/lib/sensor_adapter
[1.178s] Installing lidar_adapter script to /home/abhirup/slam_platform/install/sensor_adapter/lib/sensor_adapter
[1.178s] Installing odom_adapter script to /home/abhirup/slam_platform/install/sensor_adapter/lib/sensor_adapter
[1.179s] writing list of installed files to '/home/abhirup/slam_platform/build/sensor_adapter/install.log'
[1.200s] Invoked command in '/home/abhirup/slam_platform/slam_ws/src/sensor_adapter' returned '0': DEBUGINFOD_URLS=https://debuginfod.ubuntu.com PYTHONPATH=/home/abhirup/slam_platform/build/sensor_adapter/prefix_override:/usr/lib/python3/dist-packages/colcon_core/task/python/colcon_distutils_commands:/home/abhirup/slam_platform/install/sensor_adapter/lib/python3.12/site-packages:${PYTHONPATH} /usr/bin/python3 -W ignore:setup.py install is deprecated -W ignore:easy_install command is deprecated setup.py egg_info --egg-base ../../../build/sensor_adapter build --build-base /home/abhirup/slam_platform/build/sensor_adapter/build install --record /home/abhirup/slam_platform/build/sensor_adapter/install.log --single-version-externally-managed install_data
