[0.591s] Invoking command in '/home/abhirup/slam_platform/slam_ws/build/slam_interfaces': CMAKE_PREFIX_PATH=${CMAKE_PREFIX_PATH}:/home/abhirup/slam_platform/slam_ws/install/world_manager:/home/abhirup/slam_platform/slam_ws/install/tf_manager:/home/abhirup/slam_platform/slam_ws/install/sensor_adapter:/home/abhirup/slam_platform/slam_ws/install/ros_gz_bridge_manager:/home/abhirup/slam_platform/slam_ws/install/robot_bringup:/home/abhirup/slam_platform/slam_ws/install/groung_truth_provider:/home/abhirup/slam_platform/slam_ws/install/experiment_manager:/home/abhirup/slam_platform/slam_ws/install/evaluator_ros:/opt/ros/jazzy DEBUGINFOD_URLS=https://debuginfod.ubuntu.com /usr/bin/cmake /home/abhirup/slam_platform/slam_ws/src/slam_interfaces -DCMAKE_INSTALL_PREFIX=/home/abhirup/slam_platform/slam_ws/install/slam_interfaces
[0.719s] -- Found ament_cmake: 2.5.6 (/opt/ros/jazzy/share/ament_cmake/cmake)
[0.759s] -- Override CMake install command with custom implementation using symlinks instead of copying resources
[0.817s] -- Configuring done (0.2s)
[0.818s] -- Generating done (0.0s)
[0.818s] -- Build files have been written to: /home/abhirup/slam_platform/slam_ws/build/slam_interfaces
[0.846s] Invoked command in '/home/abhirup/slam_platform/slam_ws/build/slam_interfaces' returned '0': CMAKE_PREFIX_PATH=${CMAKE_PREFIX_PATH}:/home/abhirup/slam_platform/slam_ws/install/world_manager:/home/abhirup/slam_platform/slam_ws/install/tf_manager:/home/abhirup/slam_platform/slam_ws/install/sensor_adapter:/home/abhirup/slam_platform/slam_ws/install/ros_gz_bridge_manager:/home/abhirup/slam_platform/slam_ws/install/robot_bringup:/home/abhirup/slam_platform/slam_ws/install/groung_truth_provider:/home/abhirup/slam_platform/slam_ws/install/experiment_manager:/home/abhirup/slam_platform/slam_ws/install/evaluator_ros:/opt/ros/jazzy DEBUGINFOD_URLS=https://debuginfod.ubuntu.com /usr/bin/cmake /home/abhirup/slam_platform/slam_ws/src/slam_interfaces -DCMAKE_INSTALL_PREFIX=/home/abhirup/slam_platform/slam_ws/install/slam_interfaces
[0.847s] Invoking command in '/home/abhirup/slam_platform/slam_ws/build/slam_interfaces': CMAKE_PREFIX_PATH=${CMAKE_PREFIX_PATH}:/home/abhirup/slam_platform/slam_ws/install/world_manager:/home/abhirup/slam_platform/slam_ws/install/tf_manager:/home/abhirup/slam_platform/slam_ws/install/sensor_adapter:/home/abhirup/slam_platform/slam_ws/install/ros_gz_bridge_manager:/home/abhirup/slam_platform/slam_ws/install/robot_bringup:/home/abhirup/slam_platform/slam_ws/install/groung_truth_provider:/home/abhirup/slam_platform/slam_ws/install/experiment_manager:/home/abhirup/slam_platform/slam_ws/install/evaluator_ros:/opt/ros/jazzy DEBUGINFOD_URLS=https://debuginfod.ubuntu.com /usr/bin/cmake --build /home/abhirup/slam_platform/slam_ws/build/slam_interfaces -- -j28 -l28
[0.871s] Invoked command in '/home/abhirup/slam_platform/slam_ws/build/slam_interfaces' returned '0': CMAKE_PREFIX_PATH=${CMAKE_PREFIX_PATH}:/home/abhirup/slam_platform/slam_ws/install/world_manager:/home/abhirup/slam_platform/slam_ws/install/tf_manager:/home/abhirup/slam_platform/slam_ws/install/sensor_adapter:/home/abhirup/slam_platform/slam_ws/install/ros_gz_bridge_manager:/home/abhirup/slam_platform/slam_ws/install/robot_bringup:/home/abhirup/slam_platform/slam_ws/install/groung_truth_provider:/home/abhirup/slam_platform/slam_ws/install/experiment_manager:/home/abhirup/slam_platform/slam_ws/install/evaluator_ros:/opt/ros/jazzy DEBUGINFOD_URLS=https://debuginfod.ubuntu.com /usr/bin/cmake --build /home/abhirup/slam_platform/slam_ws/build/slam_interfaces -- -j28 -l28
[0.878s] Invoking command in '/home/abhirup/slam_platform/slam_ws/build/slam_interfaces': CMAKE_PREFIX_PATH=${CMAKE_PREFIX_PATH}:/home/abhirup/slam_platform/slam_ws/install/world_manager:/home/abhirup/slam_platform/slam_ws/install/tf_manager:/home/abhirup/slam_platform/slam_ws/install/sensor_adapter:/home/abhirup/slam_platform/slam_ws/install/ros_gz_bridge_manager:/home/abhirup/slam_platform/slam_ws/install/robot_bringup:/home/abhirup/slam_platform/slam_ws/install/groung_truth_provider:/home/abhirup/slam_platform/slam_ws/install/experiment_manager:/home/abhirup/slam_platform/slam_ws/install/evaluator_ros:/opt/ros/jazzy DEBUGINFOD_URLS=https://debuginfod.ubuntu.com /usr/bin/cmake --install /home/abhirup/slam_platform/slam_ws/build/slam_interfaces
[0.884s] -- Install configuration: ""
[0.885s] -- Execute custom install script
[0.885s] -- Up-to-date symlink: /home/abhirup/slam_platform/slam_ws/install/slam_interfaces/share/ament_index/resource_index/package_run_dependencies/slam_interfaces
[0.885s] -- Up-to-date symlink: /home/abhirup/slam_platform/slam_ws/install/slam_interfaces/share/ament_index/resource_index/parent_prefix_path/slam_interfaces
[0.885s] -- Up-to-date symlink: /home/abhirup/slam_platform/slam_ws/install/slam_interfaces/share/slam_interfaces/environment/ament_prefix_path.sh
[0.885s] -- Up-to-date symlink: /home/abhirup/slam_platform/slam_ws/install/slam_interfaces/share/slam_interfaces/environment/ament_prefix_path.dsv
[0.885s] -- Up-to-date symlink: /home/abhirup/slam_platform/slam_ws/install/slam_interfaces/share/slam_interfaces/environment/path.sh
[0.885s] -- Up-to-date symlink: /home/abhirup/slam_platform/slam_ws/install/slam_interfaces/share/slam_interfaces/environment/path.dsv
[0.885s] -- Up-to-date symlink: /home/abhirup/slam_platform/slam_ws/install/slam_interfaces/share/slam_interfaces/local_setup.bash
[0.885s] -- Up-to-date symlink: /home/abhirup/slam_platform/slam_ws/install/slam_interfaces/share/slam_interfaces/local_setup.sh
[0.885s] -- Up-to-date symlink: /home/abhirup/slam_platform/slam_ws/install/slam_interfaces/share/slam_interfaces/local_setup.zsh
[0.885s] -- Up-to-date symlink: /home/abhirup/slam_platform/slam_ws/install/slam_interfaces/share/slam_interfaces/local_setup.dsv
[0.885s] -- Symlinking: /home/abhirup/slam_platform/slam_ws/install/slam_interfaces/share/slam_interfaces/package.dsv
[0.891s] -- Up-to-date symlink: /home/abhirup/slam_platform/slam_ws/install/slam_interfaces/share/ament_index/resource_index/packages/slam_interfaces
[0.891s] -- Up-to-date symlink: /home/abhirup/slam_platform/slam_ws/install/slam_interfaces/share/slam_interfaces/cmake/slam_interfacesConfig.cmake
[0.892s] -- Up-to-date symlink: /home/abhirup/slam_platform/slam_ws/install/slam_interfaces/share/slam_interfaces/cmake/slam_interfacesConfig-version.cmake
[0.892s] -- Up-to-date symlink: /home/abhirup/slam_platform/slam_ws/install/slam_interfaces/share/slam_interfaces/package.xml
[0.892s] Invoked command in '/home/abhirup/slam_platform/slam_ws/build/slam_interfaces' returned '0': CMAKE_PREFIX_PATH=${CMAKE_PREFIX_PATH}:/home/abhirup/slam_platform/slam_ws/install/world_manager:/home/abhirup/slam_platform/slam_ws/install/tf_manager:/home/abhirup/slam_platform/slam_ws/install/sensor_adapter:/home/abhirup/slam_platform/slam_ws/install/ros_gz_bridge_manager:/home/abhirup/slam_platform/slam_ws/install/robot_bringup:/home/abhirup/slam_platform/slam_ws/install/groung_truth_provider:/home/abhirup/slam_platform/slam_ws/install/experiment_manager:/home/abhirup/slam_platform/slam_ws/install/evaluator_ros:/opt/ros/jazzy DEBUGINFOD_URLS=https://debuginfod.ubuntu.com /usr/bin/cmake --install /home/abhirup/slam_platform/slam_ws/build/slam_interfaces
