[1.058s] Invoking command in '/home/abhirup/slam_platform/slam_ws/build/robot_bringup': DEBUGINFOD_URLS=https://debuginfod.ubuntu.com PYTHONPATH=/home/abhirup/slam_platform/slam_ws/build/robot_bringup/prefix_override:/usr/lib/python3/dist-packages/colcon_core/task/python/colcon_distutils_commands:/home/abhirup/slam_platform/slam_ws/install/robot_bringup/lib/python3.12/site-packages:${PYTHONPATH} /usr/bin/python3 -W ignore:setup.py install is deprecated -W ignore:easy_install command is deprecated setup.py develop --uninstall --editable --build-directory /home/abhirup/slam_platform/slam_ws/build/robot_bringup/build
[1.290s] running develop
[1.432s] Removing /home/abhirup/slam_platform/slam_ws/install/robot_bringup/lib/python3.12/site-packages/robot-bringup.egg-link (link to .)
[1.454s] Invoked command in '/home/abhirup/slam_platform/slam_ws/build/robot_bringup' returned '0': DEBUGINFOD_URLS=https://debuginfod.ubuntu.com PYTHONPATH=/home/abhirup/slam_platform/slam_ws/build/robot_bringup/prefix_override:/usr/lib/python3/dist-packages/colcon_core/task/python/colcon_distutils_commands:/home/abhirup/slam_platform/slam_ws/install/robot_bringup/lib/python3.12/site-packages:${PYTHONPATH} /usr/bin/python3 -W ignore:setup.py install is deprecated -W ignore:easy_install command is deprecated setup.py develop --uninstall --editable --build-directory /home/abhirup/slam_platform/slam_ws/build/robot_bringup/build
[1.455s] Invoking command in '/home/abhirup/slam_platform/slam_ws/src/robot_bringup': DEBUGINFOD_URLS=https://debuginfod.ubuntu.com PYTHONPATH=/home/abhirup/slam_platform/slam_ws/build/robot_bringup/prefix_override:/usr/lib/python3/dist-packages/colcon_core/task/python/colcon_distutils_commands:/home/abhirup/slam_platform/slam_ws/install/robot_bringup/lib/python3.12/site-packages:${PYTHONPATH} /usr/bin/python3 -W ignore:setup.py install is deprecated -W ignore:easy_install command is deprecated setup.py egg_info --egg-base ../../build/robot_bringup build --build-base /home/abhirup/slam_platform/slam_ws/build/robot_bringup/build install --record /home/abhirup/slam_platform/slam_ws/build/robot_bringup/install.log --single-version-externally-managed install_data --force
[1.587s] running egg_info
[1.593s] writing ../../build/robot_bringup/robot_bringup.egg-info/PKG-INFO
[1.594s] writing dependency_links to ../../build/robot_bringup/robot_bringup.egg-info/dependency_links.txt
[1.594s] writing requirements to ../../build/robot_bringup/robot_bringup.egg-info/requires.txt
[1.594s] writing top-level names to ../../build/robot_bringup/robot_bringup.egg-info/top_level.txt
[1.607s] reading manifest file '../../build/robot_bringup/robot_bringup.egg-info/SOURCES.txt'
[1.607s] writing manifest file '../../build/robot_bringup/robot_bringup.egg-info/SOURCES.txt'
[1.608s] running build
[1.608s] running build_py
[1.608s] running install
[1.611s] running install_lib
[1.618s] creating /home/abhirup/slam_platform/slam_ws/install/robot_bringup/lib/python3.12/site-packages/robot_bringup
[1.618s] copying /home/abhirup/slam_platform/slam_ws/build/robot_bringup/build/lib/robot_bringup/__init__.py -> /home/abhirup/slam_platform/slam_ws/install/robot_bringup/lib/python3.12/site-packages/robot_bringup
[1.618s] byte-compiling /home/abhirup/slam_platform/slam_ws/install/robot_bringup/lib/python3.12/site-packages/robot_bringup/__init__.py to __init__.cpython-312.pyc
[1.618s] running install_data
[1.618s] copying resource/robot_bringup -> /home/abhirup/slam_platform/slam_ws/install/robot_bringup/share/ament_index/resource_index/packages
[1.618s] copying package.xml -> /home/abhirup/slam_platform/slam_ws/install/robot_bringup/share/robot_bringup
[1.618s] copying launch/display_robot.launch.py -> /home/abhirup/slam_platform/slam_ws/install/robot_bringup/share/robot_bringup
[1.618s] copying launch/spawn_robot_gz.launch.py -> /home/abhirup/slam_platform/slam_ws/install/robot_bringup/share/robot_bringup
[1.618s] running install_egg_info
[1.626s] Copying ../../build/robot_bringup/robot_bringup.egg-info to /home/abhirup/slam_platform/slam_ws/install/robot_bringup/lib/python3.12/site-packages/robot_bringup-0.0.0-py3.12.egg-info
[1.626s] running install_scripts
[1.677s] writing list of installed files to '/home/abhirup/slam_platform/slam_ws/build/robot_bringup/install.log'
[1.690s] Invoked command in '/home/abhirup/slam_platform/slam_ws/src/robot_bringup' returned '0': DEBUGINFOD_URLS=https://debuginfod.ubuntu.com PYTHONPATH=/home/abhirup/slam_platform/slam_ws/build/robot_bringup/prefix_override:/usr/lib/python3/dist-packages/colcon_core/task/python/colcon_distutils_commands:/home/abhirup/slam_platform/slam_ws/install/robot_bringup/lib/python3.12/site-packages:${PYTHONPATH} /usr/bin/python3 -W ignore:setup.py install is deprecated -W ignore:easy_install command is deprecated setup.py egg_info --egg-base ../../build/robot_bringup build --build-base /home/abhirup/slam_platform/slam_ws/build/robot_bringup/build install --record /home/abhirup/slam_platform/slam_ws/build/robot_bringup/install.log --single-version-externally-managed install_data --force
